
> masterkeylabsv2.0@0.1.0 build
> next build

Γû▓ Next.js 16.1.6 (Turbopack)
- Environments: .env.local

  Creating an optimized production build ...
node.exe : 
At line:1 char:1
+ & "C:\Program Files\nodejs/node.exe" 
"C:\Program Files\nodejs/node_mo ...
+ ~~~~~~~~~~~~~~~~~~~~~~~~~~~~~~~~~~~~~~~~~~~~~
~~~~~~~~~~~~~~~~~~~~~~~~
    + CategoryInfo          : NotSpecified: (: 
   String) [], RemoteException
    + FullyQualifiedErrorId : NativeCommandErr 
   or
 
> Build error occurred
Error: Turbopack build failed with 2 errors:
./src/app/dashboard/page.tsx:6:1
Module not found: Can't resolve 
'@/components/tx/AIConsultantFAB'
[0m [90m 4 |[39m [36mimport[39m { 
[33mAssetCard[39m } [36mfrom[39m [32m'@/co
mponents/tx/AssetCard'[39m[33m;[39m
 [90m 5 |[39m [36mimport[39m { 
[33mExtinctionTimer[39m } [36mfrom[39m [32
m'@/components/tx/ExtinctionTimer'[39m[33m;[
39m
[31m[1m>[22m[39m[90m 6 |[39m 
[36mimport[39m { [33mAIConsultantFAB[39m } 
[36mfrom[39m [32m'@/components/tx/AIConsulta
ntFAB'[39m[33m;[39m
 [90m   |[39m [31m[1m^[22m[39m[31m[1m^
[22m[39m[31m[1m^[22m[39m[31m[1m^[22m[3
9m[31m[1m^[22m[39m[31m[1m^[22m[39m[31m
[1m^[22m[39m[31m[1m^[22m[39m[31m[1m^[
22m[39m[31m[1m^[22m[39m[31m[1m^[22m[39
m[31m[1m^[22m[39m[31m[1m^[22m[39m[31m
[1m^[22m[39m[31m[1m^[22m[39m[31m[1m^[2
2m[39m[31m[1m^[22m[39m[31m[1m^[22m[39m
[31m[1m^[22m[39m[31m[1m^[22m[39m[31m[
1m^[22m[39m[31m[1m^[22m[39m[31m[1m^[22
m[39m[31m[1m^[22m[39m[31m[1m^[22m[39m
[31m[1m^[22m[39m[31m[1m^[22m[39m[31m[1
m^[22m[39m[31m[1m^[22m[39m[31m[1m^[22m
[39m[31m[1m^[22m[39m[31m[1m^[22m[39m[
31m[1m^[22m[39m[31m[1m^[22m[39m[31m[1m
^[22m[39m[31m[1m^[22m[39m[31m[1m^[22m
[39m[31m[1m^[22m[39m[31m[1m^[22m[39m[3
1m[1m^[22m[39m[31m[1m^[22m[39m[31m[1m^
[22m[39m[31m[1m^[22m[39m[31m[1m^[22m[
39m[31m[1m^[22m[39m[31m[1m^[22m[39m[31
m[1m^[22m[39m[31m[1m^[22m[39m[31m[1m^
[22m[39m[31m[1m^[22m[39m[31m[1m^[22m[3
9m[31m[1m^[22m[39m[31m[1m^[22m[39m[31m
[1m^[22m[39m[31m[1m^[22m[39m[31m[1m^[
22m[39m[31m[1m^[22m[39m[31m[1m^[22m[39
m[31m[1m^[22m[39m[31m[1m^[22m[39m[31m
[1m^[22m[39m[31m[1m^[22m[39m[31m[1m^[2
2m[39m[31m[1m^[22m[39m[31m[1m^[22m[39m
[31m[1m^[22m[39m
 [90m 7 |[39m
 [90m 8 |[39m [36mexport[39m 
[36mdefault[39m [36mfunction[39m 
[33mDashboardLayoutV2[39m() {
 [90m 9 |[39m     [36mconst[39m 
businessName [33m=[39m [32m"Masterkey 
User"[39m[33m;[39m [90m// Standard 
fallback[39m[0m

Import map: aliased to relative 
'./src/components/tx/AIConsultantFAB' inside 
of [project]/


https://nextjs.org/docs/messages/module-not-fou
nd


./src/app/dashboard/page.tsx:5:1
Module not found: Can't resolve 
'@/components/tx/ExtinctionTimer'
[0m [90m 3 |[39m [36mimport[39m { 
[33mHealthMeter[39m } [36mfrom[39m [32m'@/
components/tx/HealthMeter'[39m[33m;[39m
 [90m 4 |[39m [36mimport[39m { 
[33mAssetCard[39m } [36mfrom[39m [32m'@/co
mponents/tx/AssetCard'[39m[33m;[39m
[31m[1m>[22m[39m[90m 5 |[39m 
[36mimport[39m { [33mExtinctionTimer[39m } 
[36mfrom[39m [32m'@/components/tx/Extinction
Timer'[39m[33m;[39m
 [90m   |[39m [31m[1m^[22m[39m[31m[1m^
[22m[39m[31m[1m^[22m[39m[31m[1m^[22m[3
9m[31m[1m^[22m[39m[31m[1m^[22m[39m[31m
[1m^[22m[39m[31m[1m^[22m[39m[31m[1m^[
22m[39m[31m[1m^[22m[39m[31m[1m^[22m[39
m[31m[1m^[22m[39m[31m[1m^[22m[39m[31m
[1m^[22m[39m[31m[1m^[22m[39m[31m[1m^[2
2m[39m[31m[1m^[22m[39m[31m[1m^[22m[39m
[31m[1m^[22m[39m[31m[1m^[22m[39m[31m[
1m^[22m[39m[31m[1m^[22m[39m[31m[1m^[22
m[39m[31m[1m^[22m[39m[31m[1m^[22m[39m
[31m[1m^[22m[39m[31m[1m^[22m[39m[31m[1
m^[22m[39m[31m[1m^[22m[39m[31m[1m^[22m
[39m[31m[1m^[22m[39m[31m[1m^[22m[39m[
31m[1m^[22m[39m[31m[1m^[22m[39m[31m[1m
^[22m[39m[31m[1m^[22m[39m[31m[1m^[22m
[39m[31m[1m^[22m[39m[31m[1m^[22m[39m[3
1m[1m^[22m[39m[31m[1m^[22m[39m[31m[1m^
[22m[39m[31m[1m^[22m[39m[31m[1m^[22m[
39m[31m[1m^[22m[39m[31m[1m^[22m[39m[31
m[1m^[22m[39m[31m[1m^[22m[39m[31m[1m^
[22m[39m[31m[1m^[22m[39m[31m[1m^[22m[3
9m[31m[1m^[22m[39m[31m[1m^[22m[39m[31m
[1m^[22m[39m[31m[1m^[22m[39m[31m[1m^[
22m[39m[31m[1m^[22m[39m[31m[1m^[22m[39
m[31m[1m^[22m[39m[31m[1m^[22m[39m[31m
[1m^[22m[39m[31m[1m^[22m[39m[31m[1m^[2
2m[39m[31m[1m^[22m[39m[31m[1m^[22m[39m
[31m[1m^[22m[39m
 [90m 6 |[39m [36mimport[39m { 
[33mAIConsultantFAB[39m } [36mfrom[39m [32
m'@/components/tx/AIConsultantFAB'[39m[33m;[
39m
 [90m 7 |[39m
 [90m 8 |[39m [36mexport[39m 
[36mdefault[39m [36mfunction[39m 
[33mDashboardLayoutV2[39m() {[0m

Import map: aliased to relative 
'./src/components/tx/ExtinctionTimer' inside 
of [project]/


https://nextjs.org/docs/messages/module-not-fou
nd


    at <unknown> 
(./src/app/dashboard/page.tsx:6:1)
    at <unknown> (https://nextjs.org/docs/messa
ges/module-not-found)
    at <unknown> 
(./src/app/dashboard/page.tsx:5:1)
    at <unknown> (https://nextjs.org/docs/messa
ges/module-not-found)
