
> masterkeylabsv2.0@0.1.0 build
> next build

Γû▓ Next.js 16.1.6 (Turbopack)
- Environments: .env.local

  Creating an optimized production build ...
node.exe : 
At line:1 char:1
+ & "C:\Program Files\nodejs/node.exe" 
"C:\Program Files\nodejs/node_mo ...
+ ~~~~~~~~~~~~~~~~~~~~~~~~~~~~~~~~~~~~~~~~~~~~~
~~~~~~~~~~~~~~~~~~~~~~~~
    + CategoryInfo          : NotSpecified: (: 
   String) [], RemoteException
    + FullyQualifiedErrorId : NativeCommandErr 
   or
 
> Build error occurred
Error: Turbopack build failed with 57 errors:
./src/app/dashboard/export/page.js:6:1
Module not found: Can't resolve 
'@/components/FeatureLayout'
[0m [90m 4 |[39m [36mimport[39m { 
useState[33m,[39m useEffect } [36mfrom[39m 
[32m'react'[39m[33m;[39m
 [90m 5 |[39m [36mimport[39m { 
useSearchParams } [36mfrom[39m 
[32m'next/navigation'[39m[33m;[39m
[31m[1m>[22m[39m[90m 6 |[39m 
[36mimport[39m [33mFeatureLayout[39m 
[36mfrom[39m [32m'@/components/FeatureLayout
'[39m[33m;[39m
 [90m   |[39m [31m[1m^[22m[39m[31m[1m^
[22m[39m[31m[1m^[22m[39m[31m[1m^[22m[3
9m[31m[1m^[22m[39m[31m[1m^[22m[39m[31m
[1m^[22m[39m[31m[1m^[22m[39m[31m[1m^[
22m[39m[31m[1m^[22m[39m[31m[1m^[22m[39
m[31m[1m^[22m[39m[31m[1m^[22m[39m[31m
[1m^[22m[39m[31m[1m^[22m[39m[31m[1m^[2
2m[39m[31m[1m^[22m[39m[31m[1m^[22m[39m
[31m[1m^[22m[39m[31m[1m^[22m[39m[31m[
1m^[22m[39m[31m[1m^[22m[39m[31m[1m^[22
m[39m[31m[1m^[22m[39m[31m[1m^[22m[39m
[31m[1m^[22m[39m[31m[1m^[22m[39m[31m[1
m^[22m[39m[31m[1m^[22m[39m[31m[1m^[22m
[39m[31m[1m^[22m[39m[31m[1m^[22m[39m[
31m[1m^[22m[39m[31m[1m^[22m[39m[31m[1m
^[22m[39m[31m[1m^[22m[39m[31m[1m^[22m
[39m[31m[1m^[22m[39m[31m[1m^[22m[39m[3
1m[1m^[22m[39m[31m[1m^[22m[39m[31m[1m^
[22m[39m[31m[1m^[22m[39m[31m[1m^[22m[
39m[31m[1m^[22m[39m[31m[1m^[22m[39m[31
m[1m^[22m[39m[31m[1m^[22m[39m[31m[1m^
[22m[39m[31m[1m^[22m[39m[31m[1m^[22m[3
9m[31m[1m^[22m[39m[31m[1m^[22m[39m[31m
[1m^[22m[39m[31m[1m^[22m[39m
 [90m 7 |[39m [36mimport[39m { 
calculateExportOpportunity[33m,[39m 
[33mEXPORT_CATEGORIES[39m[33m,[39m 
formatINR[33m,[39m formatINRFull } 
[36mfrom[39m 
[32m'@/lib/calculations'[39m[33m;[39m
 [90m 8 |[39m [36mimport[39m { supabase } 
[36mfrom[39m 
[32m'@/lib/supabaseClient'[39m[33m;[39m
 [90m 9 |[39m [36mimport[39m { useAuth } 
[36mfrom[39m 
[32m'@/lib/AuthContext'[39m[33m;[39m[0m



Import traces:
  Client Component Browser:
    ./src/app/dashboard/export/page.js [Client 
Component Browser]
    ./src/app/dashboard/export/page.js [Server 
Component]

  Client Component SSR:
    ./src/app/dashboard/export/page.js [Client 
Component SSR]
    ./src/app/dashboard/export/page.js [Server 
Component]

https://nextjs.org/docs/messages/module-not-fou
nd


./src/app/dashboard/export/page.js:4:1
Module not found: Can't resolve 
'@/components/FeatureLayout'
[0m [90m 2 |[39m [36mimport[39m { 
useState[33m,[39m useEffect } [36mfrom[39m 
[32m'react'[39m[33m;[39m
 [90m 3 |[39m [36mimport[39m { 
useSearchParams } [36mfrom[39m 
[32m'next/navigation'[39m[33m;[39m
[31m[1m>[22m[39m[90m 4 |[39m 
[36mimport[39m [33mFeatureLayout[39m 
[36mfrom[39m [32m'@/components/FeatureLayout
'[39m[33m;[39m
 [90m   |[39m [31m[1m^[22m[39m[31m[1m^
[22m[39m[31m[1m^[22m[39m[31m[1m^[22m[3
9m[31m[1m^[22m[39m[31m[1m^[22m[39m[31m
[1m^[22m[39m[31m[1m^[22m[39m[31m[1m^[
22m[39m[31m[1m^[22m[39m[31m[1m^[22m[39
m[31m[1m^[22m[39m[31m[1m^[22m[39m[31m
[1m^[22m[39m[31m[1m^[22m[39m[31m[1m^[2
2m[39m[31m[1m^[22m[39m[31m[1m^[22m[39m
[31m[1m^[22m[39m[31m[1m^[22m[39m[31m[
1m^[22m[39m[31m[1m^[22m[39m[31m[1m^[22
m[39m[31m[1m^[22m[39m[31m[1m^[22m[39m
[31m[1m^[22m[39m[31m[1m^[22m[39m[31m[1
m^[22m[39m[31m[1m^[22m[39m[31m[1m^[22m
[39m[31m[1m^[22m[39m[31m[1m^[22m[39m[
31m[1m^[22m[39m[31m[1m^[22m[39m[31m[1m
^[22m[39m[31m[1m^[22m[39m[31m[1m^[22m
[39m[31m[1m^[22m[39m[31m[1m^[22m[39m[3
1m[1m^[22m[39m[31m[1m^[22m[39m[31m[1m^
[22m[39m[31m[1m^[22m[39m[31m[1m^[22m[
39m[31m[1m^[22m[39m[31m[1m^[22m[39m[31
m[1m^[22m[39m[31m[1m^[22m[39m[31m[1m^
[22m[39m[31m[1m^[22m[39m[31m[1m^[22m[3
9m[31m[1m^[22m[39m[31m[1m^[22m[39m[31m
[1m^[22m[39m[31m[1m^[22m[39m
 [90m 5 |[39m [36mimport[39m { 
calculateExportOpportunity[33m,[39m 
[33mEXPORT_CATEGORIES[39m[33m,[39m 
formatINR[33m,[39m formatINRFull } 
[36mfrom[39m 
[32m'@/lib/calculations'[39m[33m;[39m
 [90m 6 |[39m [36mimport[39m { supabase } 
[36mfrom[39m 
[32m'@/lib/supabaseClient'[39m[33m;[39m
 [90m 7 |[39m [36mimport[39m { useAuth } 
[36mfrom[39m 
[32m'@/lib/AuthContext'[39m[33m;[39m[0m



Import traces:
  Client Component Browser:
    ./src/app/dashboard/export/page.js [Client 
Component Browser]
    ./src/app/dashboard/export/page.js [Server 
Component]

  Client Component SSR:
    ./src/app/dashboard/export/page.js [Client 
Component SSR]
    ./src/app/dashboard/export/page.js [Server 
Component]

https://nextjs.org/docs/messages/module-not-fou
nd


./src/app/dashboard/loss-audit/page.js:6:1
Module not found: Can't resolve 
'@/components/FeatureLayout'
[0m [90m 4 |[39m [36mimport[39m { 
useState[33m,[39m useEffect } [36mfrom[39m 
[32m'react'[39m[33m;[39m
 [90m 5 |[39m [36mimport[39m { 
useSearchParams } [36mfrom[39m 
[32m'next/navigation'[39m[33m;[39m
[31m[1m>[22m[39m[90m 6 |[39m 
[36mimport[39m [33mFeatureLayout[39m 
[36mfrom[39m [32m'@/components/FeatureLayout
'[39m[33m;[39m
 [90m   |[39m [31m[1m^[22m[39m[31m[1m^
[22m[39m[31m[1m^[22m[39m[31m[1m^[22m[3
9m[31m[1m^[22m[39m[31m[1m^[22m[39m[31m
[1m^[22m[39m[31m[1m^[22m[39m[31m[1m^[
22m[39m[31m[1m^[22m[39m[31m[1m^[22m[39
m[31m[1m^[22m[39m[31m[1m^[22m[39m[31m
[1m^[22m[39m[31m[1m^[22m[39m[31m[1m^[2
2m[39m[31m[1m^[22m[39m[31m[1m^[22m[39m
[31m[1m^[22m[39m[31m[1m^[22m[39m[31m[
1m^[22m[39m[31m[1m^[22m[39m[31m[1m^[22
m[39m[31m[1m^[22m[39m[31m[1m^[22m[39m
[31m[1m^[22m[39m[31m[1m^[22m[39m[31m[1
m^[22m[39m[31m[1m^[22m[39m[31m[1m^[22m
[39m[31m[1m^[22m[39m[31m[1m^[22m[39m[
31m[1m^[22m[39m[31m[1m^[22m[39m[31m[1m
^[22m[39m[31m[1m^[22m[39m[31m[1m^[22m
[39m[31m[1m^[22m[39m[31m[1m^[22m[39m[3
1m[1m^[22m[39m[31m[1m^[22m[39m[31m[1m^
[22m[39m[31m[1m^[22m[39m[31m[1m^[22m[
39m[31m[1m^[22m[39m[31m[1m^[22m[39m[31
m[1m^[22m[39m[31m[1m^[22m[39m[31m[1m^
[22m[39m[31m[1m^[22m[39m[31m[1m^[22m[3
9m[31m[1m^[22m[39m[31m[1m^[22m[39m[31m
[1m^[22m[39m[31m[1m^[22m[39m
 [90m 7 |[39m [36mimport[39m { 
calculateLossAudit[33m,[39m 
formatINR[33m,[39m formatINRFull } 
[36mfrom[39m 
[32m'@/lib/calculations'[39m[33m;[39m
 [90m 8 |[39m [36mimport[39m { supabase } 
[36mfrom[39m 
[32m'@/lib/supabaseClient'[39m[33m;[39m
 [90m 9 |[39m [36mimport[39m { useAuth } 
[36mfrom[39m 
[32m'@/lib/AuthContext'[39m[33m;[39m[0m



Import traces:
  Client Component Browser:
    ./src/app/dashboard/loss-audit/page.js 
[Client Component Browser]
    ./src/app/dashboard/loss-audit/page.js 
[Server Component]

  Client Component SSR:
    ./src/app/dashboard/loss-audit/page.js 
[Client Component SSR]
    ./src/app/dashboard/loss-audit/page.js 
[Server Component]

https://nextjs.org/docs/messages/module-not-fou
nd


./src/app/dashboard/loss-audit/page.js:4:1
Module not found: Can't resolve 
'@/components/FeatureLayout'
[0m [90m 2 |[39m [36mimport[39m { 
useState[33m,[39m useEffect } [36mfrom[39m 
[32m'react'[39m[33m;[39m
 [90m 3 |[39m [36mimport[39m { 
useSearchParams } [36mfrom[39m 
[32m'next/navigation'[39m[33m;[39m
[31m[1m>[22m[39m[90m 4 |[39m 
[36mimport[39m [33mFeatureLayout[39m 
[36mfrom[39m [32m'@/components/FeatureLayout
'[39m[33m;[39m
 [90m   |[39m [31m[1m^[22m[39m[31m[1m^
[22m[39m[31m[1m^[22m[39m[31m[1m^[22m[3
9m[31m[1m^[22m[39m[31m[1m^[22m[39m[31m
[1m^[22m[39m[31m[1m^[22m[39m[31m[1m^[
22m[39m[31m[1m^[22m[39m[31m[1m^[22m[39
m[31m[1m^[22m[39m[31m[1m^[22m[39m[31m
[1m^[22m[39m[31m[1m^[22m[39m[31m[1m^[2
2m[39m[31m[1m^[22m[39m[31m[1m^[22m[39m
[31m[1m^[22m[39m[31m[1m^[22m[39m[31m[
1m^[22m[39m[31m[1m^[22m[39m[31m[1m^[22
m[39m[31m[1m^[22m[39m[31m[1m^[22m[39m
[31m[1m^[22m[39m[31m[1m^[22m[39m[31m[1
m^[22m[39m[31m[1m^[22m[39m[31m[1m^[22m
[39m[31m[1m^[22m[39m[31m[1m^[22m[39m[
31m[1m^[22m[39m[31m[1m^[22m[39m[31m[1m
^[22m[39m[31m[1m^[22m[39m[31m[1m^[22m
[39m[31m[1m^[22m[39m[31m[1m^[22m[39m[3
1m[1m^[22m[39m[31m[1m^[22m[39m[31m[1m^
[22m[39m[31m[1m^[22m[39m[31m[1m^[22m[
39m[31m[1m^[22m[39m[31m[1m^[22m[39m[31
m[1m^[22m[39m[31m[1m^[22m[39m[31m[1m^
[22m[39m[31m[1m^[22m[39m[31m[1m^[22m[3
9m[31m[1m^[22m[39m[31m[1m^[22m[39m[31m
[1m^[22m[39m[31m[1m^[22m[39m
 [90m 5 |[39m [36mimport[39m { 
calculateLossAudit[33m,[39m 
formatINR[33m,[39m formatINRFull } 
[36mfrom[39m 
[32m'@/lib/calculations'[39m[33m;[39m
 [90m 6 |[39m [36mimport[39m { supabase } 
[36mfrom[39m 
[32m'@/lib/supabaseClient'[39m[33m;[39m
 [90m 7 |[39m [36mimport[39m { useAuth } 
[36mfrom[39m 
[32m'@/lib/AuthContext'[39m[33m;[39m[0m



Import traces:
  Client Component Browser:
    ./src/app/dashboard/loss-audit/page.js 
[Client Component Browser]
    ./src/app/dashboard/loss-audit/page.js 
[Server Component]

  Client Component SSR:
    ./src/app/dashboard/loss-audit/page.js 
[Client Component SSR]
    ./src/app/dashboard/loss-audit/page.js 
[Server Component]

https://nextjs.org/docs/messages/module-not-fou
nd


./src/app/dashboard/night-loss/page.js:6:1
Module not found: Can't resolve 
'@/components/FeatureLayout'
[0m [90m 4 |[39m [36mimport[39m { 
useState[33m,[39m useEffect } [36mfrom[39m 
[32m'react'[39m[33m;[39m
 [90m 5 |[39m [36mimport[39m { 
useSearchParams } [36mfrom[39m 
[32m'next/navigation'[39m[33m;[39m
[31m[1m>[22m[39m[90m 6 |[39m 
[36mimport[39m [33mFeatureLayout[39m 
[36mfrom[39m [32m'@/components/FeatureLayout
'[39m[33m;[39m
 [90m   |[39m [31m[1m^[22m[39m[31m[1m^
[22m[39m[31m[1m^[22m[39m[31m[1m^[22m[3
9m[31m[1m^[22m[39m[31m[1m^[22m[39m[31m
[1m^[22m[39m[31m[1m^[22m[39m[31m[1m^[
22m[39m[31m[1m^[22m[39m[31m[1m^[22m[39
m[31m[1m^[22m[39m[31m[1m^[22m[39m[31m
[1m^[22m[39m[31m[1m^[22m[39m[31m[1m^[2
2m[39m[31m[1m^[22m[39m[31m[1m^[22m[39m
[31m[1m^[22m[39m[31m[1m^[22m[39m[31m[
1m^[22m[39m[31m[1m^[22m[39m[31m[1m^[22
m[39m[31m[1m^[22m[39m[31m[1m^[22m[39m
[31m[1m^[22m[39m[31m[1m^[22m[39m[31m[1
m^[22m[39m[31m[1m^[22m[39m[31m[1m^[22m
[39m[31m[1m^[22m[39m[31m[1m^[22m[39m[
31m[1m^[22m[39m[31m[1m^[22m[39m[31m[1m
^[22m[39m[31m[1m^[22m[39m[31m[1m^[22m
[39m[31m[1m^[22m[39m[31m[1m^[22m[39m[3
1m[1m^[22m[39m[31m[1m^[22m[39m[31m[1m^
[22m[39m[31m[1m^[22m[39m[31m[1m^[22m[
39m[31m[1m^[22m[39m[31m[1m^[22m[39m[31
m[1m^[22m[39m[31m[1m^[22m[39m[31m[1m^
[22m[39m[31m[1m^[22m[39m[31m[1m^[22m[3
9m[31m[1m^[22m[39m[31m[1m^[22m[39m[31m
[1m^[22m[39m[31m[1m^[22m[39m
 [90m 7 |[39m [36mimport[39m { 
calculateNightLoss[33m,[39m 
formatINR[33m,[39m formatINRFull } 
[36mfrom[39m 
[32m'@/lib/calculations'[39m[33m;[39m
 [90m 8 |[39m [36mimport[39m { supabase } 
[36mfrom[39m 
[32m'@/lib/supabaseClient'[39m[33m;[39m
 [90m 9 |[39m [36mimport[39m { useAuth } 
[36mfrom[39m 
[32m'@/lib/AuthContext'[39m[33m;[39m[0m



Import traces:
  Client Component Browser:
    ./src/app/dashboard/night-loss/page.js 
[Client Component Browser]
    ./src/app/dashboard/night-loss/page.js 
[Server Component]

  Client Component SSR:
    ./src/app/dashboard/night-loss/page.js 
[Client Component SSR]
    ./src/app/dashboard/night-loss/page.js 
[Server Component]

https://nextjs.org/docs/messages/module-not-fou
nd


./src/app/dashboard/night-loss/page.js:4:1
Module not found: Can't resolve 
'@/components/FeatureLayout'
[0m [90m 2 |[39m [36mimport[39m { 
useState[33m,[39m useEffect } [36mfrom[39m 
[32m'react'[39m[33m;[39m
 [90m 3 |[39m [36mimport[39m { 
useSearchParams } [36mfrom[39m 
[32m'next/navigation'[39m[33m;[39m
[31m[1m>[22m[39m[90m 4 |[39m 
[36mimport[39m [33mFeatureLayout[39m 
[36mfrom[39m [32m'@/components/FeatureLayout
'[39m[33m;[39m
 [90m   |[39m [31m[1m^[22m[39m[31m[1m^
[22m[39m[31m[1m^[22m[39m[31m[1m^[22m[3
9m[31m[1m^[22m[39m[31m[1m^[22m[39m[31m
[1m^[22m[39m[31m[1m^[22m[39m[31m[1m^[
22m[39m[31m[1m^[22m[39m[31m[1m^[22m[39
m[31m[1m^[22m[39m[31m[1m^[22m[39m[31m
[1m^[22m[39m[31m[1m^[22m[39m[31m[1m^[2
2m[39m[31m[1m^[22m[39m[31m[1m^[22m[39m
[31m[1m^[22m[39m[31m[1m^[22m[39m[31m[
1m^[22m[39m[31m[1m^[22m[39m[31m[1m^[22
m[39m[31m[1m^[22m[39m[31m[1m^[22m[39m
[31m[1m^[22m[39m[31m[1m^[22m[39m[31m[1
m^[22m[39m[31m[1m^[22m[39m[31m[1m^[22m
[39m[31m[1m^[22m[39m[31m[1m^[22m[39m[
31m[1m^[22m[39m[31m[1m^[22m[39m[31m[1m
^[22m[39m[31m[1m^[22m[39m[31m[1m^[22m
[39m[31m[1m^[22m[39m[31m[1m^[22m[39m[3
1m[1m^[22m[39m[31m[1m^[22m[39m[31m[1m^
[22m[39m[31m[1m^[22m[39m[31m[1m^[22m[
39m[31m[1m^[22m[39m[31m[1m^[22m[39m[31
m[1m^[22m[39m[31m[1m^[22m[39m[31m[1m^
[22m[39m[31m[1m^[22m[39m[31m[1m^[22m[3
9m[31m[1m^[22m[39m[31m[1m^[22m[39m[31m
[1m^[22m[39m[31m[1m^[22m[39m
 [90m 5 |[39m [36mimport[39m { 
calculateNightLoss[33m,[39m 
formatINR[33m,[39m formatINRFull } 
[36mfrom[39m 
[32m'@/lib/calculations'[39m[33m;[39m
 [90m 6 |[39m [36mimport[39m { supabase } 
[36mfrom[39m 
[32m'@/lib/supabaseClient'[39m[33m;[39m
 [90m 7 |[39m [36mimport[39m { useAuth } 
[36mfrom[39m 
[32m'@/lib/AuthContext'[39m[33m;[39m[0m



Import traces:
  Client Component Browser:
    ./src/app/dashboard/night-loss/page.js 
[Client Component Browser]
    ./src/app/dashboard/night-loss/page.js 
[Server Component]

  Client Component SSR:
    ./src/app/dashboard/night-loss/page.js 
[Client Component SSR]
    ./src/app/dashboard/night-loss/page.js 
[Server Component]

https://nextjs.org/docs/messages/module-not-fou
nd


./src/app/dashboard/visibility/page.js:6:1
Module not found: Can't resolve 
'@/components/FeatureLayout'
[0m [90m 4 |[39m [36mimport[39m { 
useState[33m,[39m useEffect } [36mfrom[39m 
[32m'react'[39m[33m;[39m
 [90m 5 |[39m [36mimport[39m { 
useSearchParams } [36mfrom[39m 
[32m'next/navigation'[39m[33m;[39m
[31m[1m>[22m[39m[90m 6 |[39m 
[36mimport[39m [33mFeatureLayout[39m 
[36mfrom[39m [32m'@/components/FeatureLayout
'[39m[33m;[39m
 [90m   |[39m [31m[1m^[22m[39m[31m[1m^
[22m[39m[31m[1m^[22m[39m[31m[1m^[22m[3
9m[31m[1m^[22m[39m[31m[1m^[22m[39m[31m
[1m^[22m[39m[31m[1m^[22m[39m[31m[1m^[
22m[39m[31m[1m^[22m[39m[31m[1m^[22m[39
m[31m[1m^[22m[39m[31m[1m^[22m[39m[31m
[1m^[22m[39m[31m[1m^[22m[39m[31m[1m^[2
2m[39m[31m[1m^[22m[39m[31m[1m^[22m[39m
[31m[1m^[22m[39m[31m[1m^[22m[39m[31m[
1m^[22m[39m[31m[1m^[22m[39m[31m[1m^[22
m[39m[31m[1m^[22m[39m[31m[1m^[22m[39m
[31m[1m^[22m[39m[31m[1m^[22m[39m[31m[1
m^[22m[39m[31m[1m^[22m[39m[31m[1m^[22m
[39m[31m[1m^[22m[39m[31m[1m^[22m[39m[
31m[1m^[22m[39m[31m[1m^[22m[39m[31m[1m
^[22m[39m[31m[1m^[22m[39m[31m[1m^[22m
[39m[31m[1m^[22m[39m[31m[1m^[22m[39m[3
1m[1m^[22m[39m[31m[1m^[22m[39m[31m[1m^
[22m[39m[31m[1m^[22m[39m[31m[1m^[22m[
39m[31m[1m^[22m[39m[31m[1m^[22m[39m[31
m[1m^[22m[39m[31m[1m^[22m[39m[31m[1m^
[22m[39m[31m[1m^[22m[39m[31m[1m^[22m[3
9m[31m[1m^[22m[39m[31m[1m^[22m[39m[31m
[1m^[22m[39m[31m[1m^[22m[39m
 [90m 7 |[39m [36mimport[39m { 
calculateVisibility[33m,[39m 
[33mVISIBILITY_SIGNALS[39m[33m,[39m 
formatINR } [36mfrom[39m 
[32m'@/lib/calculations'[39m[33m;[39m
 [90m 8 |[39m [36mimport[39m { supabase } 
[36mfrom[39m 
[32m'@/lib/supabaseClient'[39m[33m;[39m
 [90m 9 |[39m [36mimport[39m { useAuth } 
[36mfrom[39m 
[32m'@/lib/AuthContext'[39m[33m;[39m[0m



Import traces:
  Client Component Browser:
    ./src/app/dashboard/visibility/page.js 
[Client Component Browser]
    ./src/app/dashboard/visibility/page.js 
[Server Component]

  Client Component SSR:
    ./src/app/dashboard/visibility/page.js 
[Client Component SSR]
    ./src/app/dashboard/visibility/page.js 
[Server Component]

https://nextjs.org/docs/messages/module-not-fou
nd


./src/app/dashboard/visibility/page.js:4:1
Module not found: Can't resolve 
'@/components/FeatureLayout'
[0m [90m 2 |[39m [36mimport[39m { 
useState[33m,[39m useEffect } [36mfrom[39m 
[32m'react'[39m[33m;[39m
 [90m 3 |[39m [36mimport[39m { 
useSearchParams } [36mfrom[39m 
[32m'next/navigation'[39m[33m;[39m
[31m[1m>[22m[39m[90m 4 |[39m 
[36mimport[39m [33mFeatureLayout[39m 
[36mfrom[39m [32m'@/components/FeatureLayout
'[39m[33m;[39m
 [90m   |[39m [31m[1m^[22m[39m[31m[1m^
[22m[39m[31m[1m^[22m[39m[31m[1m^[22m[3
9m[31m[1m^[22m[39m[31m[1m^[22m[39m[31m
[1m^[22m[39m[31m[1m^[22m[39m[31m[1m^[
22m[39m[31m[1m^[22m[39m[31m[1m^[22m[39
m[31m[1m^[22m[39m[31m[1m^[22m[39m[31m
[1m^[22m[39m[31m[1m^[22m[39m[31m[1m^[2
2m[39m[31m[1m^[22m[39m[31m[1m^[22m[39m
[31m[1m^[22m[39m[31m[1m^[22m[39m[31m[
1m^[22m[39m[31m[1m^[22m[39m[31m[1m^[22
m[39m[31m[1m^[22m[39m[31m[1m^[22m[39m
[31m[1m^[22m[39m[31m[1m^[22m[39m[31m[1
m^[22m[39m[31m[1m^[22m[39m[31m[1m^[22m
[39m[31m[1m^[22m[39m[31m[1m^[22m[39m[
31m[1m^[22m[39m[31m[1m^[22m[39m[31m[1m
^[22m[39m[31m[1m^[22m[39m[31m[1m^[22m
[39m[31m[1m^[22m[39m[31m[1m^[22m[39m[3
1m[1m^[22m[39m[31m[1m^[22m[39m[31m[1m^
[22m[39m[31m[1m^[22m[39m[31m[1m^[22m[
39m[31m[1m^[22m[39m[31m[1m^[22m[39m[31
m[1m^[22m[39m[31m[1m^[22m[39m[31m[1m^
[22m[39m[31m[1m^[22m[39m[31m[1m^[22m[3
9m[31m[1m^[22m[39m[31m[1m^[22m[39m[31m
[1m^[22m[39m[31m[1m^[22m[39m
 [90m 5 |[39m [36mimport[39m { 
calculateVisibility[33m,[39m 
[33mVISIBILITY_SIGNALS[39m[33m,[39m 
formatINR } [36mfrom[39m 
[32m'@/lib/calculations'[39m[33m;[39m
 [90m 6 |[39m [36mimport[39m { supabase } 
[36mfrom[39m 
[32m'@/lib/supabaseClient'[39m[33m;[39m
 [90m 7 |[39m [36mimport[39m { useAuth } 
[36mfrom[39m 
[32m'@/lib/AuthContext'[39m[33m;[39m[0m



Import traces:
  Client Component Browser:
    ./src/app/dashboard/visibility/page.js 
[Client Component Browser]
    ./src/app/dashboard/visibility/page.js 
[Server Component]

  Client Component SSR:
    ./src/app/dashboard/visibility/page.js 
[Client Component SSR]
    ./src/app/dashboard/visibility/page.js 
[Server Component]

https://nextjs.org/docs/messages/module-not-fou
nd


./src/app/page.js:7:1
Module not found: Can't resolve 
'@/components/IntakeWizard'
[0m [90m  5 |[39m [36mimport[39m 
[33mLink[39m [36mfrom[39m 
[32m'next/link'[39m[33m;[39m
 [90m  6 |[39m [36mimport[39m 
[33mImage[39m [36mfrom[39m 
[32m'next/image'[39m[33m;[39m
[31m[1m>[22m[39m[90m  7 |[39m 
[36mimport[39m [33mIntakeWizard[39m 
[36mfrom[39m [32m'@/components/IntakeWizard'
[39m[33m;[39m
 [90m    |[39m [31m[1m^[22m[39m[31m[1m^
[22m[39m[31m[1m^[22m[39m[31m[1m^[22m[
39m[31m[1m^[22m[39m[31m[1m^[22m[39m[31
m[1m^[22m[39m[31m[1m^[22m[39m[31m[1m^
[22m[39m[31m[1m^[22m[39m[31m[1m^[22m[3
9m[31m[1m^[22m[39m[31m[1m^[22m[39m[31m
[1m^[22m[39m[31m[1m^[22m[39m[31m[1m^[
22m[39m[31m[1m^[22m[39m[31m[1m^[22m[39
m[31m[1m^[22m[39m[31m[1m^[22m[39m[31m
[1m^[22m[39m[31m[1m^[22m[39m[31m[1m^[2
2m[39m[31m[1m^[22m[39m[31m[1m^[22m[39m
[31m[1m^[22m[39m[31m[1m^[22m[39m[31m[
1m^[22m[39m[31m[1m^[22m[39m[31m[1m^[22
m[39m[31m[1m^[22m[39m[31m[1m^[22m[39m
[31m[1m^[22m[39m[31m[1m^[22m[39m[31m[1
m^[22m[39m[31m[1m^[22m[39m[31m[1m^[22m
[39m[31m[1m^[22m[39m[31m[1m^[22m[39m[
31m[1m^[22m[39m[31m[1m^[22m[39m[31m[1m
^[22m[39m[31m[1m^[22m[39m[31m[1m^[22m
[39m[31m[1m^[22m[39m[31m[1m^[22m[39m[3
1m[1m^[22m[39m[31m[1m^[22m[39m[31m[1m^
[22m[39m[31m[1m^[22m[39m[31m[1m^[22m[
39m[31m[1m^[22m[39m[31m[1m^[22m[39m
 [90m  8 |[39m [36mimport[39m { 
translations } [36mfrom[39m 
[32m'@/lib/translations'[39m[33m;[39m
 [90m  9 |[39m
 [90m 10 |[39m [90m// Removed metadata 
export because this is now a client component 
again.[39m[0m



Import traces:
  Client Component Browser:
    ./src/app/page.js [Client Component 
Browser]
    ./src/app/page.js [Server Component]

  Client Component SSR:
    ./src/app/page.js [Client Component SSR]
    ./src/app/page.js [Server Component]

https://nextjs.org/docs/messages/module-not-fou
nd


./src/app/page.js:5:1
Module not found: Can't resolve 
'@/components/IntakeWizard'
[0m [90m 3 |[39m [36mimport[39m 
[33mLink[39m [36mfrom[39m 
[32m'next/link'[39m[33m;[39m
 [90m 4 |[39m [36mimport[39m 
[33mImage[39m [36mfrom[39m 
[32m'next/image'[39m[33m;[39m
[31m[1m>[22m[39m[90m 5 |[39m 
[36mimport[39m [33mIntakeWizard[39m 
[36mfrom[39m [32m'@/components/IntakeWizard'
[39m[33m;[39m
 [90m   |[39m [31m[1m^[22m[39m[31m[1m^
[22m[39m[31m[1m^[22m[39m[31m[1m^[22m[3
9m[31m[1m^[22m[39m[31m[1m^[22m[39m[31m
[1m^[22m[39m[31m[1m^[22m[39m[31m[1m^[
22m[39m[31m[1m^[22m[39m[31m[1m^[22m[39
m[31m[1m^[22m[39m[31m[1m^[22m[39m[31m
[1m^[22m[39m[31m[1m^[22m[39m[31m[1m^[2
2m[39m[31m[1m^[22m[39m[31m[1m^[22m[39m
[31m[1m^[22m[39m[31m[1m^[22m[39m[31m[
1m^[22m[39m[31m[1m^[22m[39m[31m[1m^[22
m[39m[31m[1m^[22m[39m[31m[1m^[22m[39m
[31m[1m^[22m[39m[31m[1m^[22m[39m[31m[1
m^[22m[39m[31m[1m^[22m[39m[31m[1m^[22m
[39m[31m[1m^[22m[39m[31m[1m^[22m[39m[
31m[1m^[22m[39m[31m[1m^[22m[39m[31m[1m
^[22m[39m[31m[1m^[22m[39m[31m[1m^[22m
[39m[31m[1m^[22m[39m[31m[1m^[22m[39m[3
1m[1m^[22m[39m[31m[1m^[22m[39m[31m[1m^
[22m[39m[31m[1m^[22m[39m[31m[1m^[22m[
39m[31m[1m^[22m[39m[31m[1m^[22m[39m[31
m[1m^[22m[39m[31m[1m^[22m[39m[31m[1m^
[22m[39m[31m[1m^[22m[39m[31m[1m^[22m[3
9m[31m[1m^[22m[39m[31m[1m^[22m[39m
 [90m 6 |[39m [36mimport[39m { 
translations } [36mfrom[39m 
[32m'@/lib/translations'[39m[33m;[39m
 [90m 7 |[39m
 [90m 8 |[39m [90m// Removed metadata 
export because this is now a client component 
again.[39m[0m



Import traces:
  Client Component Browser:
    ./src/app/page.js [Client Component 
Browser]
    ./src/app/page.js [Server Component]

  Client Component SSR:
    ./src/app/page.js [Client Component SSR]
    ./src/app/page.js [Server Component]

https://nextjs.org/docs/messages/module-not-fou
nd


./src/app/dashboard/page.tsx:6:1
Module not found: Can't resolve 
'@/components/tx/AIConsultantFAB'
[0m [90m 4 |[39m [36mimport[39m { 
[33mAssetCard[39m } [36mfrom[39m [32m'@/co
mponents/tx/AssetCard'[39m[33m;[39m
 [90m 5 |[39m [36mimport[39m { 
[33mExtinctionTimer[39m } [36mfrom[39m [32
m'@/components/tx/ExtinctionTimer'[39m[33m;[
39m
[31m[1m>[22m[39m[90m 6 |[39m 
[36mimport[39m { [33mAIConsultantFAB[39m } 
[36mfrom[39m [32m'@/components/tx/AIConsulta
ntFAB'[39m[33m;[39m
 [90m   |[39m [31m[1m^[22m[39m[31m[1m^
[22m[39m[31m[1m^[22m[39m[31m[1m^[22m[3
9m[31m[1m^[22m[39m[31m[1m^[22m[39m[31m
[1m^[22m[39m[31m[1m^[22m[39m[31m[1m^[
22m[39m[31m[1m^[22m[39m[31m[1m^[22m[39
m[31m[1m^[22m[39m[31m[1m^[22m[39m[31m
[1m^[22m[39m[31m[1m^[22m[39m[31m[1m^[2
2m[39m[31m[1m^[22m[39m[31m[1m^[22m[39m
[31m[1m^[22m[39m[31m[1m^[22m[39m[31m[
1m^[22m[39m[31m[1m^[22m[39m[31m[1m^[22
m[39m[31m[1m^[22m[39m[31m[1m^[22m[39m
[31m[1m^[22m[39m[31m[1m^[22m[39m[31m[1
m^[22m[39m[31m[1m^[22m[39m[31m[1m^[22m
[39m[31m[1m^[22m[39m[31m[1m^[22m[39m[
31m[1m^[22m[39m[31m[1m^[22m[39m[31m[1m
^[22m[39m[31m[1m^[22m[39m[31m[1m^[22m
[39m[31m[1m^[22m[39m[31m[1m^[22m[39m[3
1m[1m^[22m[39m[31m[1m^[22m[39m[31m[1m^
[22m[39m[31m[1m^[22m[39m[31m[1m^[22m[
39m[31m[1m^[22m[39m[31m[1m^[22m[39m[31
m[1m^[22m[39m[31m[1m^[22m[39m[31m[1m^
[22m[39m[31m[1m^[22m[39m[31m[1m^[22m[3
9m[31m[1m^[22m[39m[31m[1m^[22m[39m[31m
[1m^[22m[39m[31m[1m^[22m[39m[31m[1m^[
22m[39m[31m[1m^[22m[39m[31m[1m^[22m[39
m[31m[1m^[22m[39m[31m[1m^[22m[39m[31m
[1m^[22m[39m[31m[1m^[22m[39m[31m[1m^[2
2m[39m[31m[1m^[22m[39m[31m[1m^[22m[39m
[31m[1m^[22m[39m
 [90m 7 |[39m
 [90m 8 |[39m [36mexport[39m 
[36mdefault[39m [36mfunction[39m 
[33mDashboardLayoutV2[39m() {
 [90m 9 |[39m     [36mconst[39m 
businessName [33m=[39m [32m"Masterkey 
User"[39m[33m;[39m [90m// Standard 
fallback[39m[0m



https://nextjs.org/docs/messages/module-not-fou
nd


./src/app/dashboard/page.tsx:4:1
Module not found: Can't resolve 
'@/components/tx/AssetCard'
[0m [90m 2 |[39m [36mimport[39m { 
[33mDashboardSidebar[39m } [36mfrom[39m [3
2m'@/components/tx/DashboardSidebar'[39m[33m;
[39m
 [90m 3 |[39m [36mimport[39m { 
[33mHealthMeter[39m } [36mfrom[39m [32m'@/
components/tx/HealthMeter'[39m[33m;[39m
[31m[1m>[22m[39m[90m 4 |[39m 
[36mimport[39m { [33mAssetCard[39m } 
[36mfrom[39m [32m'@/components/tx/AssetCard'
[39m[33m;[39m
 [90m   |[39m [31m[1m^[22m[39m[31m[1m^
[22m[39m[31m[1m^[22m[39m[31m[1m^[22m[3
9m[31m[1m^[22m[39m[31m[1m^[22m[39m[31m
[1m^[22m[39m[31m[1m^[22m[39m[31m[1m^[
22m[39m[31m[1m^[22m[39m[31m[1m^[22m[39
m[31m[1m^[22m[39m[31m[1m^[22m[39m[31m
[1m^[22m[39m[31m[1m^[22m[39m[31m[1m^[2
2m[39m[31m[1m^[22m[39m[31m[1m^[22m[39m
[31m[1m^[22m[39m[31m[1m^[22m[39m[31m[
1m^[22m[39m[31m[1m^[22m[39m[31m[1m^[22
m[39m[31m[1m^[22m[39m[31m[1m^[22m[39m
[31m[1m^[22m[39m[31m[1m^[22m[39m[31m[1
m^[22m[39m[31m[1m^[22m[39m[31m[1m^[22m
[39m[31m[1m^[22m[39m[31m[1m^[22m[39m[
31m[1m^[22m[39m[31m[1m^[22m[39m[31m[1m
^[22m[39m[31m[1m^[22m[39m[31m[1m^[22m
[39m[31m[1m^[22m[39m[31m[1m^[22m[39m[3
1m[1m^[22m[39m[31m[1m^[22m[39m[31m[1m^
[22m[39m[31m[1m^[22m[39m[31m[1m^[22m[
39m[31m[1m^[22m[39m[31m[1m^[22m[39m[31
m[1m^[22m[39m[31m[1m^[22m[39m[31m[1m^
[22m[39m[31m[1m^[22m[39m[31m[1m^[22m[3
9m[31m[1m^[22m[39m[31m[1m^[22m[39m[31m
[1m^[22m[39m
 [90m 5 |[39m [36mimport[39m { 
[33mExtinctionTimer[39m } [36mfrom[39m [32
m'@/components/tx/ExtinctionTimer'[39m[33m;[
39m
 [90m 6 |[39m [36mimport[39m { 
[33mAIConsultantFAB[39m } [36mfrom[39m [32
m'@/components/tx/AIConsultantFAB'[39m[33m;[
39m
 [90m 7 |[39m[0m



https://nextjs.org/docs/messages/module-not-fou
nd


./src/app/dashboard/v2/page.tsx:4:1
Module not found: Can't resolve 
'@/components/tx/AssetCard'
[0m [90m 2 |[39m [36mimport[39m { 
[33mDashboardSidebar[39m } [36mfrom[39m [3
2m'@/components/tx/DashboardSidebar'[39m[33m;
[39m
 [90m 3 |[39m [36mimport[39m { 
[33mHealthMeter[39m } [36mfrom[39m [32m'@/
components/tx/HealthMeter'[39m[33m;[39m
[31m[1m>[22m[39m[90m 4 |[39m 
[36mimport[39m { [33mAssetCard[39m } 
[36mfrom[39m [32m'@/components/tx/AssetCard'
[39m[33m;[39m
 [90m   |[39m [31m[1m^[22m[39m[31m[1m^
[22m[39m[31m[1m^[22m[39m[31m[1m^[22m[3
9m[31m[1m^[22m[39m[31m[1m^[22m[39m[31m
[1m^[22m[39m[31m[1m^[22m[39m[31m[1m^[
22m[39m[31m[1m^[22m[39m[31m[1m^[22m[39
m[31m[1m^[22m[39m[31m[1m^[22m[39m[31m
[1m^[22m[39m[31m[1m^[22m[39m[31m[1m^[2
2m[39m[31m[1m^[22m[39m[31m[1m^[22m[39m
[31m[1m^[22m[39m[31m[1m^[22m[39m[31m[
1m^[22m[39m[31m[1m^[22m[39m[31m[1m^[22
m[39m[31m[1m^[22m[39m[31m[1m^[22m[39m
[31m[1m^[22m[39m[31m[1m^[22m[39m[31m[1
m^[22m[39m[31m[1m^[22m[39m[31m[1m^[22m
[39m[31m[1m^[22m[39m[31m[1m^[22m[39m[
31m[1m^[22m[39m[31m[1m^[22m[39m[31m[1m
^[22m[39m[31m[1m^[22m[39m[31m[1m^[22m
[39m[31m[1m^[22m[39m[31m[1m^[22m[39m[3
1m[1m^[22m[39m[31m[1m^[22m[39m[31m[1m^
[22m[39m[31m[1m^[22m[39m[31m[1m^[22m[
39m[31m[1m^[22m[39m[31m[1m^[22m[39m[31
m[1m^[22m[39m[31m[1m^[22m[39m[31m[1m^
[22m[39m[31m[1m^[22m[39m[31m[1m^[22m[3
9m[31m[1m^[22m[39m[31m[1m^[22m[39m[31m
[1m^[22m[39m
 [90m 5 |[39m
 [90m 6 |[39m [36mexport[39m 
[36mdefault[39m [36mfunction[39m 
[33mDashboardLayoutV2[39m() {
 [90m 7 |[39m     [36mconst[39m 
businessName [33m=[39m [32m"Masterkey 
User"[39m[33m;[39m [90m// Standard 
fallback[39m[0m



https://nextjs.org/docs/messages/module-not-fou
nd


./src/app/dashboard/page.tsx:2:1
Module not found: Can't resolve 
'@/components/tx/DashboardSidebar'
[0m [90m 1 |[39m [36mimport[39m 
[33mReact[39m [36mfrom[39m 
[32m'react'[39m[33m;[39m
[31m[1m>[22m[39m[90m 2 |[39m 
[36mimport[39m { [33mDashboardSidebar[39m 
} [36mfrom[39m [32m'@/components/tx/Dashboar
dSidebar'[39m[33m;[39m
 [90m   |[39m [31m[1m^[22m[39m[31m[1m^
[22m[39m[31m[1m^[22m[39m[31m[1m^[22m[3
9m[31m[1m^[22m[39m[31m[1m^[22m[39m[31m
[1m^[22m[39m[31m[1m^[22m[39m[31m[1m^[
22m[39m[31m[1m^[22m[39m[31m[1m^[22m[39
m[31m[1m^[22m[39m[31m[1m^[22m[39m[31m
[1m^[22m[39m[31m[1m^[22m[39m[31m[1m^[2
2m[39m[31m[1m^[22m[39m[31m[1m^[22m[39m
[31m[1m^[22m[39m[31m[1m^[22m[39m[31m[
1m^[22m[39m[31m[1m^[22m[39m[31m[1m^[22
m[39m[31m[1m^[22m[39m[31m[1m^[22m[39m
[31m[1m^[22m[39m[31m[1m^[22m[39m[31m[1
m^[22m[39m[31m[1m^[22m[39m[31m[1m^[22m
[39m[31m[1m^[22m[39m[31m[1m^[22m[39m[
31m[1m^[22m[39m[31m[1m^[22m[39m[31m[1m
^[22m[39m[31m[1m^[22m[39m[31m[1m^[22m
[39m[31m[1m^[22m[39m[31m[1m^[22m[39m[3
1m[1m^[22m[39m[31m[1m^[22m[39m[31m[1m^
[22m[39m[31m[1m^[22m[39m[31m[1m^[22m[
39m[31m[1m^[22m[39m[31m[1m^[22m[39m[31
m[1m^[22m[39m[31m[1m^[22m[39m[31m[1m^
[22m[39m[31m[1m^[22m[39m[31m[1m^[22m[3
9m[31m[1m^[22m[39m[31m[1m^[22m[39m[31m
[1m^[22m[39m[31m[1m^[22m[39m[31m[1m^[
22m[39m[31m[1m^[22m[39m[31m[1m^[22m[39
m[31m[1m^[22m[39m[31m[1m^[22m[39m[31m
[1m^[22m[39m[31m[1m^[22m[39m[31m[1m^[2
2m[39m[31m[1m^[22m[39m[31m[1m^[22m[39m
[31m[1m^[22m[39m[31m[1m^[22m[39m[31m[
1m^[22m[39m
 [90m 3 |[39m [36mimport[39m { 
[33mHealthMeter[39m } [36mfrom[39m [32m'@/
components/tx/HealthMeter'[39m[33m;[39m
 [90m 4 |[39m [36mimport[39m { 
[33mAssetCard[39m } [36mfrom[39m [32m'@/co
mponents/tx/AssetCard'[39m[33m;[39m
 [90m 5 |[39m [36mimport[39m { 
[33mExtinctionTimer[39m } [36mfrom[39m [32
m'@/components/tx/ExtinctionTimer'[39m[33m;[
39m[0m



https://nextjs.org/docs/messages/module-not-fou
nd


./src/app/dashboard/v2/page.tsx:2:1
Module not found: Can't resolve 
'@/components/tx/DashboardSidebar'
[0m [90m 1 |[39m [36mimport[39m 
[33mReact[39m [36mfrom[39m 
[32m'react'[39m[33m;[39m
[31m[1m>[22m[39m[90m 2 |[39m 
[36mimport[39m { [33mDashboardSidebar[39m 
} [36mfrom[39m [32m'@/components/tx/Dashboar
dSidebar'[39m[33m;[39m
 [90m   |[39m [31m[1m^[22m[39m[31m[1m^
[22m[39m[31m[1m^[22m[39m[31m[1m^[22m[3
9m[31m[1m^[22m[39m[31m[1m^[22m[39m[31m
[1m^[22m[39m[31m[1m^[22m[39m[31m[1m^[
22m[39m[31m[1m^[22m[39m[31m[1m^[22m[39
m[31m[1m^[22m[39m[31m[1m^[22m[39m[31m
[1m^[22m[39m[31m[1m^[22m[39m[31m[1m^[2
2m[39m[31m[1m^[22m[39m[31m[1m^[22m[39m
[31m[1m^[22m[39m[31m[1m^[22m[39m[31m[
1m^[22m[39m[31m[1m^[22m[39m[31m[1m^[22
m[39m[31m[1m^[22m[39m[31m[1m^[22m[39m
[31m[1m^[22m[39m[31m[1m^[22m[39m[31m[1
m^[22m[39m[31m[1m^[22m[39m[31m[1m^[22m
[39m[31m[1m^[22m[39m[31m[1m^[22m[39m[
31m[1m^[22m[39m[31m[1m^[22m[39m[31m[1m
^[22m[39m[31m[1m^[22m[39m[31m[1m^[22m
[39m[31m[1m^[22m[39m[31m[1m^[22m[39m[3
1m[1m^[22m[39m[31m[1m^[22m[39m[31m[1m^
[22m[39m[31m[1m^[22m[39m[31m[1m^[22m[
39m[31m[1m^[22m[39m[31m[1m^[22m[39m[31
m[1m^[22m[39m[31m[1m^[22m[39m[31m[1m^
[22m[39m[31m[1m^[22m[39m[31m[1m^[22m[3
9m[31m[1m^[22m[39m[31m[1m^[22m[39m[31m
[1m^[22m[39m[31m[1m^[22m[39m[31m[1m^[
22m[39m[31m[1m^[22m[39m[31m[1m^[22m[39
m[31m[1m^[22m[39m[31m[1m^[22m[39m[31m
[1m^[22m[39m[31m[1m^[22m[39m[31m[1m^[2
2m[39m[31m[1m^[22m[39m[31m[1m^[22m[39m
[31m[1m^[22m[39m[31m[1m^[22m[39m[31m[
1m^[22m[39m
 [90m 3 |[39m [36mimport[39m { 
[33mHealthMeter[39m } [36mfrom[39m [32m'@/
components/tx/HealthMeter'[39m[33m;[39m
 [90m 4 |[39m [36mimport[39m { 
[33mAssetCard[39m } [36mfrom[39m [32m'@/co
mponents/tx/AssetCard'[39m[33m;[39m
 [90m 5 |[39m[0m



https://nextjs.org/docs/messages/module-not-fou
nd


./src/app/dashboard/page.tsx:5:1
Module not found: Can't resolve 
'@/components/tx/ExtinctionTimer'
[0m [90m 3 |[39m [36mimport[39m { 
[33mHealthMeter[39m } [36mfrom[39m [32m'@/
components/tx/HealthMeter'[39m[33m;[39m
 [90m 4 |[39m [36mimport[39m { 
[33mAssetCard[39m } [36mfrom[39m [32m'@/co
mponents/tx/AssetCard'[39m[33m;[39m
[31m[1m>[22m[39m[90m 5 |[39m 
[36mimport[39m { [33mExtinctionTimer[39m } 
[36mfrom[39m [32m'@/components/tx/Extinction
Timer'[39m[33m;[39m
 [90m   |[39m [31m[1m^[22m[39m[31m[1m^
[22m[39m[31m[1m^[22m[39m[31m[1m^[22m[3
9m[31m[1m^[22m[39m[31m[1m^[22m[39m[31m
[1m^[22m[39m[31m[1m^[22m[39m[31m[1m^[
22m[39m[31m[1m^[22m[39m[31m[1m^[22m[39
m[31m[1m^[22m[39m[31m[1m^[22m[39m[31m
[1m^[22m[39m[31m[1m^[22m[39m[31m[1m^[2
2m[39m[31m[1m^[22m[39m[31m[1m^[22m[39m
[31m[1m^[22m[39m[31m[1m^[22m[39m[31m[
1m^[22m[39m[31m[1m^[22m[39m[31m[1m^[22
m[39m[31m[1m^[22m[39m[31m[1m^[22m[39m
[31m[1m^[22m[39m[31m[1m^[22m[39m[31m[1
m^[22m[39m[31m[1m^[22m[39m[31m[1m^[22m
[39m[31m[1m^[22m[39m[31m[1m^[22m[39m[
31m[1m^[22m[39m[31m[1m^[22m[39m[31m[1m
^[22m[39m[31m[1m^[22m[39m[31m[1m^[22m
[39m[31m[1m^[22m[39m[31m[1m^[22m[39m[3
1m[1m^[22m[39m[31m[1m^[22m[39m[31m[1m^
[22m[39m[31m[1m^[22m[39m[31m[1m^[22m[
39m[31m[1m^[22m[39m[31m[1m^[22m[39m[31
m[1m^[22m[39m[31m[1m^[22m[39m[31m[1m^
[22m[39m[31m[1m^[22m[39m[31m[1m^[22m[3
9m[31m[1m^[22m[39m[31m[1m^[22m[39m[31m
[1m^[22m[39m[31m[1m^[22m[39m[31m[1m^[
22m[39m[31m[1m^[22m[39m[31m[1m^[22m[39
m[31m[1m^[22m[39m[31m[1m^[22m[39m[31m
[1m^[22m[39m[31m[1m^[22m[39m[31m[1m^[2
2m[39m[31m[1m^[22m[39m[31m[1m^[22m[39m
[31m[1m^[22m[39m
 [90m 6 |[39m [36mimport[39m { 
[33mAIConsultantFAB[39m } [36mfrom[39m [32
m'@/components/tx/AIConsultantFAB'[39m[33m;[
39m
 [90m 7 |[39m
 [90m 8 |[39m [36mexport[39m 
[36mdefault[39m [36mfunction[39m 
[33mDashboardLayoutV2[39m() {[0m



https://nextjs.org/docs/messages/module-not-fou
nd


./src/app/dashboard/page.tsx:3:1
Module not found: Can't resolve 
'@/components/tx/HealthMeter'
[0m [90m 1 |[39m [36mimport[39m 
[33mReact[39m [36mfrom[39m 
[32m'react'[39m[33m;[39m
 [90m 2 |[39m [36mimport[39m { 
[33mDashboardSidebar[39m } [36mfrom[39m [3
2m'@/components/tx/DashboardSidebar'[39m[33m;
[39m
[31m[1m>[22m[39m[90m 3 |[39m 
[36mimport[39m { [33mHealthMeter[39m } 
[36mfrom[39m [32m'@/components/tx/HealthMete
r'[39m[33m;[39m
 [90m   |[39m [31m[1m^[22m[39m[31m[1m^
[22m[39m[31m[1m^[22m[39m[31m[1m^[22m[3
9m[31m[1m^[22m[39m[31m[1m^[22m[39m[31m
[1m^[22m[39m[31m[1m^[22m[39m[31m[1m^[
22m[39m[31m[1m^[22m[39m[31m[1m^[22m[39
m[31m[1m^[22m[39m[31m[1m^[22m[39m[31m
[1m^[22m[39m[31m[1m^[22m[39m[31m[1m^[2
2m[39m[31m[1m^[22m[39m[31m[1m^[22m[39m
[31m[1m^[22m[39m[31m[1m^[22m[39m[31m[
1m^[22m[39m[31m[1m^[22m[39m[31m[1m^[22
m[39m[31m[1m^[22m[39m[31m[1m^[22m[39m
[31m[1m^[22m[39m[31m[1m^[22m[39m[31m[1
m^[22m[39m[31m[1m^[22m[39m[31m[1m^[22m
[39m[31m[1m^[22m[39m[31m[1m^[22m[39m[
31m[1m^[22m[39m[31m[1m^[22m[39m[31m[1m
^[22m[39m[31m[1m^[22m[39m[31m[1m^[22m
[39m[31m[1m^[22m[39m[31m[1m^[22m[39m[3
1m[1m^[22m[39m[31m[1m^[22m[39m[31m[1m^
[22m[39m[31m[1m^[22m[39m[31m[1m^[22m[
39m[31m[1m^[22m[39m[31m[1m^[22m[39m[31
m[1m^[22m[39m[31m[1m^[22m[39m[31m[1m^
[22m[39m[31m[1m^[22m[39m[31m[1m^[22m[3
9m[31m[1m^[22m[39m[31m[1m^[22m[39m[31m
[1m^[22m[39m[31m[1m^[22m[39m[31m[1m^[
22m[39m[31m[1m^[22m[39m[31m[1m^[22m[39
m
 [90m 4 |[39m [36mimport[39m { 
[33mAssetCard[39m } [36mfrom[39m [32m'@/co
mponents/tx/AssetCard'[39m[33m;[39m
 [90m 5 |[39m [36mimport[39m { 
[33mExtinctionTimer[39m } [36mfrom[39m [32
m'@/components/tx/ExtinctionTimer'[39m[33m;[
39m
 [90m 6 |[39m [36mimport[39m { 
[33mAIConsultantFAB[39m } [36mfrom[39m [32
m'@/components/tx/AIConsultantFAB'[39m[33m;[
39m[0m



https://nextjs.org/docs/messages/module-not-fou
nd


./src/app/dashboard/v2/page.tsx:3:1
Module not found: Can't resolve 
'@/components/tx/HealthMeter'
[0m [90m 1 |[39m [36mimport[39m 
[33mReact[39m [36mfrom[39m 
[32m'react'[39m[33m;[39m
 [90m 2 |[39m [36mimport[39m { 
[33mDashboardSidebar[39m } [36mfrom[39m [3
2m'@/components/tx/DashboardSidebar'[39m[33m;
[39m
[31m[1m>[22m[39m[90m 3 |[39m 
[36mimport[39m { [33mHealthMeter[39m } 
[36mfrom[39m [32m'@/components/tx/HealthMete
r'[39m[33m;[39m
 [90m   |[39m [31m[1m^[22m[39m[31m[1m^
[22m[39m[31m[1m^[22m[39m[31m[1m^[22m[3
9m[31m[1m^[22m[39m[31m[1m^[22m[39m[31m
[1m^[22m[39m[31m[1m^[22m[39m[31m[1m^[
22m[39m[31m[1m^[22m[39m[31m[1m^[22m[39
m[31m[1m^[22m[39m[31m[1m^[22m[39m[31m
[1m^[22m[39m[31m[1m^[22m[39m[31m[1m^[2
2m[39m[31m[1m^[22m[39m[31m[1m^[22m[39m
[31m[1m^[22m[39m[31m[1m^[22m[39m[31m[
1m^[22m[39m[31m[1m^[22m[39m[31m[1m^[22
m[39m[31m[1m^[22m[39m[31m[1m^[22m[39m
[31m[1m^[22m[39m[31m[1m^[22m[39m[31m[1
m^[22m[39m[31m[1m^[22m[39m[31m[1m^[22m
[39m[31m[1m^[22m[39m[31m[1m^[22m[39m[
31m[1m^[22m[39m[31m[1m^[22m[39m[31m[1m
^[22m[39m[31m[1m^[22m[39m[31m[1m^[22m
[39m[31m[1m^[22m[39m[31m[1m^[22m[39m[3
1m[1m^[22m[39m[31m[1m^[22m[39m[31m[1m^
[22m[39m[31m[1m^[22m[39m[31m[1m^[22m[
39m[31m[1m^[22m[39m[31m[1m^[22m[39m[31
m[1m^[22m[39m[31m[1m^[22m[39m[31m[1m^
[22m[39m[31m[1m^[22m[39m[31m[1m^[22m[3
9m[31m[1m^[22m[39m[31m[1m^[22m[39m[31m
[1m^[22m[39m[31m[1m^[22m[39m[31m[1m^[
22m[39m[31m[1m^[22m[39m[31m[1m^[22m[39
m
 [90m 4 |[39m [36mimport[39m { 
[33mAssetCard[39m } [36mfrom[39m [32m'@/co
mponents/tx/AssetCard'[39m[33m;[39m
 [90m 5 |[39m
 [90m 6 |[39m [36mexport[39m 
[36mdefault[39m [36mfunction[39m 
[33mDashboardLayoutV2[39m() {[0m



https://nextjs.org/docs/messages/module-not-fou
nd


./src/app/dashboard/export/page.js:9:1
Module not found: Can't resolve 
'@/lib/AuthContext'
[0m [90m  7 |[39m [36mimport[39m { 
calculateExportOpportunity[33m,[39m 
[33mEXPORT_CATEGORIES[39m[33m,[39m 
formatINR[33m,[39m formatINRFull } 
[36mfrom[39m 
[32m'@/lib/calculations'[39m[33m;[39m
 [90m  8 |[39m [36mimport[39m { supabase } 
[36mfrom[39m 
[32m'@/lib/supabaseClient'[39m[33m;[39m
[31m[1m>[22m[39m[90m  9 |[39m 
[36mimport[39m { useAuth } [36mfrom[39m 
[32m'@/lib/AuthContext'[39m[33m;[39m
 [90m    |[39m [31m[1m^[22m[39m[31m[1m^
[22m[39m[31m[1m^[22m[39m[31m[1m^[22m[
39m[31m[1m^[22m[39m[31m[1m^[22m[39m[31
m[1m^[22m[39m[31m[1m^[22m[39m[31m[1m^
[22m[39m[31m[1m^[22m[39m[31m[1m^[22m[3
9m[31m[1m^[22m[39m[31m[1m^[22m[39m[31m
[1m^[22m[39m[31m[1m^[22m[39m[31m[1m^[
22m[39m[31m[1m^[22m[39m[31m[1m^[22m[39
m[31m[1m^[22m[39m[31m[1m^[22m[39m[31m
[1m^[22m[39m[31m[1m^[22m[39m[31m[1m^[2
2m[39m[31m[1m^[22m[39m[31m[1m^[22m[39m
[31m[1m^[22m[39m[31m[1m^[22m[39m[31m[
1m^[22m[39m[31m[1m^[22m[39m[31m[1m^[22
m[39m[31m[1m^[22m[39m[31m[1m^[22m[39m
[31m[1m^[22m[39m[31m[1m^[22m[39m[31m[1
m^[22m[39m[31m[1m^[22m[39m[31m[1m^[22m
[39m[31m[1m^[22m[39m[31m[1m^[22m[39m[
31m[1m^[22m[39m[31m[1m^[22m[39m[31m[1m
^[22m[39m[31m[1m^[22m[39m[31m[1m^[22m
[39m
 [90m 10 |[39m [36mimport[39m { 
translations } [36mfrom[39m 
[32m'@/lib/translations'[39m[33m;[39m
 [90m 11 |[39m [36mexport[39m 
[36mdefault[39m [36mfunction[39m 
[33mExportPage[39m() {
 [90m 12 |[39m   [36mconst[39m $ 
[33m=[39m _c([35m71[39m)[33m;[39m[0m



Import traces:
  Client Component Browser:
    ./src/app/dashboard/export/page.js [Client 
Component Browser]
    ./src/app/dashboard/export/page.js [Server 
Component]

  Client Component SSR:
    ./src/app/dashboard/export/page.js [Client 
Component SSR]
    ./src/app/dashboard/export/page.js [Server 
Component]

https://nextjs.org/docs/messages/module-not-fou
nd


./src/app/dashboard/export/page.js:7:1
Module not found: Can't resolve 
'@/lib/AuthContext'
[0m [90m  5 |[39m [36mimport[39m { 
calculateExportOpportunity[33m,[39m 
[33mEXPORT_CATEGORIES[39m[33m,[39m 
formatINR[33m,[39m formatINRFull } 
[36mfrom[39m 
[32m'@/lib/calculations'[39m[33m;[39m
 [90m  6 |[39m [36mimport[39m { supabase } 
[36mfrom[39m 
[32m'@/lib/supabaseClient'[39m[33m;[39m
[31m[1m>[22m[39m[90m  7 |[39m 
[36mimport[39m { useAuth } [36mfrom[39m 
[32m'@/lib/AuthContext'[39m[33m;[39m
 [90m    |[39m [31m[1m^[22m[39m[31m[1m^
[22m[39m[31m[1m^[22m[39m[31m[1m^[22m[
39m[31m[1m^[22m[39m[31m[1m^[22m[39m[31
m[1m^[22m[39m[31m[1m^[22m[39m[31m[1m^
[22m[39m[31m[1m^[22m[39m[31m[1m^[22m[3
9m[31m[1m^[22m[39m[31m[1m^[22m[39m[31m
[1m^[22m[39m[31m[1m^[22m[39m[31m[1m^[
22m[39m[31m[1m^[22m[39m[31m[1m^[22m[39
m[31m[1m^[22m[39m[31m[1m^[22m[39m[31m
[1m^[22m[39m[31m[1m^[22m[39m[31m[1m^[2
2m[39m[31m[1m^[22m[39m[31m[1m^[22m[39m
[31m[1m^[22m[39m[31m[1m^[22m[39m[31m[
1m^[22m[39m[31m[1m^[22m[39m[31m[1m^[22
m[39m[31m[1m^[22m[39m[31m[1m^[22m[39m
[31m[1m^[22m[39m[31m[1m^[22m[39m[31m[1
m^[22m[39m[31m[1m^[22m[39m[31m[1m^[22m
[39m[31m[1m^[22m[39m[31m[1m^[22m[39m[
31m[1m^[22m[39m[31m[1m^[22m[39m[31m[1m
^[22m[39m[31m[1m^[22m[39m[31m[1m^[22m
[39m
 [90m  8 |[39m [36mimport[39m { 
translations } [36mfrom[39m 
[32m'@/lib/translations'[39m[33m;[39m
 [90m  9 |[39m
 [90m 10 |[39m [36mexport[39m 
[36mdefault[39m [36mfunction[39m 
[33mExportPage[39m() {[0m



Import traces:
  Client Component Browser:
    ./src/app/dashboard/export/page.js [Client 
Component Browser]
    ./src/app/dashboard/export/page.js [Server 
Component]

  Client Component SSR:
    ./src/app/dashboard/export/page.js [Client 
Component SSR]
    ./src/app/dashboard/export/page.js [Server 
Component]

https://nextjs.org/docs/messages/module-not-fou
nd


./src/app/dashboard/loss-audit/page.js:9:1
Module not found: Can't resolve 
'@/lib/AuthContext'
[0m [90m  7 |[39m [36mimport[39m { 
calculateLossAudit[33m,[39m 
formatINR[33m,[39m formatINRFull } 
[36mfrom[39m 
[32m'@/lib/calculations'[39m[33m;[39m
 [90m  8 |[39m [36mimport[39m { supabase } 
[36mfrom[39m 
[32m'@/lib/supabaseClient'[39m[33m;[39m
[31m[1m>[22m[39m[90m  9 |[39m 
[36mimport[39m { useAuth } [36mfrom[39m 
[32m'@/lib/AuthContext'[39m[33m;[39m
 [90m    |[39m [31m[1m^[22m[39m[31m[1m^
[22m[39m[31m[1m^[22m[39m[31m[1m^[22m[
39m[31m[1m^[22m[39m[31m[1m^[22m[39m[31
m[1m^[22m[39m[31m[1m^[22m[39m[31m[1m^
[22m[39m[31m[1m^[22m[39m[31m[1m^[22m[3
9m[31m[1m^[22m[39m[31m[1m^[22m[39m[31m
[1m^[22m[39m[31m[1m^[22m[39m[31m[1m^[
22m[39m[31m[1m^[22m[39m[31m[1m^[22m[39
m[31m[1m^[22m[39m[31m[1m^[22m[39m[31m
[1m^[22m[39m[31m[1m^[22m[39m[31m[1m^[2
2m[39m[31m[1m^[22m[39m[31m[1m^[22m[39m
[31m[1m^[22m[39m[31m[1m^[22m[39m[31m[
1m^[22m[39m[31m[1m^[22m[39m[31m[1m^[22
m[39m[31m[1m^[22m[39m[31m[1m^[22m[39m
[31m[1m^[22m[39m[31m[1m^[22m[39m[31m[1
m^[22m[39m[31m[1m^[22m[39m[31m[1m^[22m
[39m[31m[1m^[22m[39m[31m[1m^[22m[39m[
31m[1m^[22m[39m[31m[1m^[22m[39m[31m[1m
^[22m[39m[31m[1m^[22m[39m[31m[1m^[22m
[39m
 [90m 10 |[39m [36mimport[39m { 
translations } [36mfrom[39m 
[32m'@/lib/translations'[39m[33m;[39m
 [90m 11 |[39m [36mexport[39m 
[36mdefault[39m [36mfunction[39m 
[33mLossAuditPage[39m() {
 [90m 12 |[39m   [36mconst[39m $ 
[33m=[39m _c([35m61[39m)[33m;[39m[0m



Import traces:
  Client Component Browser:
    ./src/app/dashboard/loss-audit/page.js 
[Client Component Browser]
    ./src/app/dashboard/loss-audit/page.js 
[Server Component]

  Client Component SSR:
    ./src/app/dashboard/loss-audit/page.js 
[Client Component SSR]
    ./src/app/dashboard/loss-audit/page.js 
[Server Component]

https://nextjs.org/docs/messages/module-not-fou
nd


./src/app/dashboard/loss-audit/page.js:7:1
Module not found: Can't resolve 
'@/lib/AuthContext'
[0m [90m  5 |[39m [36mimport[39m { 
calculateLossAudit[33m,[39m 
formatINR[33m,[39m formatINRFull } 
[36mfrom[39m 
[32m'@/lib/calculations'[39m[33m;[39m
 [90m  6 |[39m [36mimport[39m { supabase } 
[36mfrom[39m 
[32m'@/lib/supabaseClient'[39m[33m;[39m
[31m[1m>[22m[39m[90m  7 |[39m 
[36mimport[39m { useAuth } [36mfrom[39m 
[32m'@/lib/AuthContext'[39m[33m;[39m
 [90m    |[39m [31m[1m^[22m[39m[31m[1m^
[22m[39m[31m[1m^[22m[39m[31m[1m^[22m[
39m[31m[1m^[22m[39m[31m[1m^[22m[39m[31
m[1m^[22m[39m[31m[1m^[22m[39m[31m[1m^
[22m[39m[31m[1m^[22m[39m[31m[1m^[22m[3
9m[31m[1m^[22m[39m[31m[1m^[22m[39m[31m
[1m^[22m[39m[31m[1m^[22m[39m[31m[1m^[
22m[39m[31m[1m^[22m[39m[31m[1m^[22m[39
m[31m[1m^[22m[39m[31m[1m^[22m[39m[31m
[1m^[22m[39m[31m[1m^[22m[39m[31m[1m^[2
2m[39m[31m[1m^[22m[39m[31m[1m^[22m[39m
[31m[1m^[22m[39m[31m[1m^[22m[39m[31m[
1m^[22m[39m[31m[1m^[22m[39m[31m[1m^[22
m[39m[31m[1m^[22m[39m[31m[1m^[22m[39m
[31m[1m^[22m[39m[31m[1m^[22m[39m[31m[1
m^[22m[39m[31m[1m^[22m[39m[31m[1m^[22m
[39m[31m[1m^[22m[39m[31m[1m^[22m[39m[
31m[1m^[22m[39m[31m[1m^[22m[39m[31m[1m
^[22m[39m[31m[1m^[22m[39m[31m[1m^[22m
[39m
 [90m  8 |[39m [36mimport[39m { 
translations } [36mfrom[39m 
[32m'@/lib/translations'[39m[33m;[39m
 [90m  9 |[39m
 [90m 10 |[39m [36mexport[39m 
[36mdefault[39m [36mfunction[39m 
[33mLossAuditPage[39m() {[0m



Import traces:
  Client Component Browser:
    ./src/app/dashboard/loss-audit/page.js 
[Client Component Browser]
    ./src/app/dashboard/loss-audit/page.js 
[Server Component]

  Client Component SSR:
    ./src/app/dashboard/loss-audit/page.js 
[Client Component SSR]
    ./src/app/dashboard/loss-audit/page.js 
[Server Component]

https://nextjs.org/docs/messages/module-not-fou
nd


./src/app/dashboard/night-loss/page.js:9:1
Module not found: Can't resolve 
'@/lib/AuthContext'
[0m [90m  7 |[39m [36mimport[39m { 
calculateNightLoss[33m,[39m 
formatINR[33m,[39m formatINRFull } 
[36mfrom[39m 
[32m'@/lib/calculations'[39m[33m;[39m
 [90m  8 |[39m [36mimport[39m { supabase } 
[36mfrom[39m 
[32m'@/lib/supabaseClient'[39m[33m;[39m
[31m[1m>[22m[39m[90m  9 |[39m 
[36mimport[39m { useAuth } [36mfrom[39m 
[32m'@/lib/AuthContext'[39m[33m;[39m
 [90m    |[39m [31m[1m^[22m[39m[31m[1m^
[22m[39m[31m[1m^[22m[39m[31m[1m^[22m[
39m[31m[1m^[22m[39m[31m[1m^[22m[39m[31
m[1m^[22m[39m[31m[1m^[22m[39m[31m[1m^
[22m[39m[31m[1m^[22m[39m[31m[1m^[22m[3
9m[31m[1m^[22m[39m[31m[1m^[22m[39m[31m
[1m^[22m[39m[31m[1m^[22m[39m[31m[1m^[
22m[39m[31m[1m^[22m[39m[31m[1m^[22m[39
m[31m[1m^[22m[39m[31m[1m^[22m[39m[31m
[1m^[22m[39m[31m[1m^[22m[39m[31m[1m^[2
2m[39m[31m[1m^[22m[39m[31m[1m^[22m[39m
[31m[1m^[22m[39m[31m[1m^[22m[39m[31m[
1m^[22m[39m[31m[1m^[22m[39m[31m[1m^[22
m[39m[31m[1m^[22m[39m[31m[1m^[22m[39m
[31m[1m^[22m[39m[31m[1m^[22m[39m[31m[1
m^[22m[39m[31m[1m^[22m[39m[31m[1m^[22m
[39m[31m[1m^[22m[39m[31m[1m^[22m[39m[
31m[1m^[22m[39m[31m[1m^[22m[39m[31m[1m
^[22m[39m[31m[1m^[22m[39m[31m[1m^[22m
[39m
 [90m 10 |[39m [36mimport[39m { 
translations } [36mfrom[39m 
[32m'@/lib/translations'[39m[33m;[39m
 [90m 11 |[39m [36mexport[39m 
[36mdefault[39m [36mfunction[39m 
[33mNightLossPage[39m() {
 [90m 12 |[39m   [36mconst[39m $ 
[33m=[39m _c([35m59[39m)[33m;[39m[0m



Import traces:
  Client Component Browser:
    ./src/app/dashboard/night-loss/page.js 
[Client Component Browser]
    ./src/app/dashboard/night-loss/page.js 
[Server Component]

  Client Component SSR:
    ./src/app/dashboard/night-loss/page.js 
[Client Component SSR]
    ./src/app/dashboard/night-loss/page.js 
[Server Component]

https://nextjs.org/docs/messages/module-not-fou
nd


./src/app/dashboard/night-loss/page.js:7:1
Module not found: Can't resolve 
'@/lib/AuthContext'
[0m [90m  5 |[39m [36mimport[39m { 
calculateNightLoss[33m,[39m 
formatINR[33m,[39m formatINRFull } 
[36mfrom[39m 
[32m'@/lib/calculations'[39m[33m;[39m
 [90m  6 |[39m [36mimport[39m { supabase } 
[36mfrom[39m 
[32m'@/lib/supabaseClient'[39m[33m;[39m
[31m[1m>[22m[39m[90m  7 |[39m 
[36mimport[39m { useAuth } [36mfrom[39m 
[32m'@/lib/AuthContext'[39m[33m;[39m
 [90m    |[39m [31m[1m^[22m[39m[31m[1m^
[22m[39m[31m[1m^[22m[39m[31m[1m^[22m[
39m[31m[1m^[22m[39m[31m[1m^[22m[39m[31
m[1m^[22m[39m[31m[1m^[22m[39m[31m[1m^
[22m[39m[31m[1m^[22m[39m[31m[1m^[22m[3
9m[31m[1m^[22m[39m[31m[1m^[22m[39m[31m
[1m^[22m[39m[31m[1m^[22m[39m[31m[1m^[
22m[39m[31m[1m^[22m[39m[31m[1m^[22m[39
m[31m[1m^[22m[39m[31m[1m^[22m[39m[31m
[1m^[22m[39m[31m[1m^[22m[39m[31m[1m^[2
2m[39m[31m[1m^[22m[39m[31m[1m^[22m[39m
[31m[1m^[22m[39m[31m[1m^[22m[39m[31m[
1m^[22m[39m[31m[1m^[22m[39m[31m[1m^[22
m[39m[31m[1m^[22m[39m[31m[1m^[22m[39m
[31m[1m^[22m[39m[31m[1m^[22m[39m[31m[1
m^[22m[39m[31m[1m^[22m[39m[31m[1m^[22m
[39m[31m[1m^[22m[39m[31m[1m^[22m[39m[
31m[1m^[22m[39m[31m[1m^[22m[39m[31m[1m
^[22m[39m[31m[1m^[22m[39m[31m[1m^[22m
[39m
 [90m  8 |[39m [36mimport[39m { 
translations } [36mfrom[39m 
[32m'@/lib/translations'[39m[33m;[39m
 [90m  9 |[39m
 [90m 10 |[39m [36mexport[39m 
[36mdefault[39m [36mfunction[39m 
[33mNightLossPage[39m() {[0m



Import traces:
  Client Component Browser:
    ./src/app/dashboard/night-loss/page.js 
[Client Component Browser]
    ./src/app/dashboard/night-loss/page.js 
[Server Component]

  Client Component SSR:
    ./src/app/dashboard/night-loss/page.js 
[Client Component SSR]
    ./src/app/dashboard/night-loss/page.js 
[Server Component]

https://nextjs.org/docs/messages/module-not-fou
nd


./src/app/dashboard/visibility/page.js:9:1
Module not found: Can't resolve 
'@/lib/AuthContext'
[0m [90m  7 |[39m [36mimport[39m { 
calculateVisibility[33m,[39m 
[33mVISIBILITY_SIGNALS[39m[33m,[39m 
formatINR } [36mfrom[39m 
[32m'@/lib/calculations'[39m[33m;[39m
 [90m  8 |[39m [36mimport[39m { supabase } 
[36mfrom[39m 
[32m'@/lib/supabaseClient'[39m[33m;[39m
[31m[1m>[22m[39m[90m  9 |[39m 
[36mimport[39m { useAuth } [36mfrom[39m 
[32m'@/lib/AuthContext'[39m[33m;[39m
 [90m    |[39m [31m[1m^[22m[39m[31m[1m^
[22m[39m[31m[1m^[22m[39m[31m[1m^[22m[
39m[31m[1m^[22m[39m[31m[1m^[22m[39m[31
m[1m^[22m[39m[31m[1m^[22m[39m[31m[1m^
[22m[39m[31m[1m^[22m[39m[31m[1m^[22m[3
9m[31m[1m^[22m[39m[31m[1m^[22m[39m[31m
[1m^[22m[39m[31m[1m^[22m[39m[31m[1m^[
22m[39m[31m[1m^[22m[39m[31m[1m^[22m[39
m[31m[1m^[22m[39m[31m[1m^[22m[39m[31m
[1m^[22m[39m[31m[1m^[22m[39m[31m[1m^[2
2m[39m[31m[1m^[22m[39m[31m[1m^[22m[39m
[31m[1m^[22m[39m[31m[1m^[22m[39m[31m[
1m^[22m[39m[31m[1m^[22m[39m[31m[1m^[22
m[39m[31m[1m^[22m[39m[31m[1m^[22m[39m
[31m[1m^[22m[39m[31m[1m^[22m[39m[31m[1
m^[22m[39m[31m[1m^[22m[39m[31m[1m^[22m
[39m[31m[1m^[22m[39m[31m[1m^[22m[39m[
31m[1m^[22m[39m[31m[1m^[22m[39m[31m[1m
^[22m[39m[31m[1m^[22m[39m[31m[1m^[22m
[39m
 [90m 10 |[39m [36mimport[39m { 
translations } [36mfrom[39m 
[32m'@/lib/translations'[39m[33m;[39m
 [90m 11 |[39m [36mconst[39m 
[33mSTATUS_COLORS[39m [33m=[39m {
 [90m 12 |[39m   
[33mDOMINANT[39m[33m:[39m {[0m



Import traces:
  Client Component Browser:
    ./src/app/dashboard/visibility/page.js 
[Client Component Browser]
    ./src/app/dashboard/visibility/page.js 
[Server Component]

  Client Component SSR:
    ./src/app/dashboard/visibility/page.js 
[Client Component SSR]
    ./src/app/dashboard/visibility/page.js 
[Server Component]

https://nextjs.org/docs/messages/module-not-fou
nd


./src/app/dashboard/visibility/page.js:7:1
Module not found: Can't resolve 
'@/lib/AuthContext'
[0m [90m  5 |[39m [36mimport[39m { 
calculateVisibility[33m,[39m 
[33mVISIBILITY_SIGNALS[39m[33m,[39m 
formatINR } [36mfrom[39m 
[32m'@/lib/calculations'[39m[33m;[39m
 [90m  6 |[39m [36mimport[39m { supabase } 
[36mfrom[39m 
[32m'@/lib/supabaseClient'[39m[33m;[39m
[31m[1m>[22m[39m[90m  7 |[39m 
[36mimport[39m { useAuth } [36mfrom[39m 
[32m'@/lib/AuthContext'[39m[33m;[39m
 [90m    |[39m [31m[1m^[22m[39m[31m[1m^
[22m[39m[31m[1m^[22m[39m[31m[1m^[22m[
39m[31m[1m^[22m[39m[31m[1m^[22m[39m[31
m[1m^[22m[39m[31m[1m^[22m[39m[31m[1m^
[22m[39m[31m[1m^[22m[39m[31m[1m^[22m[3
9m[31m[1m^[22m[39m[31m[1m^[22m[39m[31m
[1m^[22m[39m[31m[1m^[22m[39m[31m[1m^[
22m[39m[31m[1m^[22m[39m[31m[1m^[22m[39
m[31m[1m^[22m[39m[31m[1m^[22m[39m[31m
[1m^[22m[39m[31m[1m^[22m[39m[31m[1m^[2
2m[39m[31m[1m^[22m[39m[31m[1m^[22m[39m
[31m[1m^[22m[39m[31m[1m^[22m[39m[31m[
1m^[22m[39m[31m[1m^[22m[39m[31m[1m^[22
m[39m[31m[1m^[22m[39m[31m[1m^[22m[39m
[31m[1m^[22m[39m[31m[1m^[22m[39m[31m[1
m^[22m[39m[31m[1m^[22m[39m[31m[1m^[22m
[39m[31m[1m^[22m[39m[31m[1m^[22m[39m[
31m[1m^[22m[39m[31m[1m^[22m[39m[31m[1m
^[22m[39m[31m[1m^[22m[39m[31m[1m^[22m
[39m
 [90m  8 |[39m [36mimport[39m { 
translations } [36mfrom[39m 
[32m'@/lib/translations'[39m[33m;[39m
 [90m  9 |[39m
 [90m 10 |[39m [36mconst[39m 
[33mSTATUS_COLORS[39m [33m=[39m {[0m



Import traces:
  Client Component Browser:
    ./src/app/dashboard/visibility/page.js 
[Client Component Browser]
    ./src/app/dashboard/visibility/page.js 
[Server Component]

  Client Component SSR:
    ./src/app/dashboard/visibility/page.js 
[Client Component SSR]
    ./src/app/dashboard/visibility/page.js 
[Server Component]

https://nextjs.org/docs/messages/module-not-fou
nd


./src/app/layout.js:14:1
Module not found: Can't resolve 
'@/lib/AuthContext'
[0m [90m 12 |[39m }[33m;[39m
 [90m 13 |[39m
[31m[1m>[22m[39m[90m 14 |[39m 
[36mimport[39m { [33mAuthProvider[39m } 
[36mfrom[39m 
[32m'@/lib/AuthContext'[39m[33m;[39m
 [90m    |[39m [31m[1m^[22m[39m[31m[1m^
[22m[39m[31m[1m^[22m[39m[31m[1m^[22m[
39m[31m[1m^[22m[39m[31m[1m^[22m[39m[31
m[1m^[22m[39m[31m[1m^[22m[39m[31m[1m^
[22m[39m[31m[1m^[22m[39m[31m[1m^[22m[3
9m[31m[1m^[22m[39m[31m[1m^[22m[39m[31m
[1m^[22m[39m[31m[1m^[22m[39m[31m[1m^[
22m[39m[31m[1m^[22m[39m[31m[1m^[22m[39
m[31m[1m^[22m[39m[31m[1m^[22m[39m[31m
[1m^[22m[39m[31m[1m^[22m[39m[31m[1m^[2
2m[39m[31m[1m^[22m[39m[31m[1m^[22m[39m
[31m[1m^[22m[39m[31m[1m^[22m[39m[31m[
1m^[22m[39m[31m[1m^[22m[39m[31m[1m^[22
m[39m[31m[1m^[22m[39m[31m[1m^[22m[39m
[31m[1m^[22m[39m[31m[1m^[22m[39m[31m[1
m^[22m[39m[31m[1m^[22m[39m[31m[1m^[22m
[39m[31m[1m^[22m[39m[31m[1m^[22m[39m[
31m[1m^[22m[39m[31m[1m^[22m[39m[31m[1m
^[22m[39m[31m[1m^[22m[39m[31m[1m^[22m
[39m[31m[1m^[22m[39m[31m[1m^[22m[39m[3
1m[1m^[22m[39m[31m[1m^[22m[39m[31m[1m^
[22m[39m
 [90m 15 |[39m
 [90m 16 |[39m [36mexport[39m 
[36mdefault[39m [36mfunction[39m 
[33mRootLayout[39m({ children }) {
 [90m 17 |[39m   [36mreturn[39m ([0m



https://nextjs.org/docs/messages/module-not-fou
nd


./src/app/dashboard/export/page.js:7:1
Module not found: Can't resolve 
'@/lib/calculations'
[0m [90m  5 |[39m [36mimport[39m { 
useSearchParams } [36mfrom[39m 
[32m'next/navigation'[39m[33m;[39m
 [90m  6 |[39m [36mimport[39m 
[33mFeatureLayout[39m [36mfrom[39m [32m'@/
components/FeatureLayout'[39m[33m;[39m
[31m[1m>[22m[39m[90m  7 |[39m 
[36mimport[39m { 
calculateExportOpportunity[33m,[39m 
[33mEXPORT_CATEGORIES[39m[33m,[39m 
formatINR[33m,[39m formatINRFull } 
[36mfrom[39m 
[32m'@/lib/calculations'[39m[33m;[39m
 [90m    |[39m [31m[1m^[22m[39m[31m[1m^
[22m[39m[31m[1m^[22m[39m[31m[1m^[22m[
39m[31m[1m^[22m[39m[31m[1m^[22m[39m[31
m[1m^[22m[39m[31m[1m^[22m[39m[31m[1m^
[22m[39m[31m[1m^[22m[39m[31m[1m^[22m[3
9m[31m[1m^[22m[39m[31m[1m^[22m[39m[31m
[1m^[22m[39m[31m[1m^[22m[39m[31m[1m^[
22m[39m[31m[1m^[22m[39m[31m[1m^[22m[39
m[31m[1m^[22m[39m[31m[1m^[22m[39m[31m
[1m^[22m[39m[31m[1m^[22m[39m[31m[1m^[2
2m[39m[31m[1m^[22m[39m[31m[1m^[22m[39m
[31m[1m^[22m[39m[31m[1m^[22m[39m[31m[
1m^[22m[39m[31m[1m^[22m[39m[31m[1m^[22
m[39m[31m[1m^[22m[39m[31m[1m^[22m[39m
[31m[1m^[22m[39m[31m[1m^[22m[39m[31m[1
m^[22m[39m[31m[1m^[22m[39m[31m[1m^[22m
[39m[31m[1m^[22m[39m[31m[1m^[22m[39m[
31m[1m^[22m[39m[31m[1m^[22m[39m[31m[1m
^[22m[39m[31m[1m^[22m[39m[31m[1m^[22m
[39m[31m[1m^[22m[39m[31m[1m^[22m[39m[3
1m[1m^[22m[39m[31m[1m^[22m[39m[31m[1m^
[22m[39m[31m[1m^[22m[39m[31m[1m^[22m[
39m[31m[1m^[22m[39m[31m[1m^[22m[39m[31
m[1m^[22m[39m[31m[1m^[22m[39m[31m[1m^
[22m[39m[31m[1m^[22m[39m[31m[1m^[22m[3
9m[31m[1m^[22m[39m[31m[1m^[22m[39m[31m
[1m^[22m[39m[31m[1m^[22m[39m[31m[1m^[
22m[39m[31m[1m^[22m[39m[31m[1m^[22m[39
m[31m[1m^[22m[39m[31m[1m^[22m[39m[31m
[1m^[22m[39m[31m[1m^[22m[39m[31m[1m^[2
2m[39m[31m[1m^[22m[39m[31m[1m^[22m[39m
[31m[1m^[22m[39m[31m[1m^[22m[39m[31m[
1m^[22m[39m[31m[1m^[22m[39m[31m[1m^[22
m[39m[31m[1m^[22m[39m[31m[1m^[22m[39m
[31m[1m^[22m[39m[31m[1m^[22m[39m[31m[1
m^[22m[39m[31m[1m^[22m[39m[31m[1m^[22m
[39m[31m[1m^[22m[39m[31m[1m^[22m[39m[
31m[1m^[22m[39m[31m[1m^[22m[39m[31m[1m
^[22m[39m[31m[1m^[22m[39m[31m[1m^[22m
[39m[31m[1m^[22m[39m[31m[1m^[22m[39m[3
1m[1m^[22m[39m[31m[1m^[22m[39m[31m[1m^
[22m[39m[31m[1m^[22m[39m[31m[1m^[22m[
39m[31m[1m^[22m[39m[31m[1m^[22m[39m[31
m[1m^[22m[39m[31m[1m^[22m[39m[31m[1m^
[22m[39m[31m[1m^[22m[39m[31m[1m^[22m[3
9m[31m[1m^[22m[39m[31m[1m^[22m[39m[31m
[1m^[22m[39m[31m[1m^[22m[39m
 [90m  8 |[39m [36mimport[39m { supabase } 
[36mfrom[39m 
[32m'@/lib/supabaseClient'[39m[33m;[39m
 [90m  9 |[39m [36mimport[39m { useAuth } 
[36mfrom[39m 
[32m'@/lib/AuthContext'[39m[33m;[39m
 [90m 10 |[39m [36mimport[39m { 
translations } [36mfrom[39m 
[32m'@/lib/translations'[39m[33m;[39m[0m



Import traces:
  Client Component Browser:
    ./src/app/dashboard/export/page.js [Client 
Component Browser]
    ./src/app/dashboard/export/page.js [Server 
Component]

  Client Component SSR:
    ./src/app/dashboard/export/page.js [Client 
Component SSR]
    ./src/app/dashboard/export/page.js [Server 
Component]

https://nextjs.org/docs/messages/module-not-fou
nd


./src/app/dashboard/export/page.js:5:1
Module not found: Can't resolve 
'@/lib/calculations'
[0m [90m 3 |[39m [36mimport[39m { 
useSearchParams } [36mfrom[39m 
[32m'next/navigation'[39m[33m;[39m
 [90m 4 |[39m [36mimport[39m 
[33mFeatureLayout[39m [36mfrom[39m [32m'@/
components/FeatureLayout'[39m[33m;[39m
[31m[1m>[22m[39m[90m 5 |[39m 
[36mimport[39m { 
calculateExportOpportunity[33m,[39m 
[33mEXPORT_CATEGORIES[39m[33m,[39m 
formatINR[33m,[39m formatINRFull } 
[36mfrom[39m 
[32m'@/lib/calculations'[39m[33m;[39m
 [90m   |[39m [31m[1m^[22m[39m[31m[1m^
[22m[39m[31m[1m^[22m[39m[31m[1m^[22m[3
9m[31m[1m^[22m[39m[31m[1m^[22m[39m[31m
[1m^[22m[39m[31m[1m^[22m[39m[31m[1m^[
22m[39m[31m[1m^[22m[39m[31m[1m^[22m[39
m[31m[1m^[22m[39m[31m[1m^[22m[39m[31m
[1m^[22m[39m[31m[1m^[22m[39m[31m[1m^[2
2m[39m[31m[1m^[22m[39m[31m[1m^[22m[39m
[31m[1m^[22m[39m[31m[1m^[22m[39m[31m[
1m^[22m[39m[31m[1m^[22m[39m[31m[1m^[22
m[39m[31m[1m^[22m[39m[31m[1m^[22m[39m
[31m[1m^[22m[39m[31m[1m^[22m[39m[31m[1
m^[22m[39m[31m[1m^[22m[39m[31m[1m^[22m
[39m[31m[1m^[22m[39m[31m[1m^[22m[39m[
31m[1m^[22m[39m[31m[1m^[22m[39m[31m[1m
^[22m[39m[31m[1m^[22m[39m[31m[1m^[22m
[39m[31m[1m^[22m[39m[31m[1m^[22m[39m[3
1m[1m^[22m[39m[31m[1m^[22m[39m[31m[1m^
[22m[39m[31m[1m^[22m[39m[31m[1m^[22m[
39m[31m[1m^[22m[39m[31m[1m^[22m[39m[31
m[1m^[22m[39m[31m[1m^[22m[39m[31m[1m^
[22m[39m[31m[1m^[22m[39m[31m[1m^[22m[3
9m[31m[1m^[22m[39m[31m[1m^[22m[39m[31m
[1m^[22m[39m[31m[1m^[22m[39m[31m[1m^[
22m[39m[31m[1m^[22m[39m[31m[1m^[22m[39
m[31m[1m^[22m[39m[31m[1m^[22m[39m[31m
[1m^[22m[39m[31m[1m^[22m[39m[31m[1m^[2
2m[39m[31m[1m^[22m[39m[31m[1m^[22m[39m
[31m[1m^[22m[39m[31m[1m^[22m[39m[31m[
1m^[22m[39m[31m[1m^[22m[39m[31m[1m^[22
m[39m[31m[1m^[22m[39m[31m[1m^[22m[39m
[31m[1m^[22m[39m[31m[1m^[22m[39m[31m[1
m^[22m[39m[31m[1m^[22m[39m[31m[1m^[22m
[39m[31m[1m^[22m[39m[31m[1m^[22m[39m[
31m[1m^[22m[39m[31m[1m^[22m[39m[31m[1m
^[22m[39m[31m[1m^[22m[39m[31m[1m^[22m
[39m[31m[1m^[22m[39m[31m[1m^[22m[39m[3
1m[1m^[22m[39m[31m[1m^[22m[39m[31m[1m^
[22m[39m[31m[1m^[22m[39m[31m[1m^[22m[
39m[31m[1m^[22m[39m[31m[1m^[22m[39m[31
m[1m^[22m[39m[31m[1m^[22m[39m[31m[1m^
[22m[39m[31m[1m^[22m[39m[31m[1m^[22m[3
9m[31m[1m^[22m[39m[31m[1m^[22m[39m[31m
[1m^[22m[39m[31m[1m^[22m[39m[31m[1m^[
22m[39m[31m[1m^[22m[39m[31m[1m^[22m[39
m[31m[1m^[22m[39m[31m[1m^[22m[39m[31m
[1m^[22m[39m[31m[1m^[22m[39m
 [90m 6 |[39m [36mimport[39m { supabase } 
[36mfrom[39m 
[32m'@/lib/supabaseClient'[39m[33m;[39m
 [90m 7 |[39m [36mimport[39m { useAuth } 
[36mfrom[39m 
[32m'@/lib/AuthContext'[39m[33m;[39m
 [90m 8 |[39m [36mimport[39m { 
translations } [36mfrom[39m 
[32m'@/lib/translations'[39m[33m;[39m[0m



Import traces:
  Client Component Browser:
    ./src/app/dashboard/export/page.js [Client 
Component Browser]
    ./src/app/dashboard/export/page.js [Server 
Component]

  Client Component SSR:
    ./src/app/dashboard/export/page.js [Client 
Component SSR]
    ./src/app/dashboard/export/page.js [Server 
Component]

https://nextjs.org/docs/messages/module-not-fou
nd


./src/app/dashboard/loss-audit/page.js:7:1
Module not found: Can't resolve 
'@/lib/calculations'
[0m [90m  5 |[39m [36mimport[39m { 
useSearchParams } [36mfrom[39m 
[32m'next/navigation'[39m[33m;[39m
 [90m  6 |[39m [36mimport[39m 
[33mFeatureLayout[39m [36mfrom[39m [32m'@/
components/FeatureLayout'[39m[33m;[39m
[31m[1m>[22m[39m[90m  7 |[39m 
[36mimport[39m { 
calculateLossAudit[33m,[39m 
formatINR[33m,[39m formatINRFull } 
[36mfrom[39m 
[32m'@/lib/calculations'[39m[33m;[39m
 [90m    |[39m [31m[1m^[22m[39m[31m[1m^
[22m[39m[31m[1m^[22m[39m[31m[1m^[22m[
39m[31m[1m^[22m[39m[31m[1m^[22m[39m[31
m[1m^[22m[39m[31m[1m^[22m[39m[31m[1m^
[22m[39m[31m[1m^[22m[39m[31m[1m^[22m[3
9m[31m[1m^[22m[39m[31m[1m^[22m[39m[31m
[1m^[22m[39m[31m[1m^[22m[39m[31m[1m^[
22m[39m[31m[1m^[22m[39m[31m[1m^[22m[39
m[31m[1m^[22m[39m[31m[1m^[22m[39m[31m
[1m^[22m[39m[31m[1m^[22m[39m[31m[1m^[2
2m[39m[31m[1m^[22m[39m[31m[1m^[22m[39m
[31m[1m^[22m[39m[31m[1m^[22m[39m[31m[
1m^[22m[39m[31m[1m^[22m[39m[31m[1m^[22
m[39m[31m[1m^[22m[39m[31m[1m^[22m[39m
[31m[1m^[22m[39m[31m[1m^[22m[39m[31m[1
m^[22m[39m[31m[1m^[22m[39m[31m[1m^[22m
[39m[31m[1m^[22m[39m[31m[1m^[22m[39m[
31m[1m^[22m[39m[31m[1m^[22m[39m[31m[1m
^[22m[39m[31m[1m^[22m[39m[31m[1m^[22m
[39m[31m[1m^[22m[39m[31m[1m^[22m[39m[3
1m[1m^[22m[39m[31m[1m^[22m[39m[31m[1m^
[22m[39m[31m[1m^[22m[39m[31m[1m^[22m[
39m[31m[1m^[22m[39m[31m[1m^[22m[39m[31
m[1m^[22m[39m[31m[1m^[22m[39m[31m[1m^
[22m[39m[31m[1m^[22m[39m[31m[1m^[22m[3
9m[31m[1m^[22m[39m[31m[1m^[22m[39m[31m
[1m^[22m[39m[31m[1m^[22m[39m[31m[1m^[
22m[39m[31m[1m^[22m[39m[31m[1m^[22m[39
m[31m[1m^[22m[39m[31m[1m^[22m[39m[31m
[1m^[22m[39m[31m[1m^[22m[39m[31m[1m^[2
2m[39m[31m[1m^[22m[39m[31m[1m^[22m[39m
[31m[1m^[22m[39m[31m[1m^[22m[39m[31m[
1m^[22m[39m[31m[1m^[22m[39m[31m[1m^[22
m[39m[31m[1m^[22m[39m[31m[1m^[22m[39m
[31m[1m^[22m[39m[31m[1m^[22m[39m[31m[1
m^[22m[39m
 [90m  8 |[39m [36mimport[39m { supabase } 
[36mfrom[39m 
[32m'@/lib/supabaseClient'[39m[33m;[39m
 [90m  9 |[39m [36mimport[39m { useAuth } 
[36mfrom[39m 
[32m'@/lib/AuthContext'[39m[33m;[39m
 [90m 10 |[39m [36mimport[39m { 
translations } [36mfrom[39m 
[32m'@/lib/translations'[39m[33m;[39m[0m



Import traces:
  Client Component Browser:
    ./src/app/dashboard/loss-audit/page.js 
[Client Component Browser]
    ./src/app/dashboard/loss-audit/page.js 
[Server Component]

  Client Component SSR:
    ./src/app/dashboard/loss-audit/page.js 
[Client Component SSR]
    ./src/app/dashboard/loss-audit/page.js 
[Server Component]

https://nextjs.org/docs/messages/module-not-fou
nd


./src/app/dashboard/loss-audit/page.js:5:1
Module not found: Can't resolve 
'@/lib/calculations'
[0m [90m 3 |[39m [36mimport[39m { 
useSearchParams } [36mfrom[39m 
[32m'next/navigation'[39m[33m;[39m
 [90m 4 |[39m [36mimport[39m 
[33mFeatureLayout[39m [36mfrom[39m [32m'@/
components/FeatureLayout'[39m[33m;[39m
[31m[1m>[22m[39m[90m 5 |[39m 
[36mimport[39m { 
calculateLossAudit[33m,[39m 
formatINR[33m,[39m formatINRFull } 
[36mfrom[39m 
[32m'@/lib/calculations'[39m[33m;[39m
 [90m   |[39m [31m[1m^[22m[39m[31m[1m^
[22m[39m[31m[1m^[22m[39m[31m[1m^[22m[3
9m[31m[1m^[22m[39m[31m[1m^[22m[39m[31m
[1m^[22m[39m[31m[1m^[22m[39m[31m[1m^[
22m[39m[31m[1m^[22m[39m[31m[1m^[22m[39
m[31m[1m^[22m[39m[31m[1m^[22m[39m[31m
[1m^[22m[39m[31m[1m^[22m[39m[31m[1m^[2
2m[39m[31m[1m^[22m[39m[31m[1m^[22m[39m
[31m[1m^[22m[39m[31m[1m^[22m[39m[31m[
1m^[22m[39m[31m[1m^[22m[39m[31m[1m^[22
m[39m[31m[1m^[22m[39m[31m[1m^[22m[39m
[31m[1m^[22m[39m[31m[1m^[22m[39m[31m[1
m^[22m[39m[31m[1m^[22m[39m[31m[1m^[22m
[39m[31m[1m^[22m[39m[31m[1m^[22m[39m[
31m[1m^[22m[39m[31m[1m^[22m[39m[31m[1m
^[22m[39m[31m[1m^[22m[39m[31m[1m^[22m
[39m[31m[1m^[22m[39m[31m[1m^[22m[39m[3
1m[1m^[22m[39m[31m[1m^[22m[39m[31m[1m^
[22m[39m[31m[1m^[22m[39m[31m[1m^[22m[
39m[31m[1m^[22m[39m[31m[1m^[22m[39m[31
m[1m^[22m[39m[31m[1m^[22m[39m[31m[1m^
[22m[39m[31m[1m^[22m[39m[31m[1m^[22m[3
9m[31m[1m^[22m[39m[31m[1m^[22m[39m[31m
[1m^[22m[39m[31m[1m^[22m[39m[31m[1m^[
22m[39m[31m[1m^[22m[39m[31m[1m^[22m[39
m[31m[1m^[22m[39m[31m[1m^[22m[39m[31m
[1m^[22m[39m[31m[1m^[22m[39m[31m[1m^[2
2m[39m[31m[1m^[22m[39m[31m[1m^[22m[39m
[31m[1m^[22m[39m[31m[1m^[22m[39m[31m[
1m^[22m[39m[31m[1m^[22m[39m[31m[1m^[22
m[39m[31m[1m^[22m[39m[31m[1m^[22m[39m
[31m[1m^[22m[39m[31m[1m^[22m[39m[31m[1
m^[22m[39m[31m[1m^[22m[39m[31m[1m^[22m
[39m[31m[1m^[22m[39m[31m[1m^[22m[39m[
31m[1m^[22m[39m[31m[1m^[22m[39m[31m[1m
^[22m[39m
 [90m 6 |[39m [36mimport[39m { supabase } 
[36mfrom[39m 
[32m'@/lib/supabaseClient'[39m[33m;[39m
 [90m 7 |[39m [36mimport[39m { useAuth } 
[36mfrom[39m 
[32m'@/lib/AuthContext'[39m[33m;[39m
 [90m 8 |[39m [36mimport[39m { 
translations } [36mfrom[39m 
[32m'@/lib/translations'[39m[33m;[39m[0m



Import traces:
  Client Component Browser:
    ./src/app/dashboard/loss-audit/page.js 
[Client Component Browser]
    ./src/app/dashboard/loss-audit/page.js 
[Server Component]

  Client Component SSR:
    ./src/app/dashboard/loss-audit/page.js 
[Client Component SSR]
    ./src/app/dashboard/loss-audit/page.js 
[Server Component]

https://nextjs.org/docs/messages/module-not-fou
nd


./src/app/dashboard/night-loss/page.js:7:1
Module not found: Can't resolve 
'@/lib/calculations'
[0m [90m  5 |[39m [36mimport[39m { 
useSearchParams } [36mfrom[39m 
[32m'next/navigation'[39m[33m;[39m
 [90m  6 |[39m [36mimport[39m 
[33mFeatureLayout[39m [36mfrom[39m [32m'@/
components/FeatureLayout'[39m[33m;[39m
[31m[1m>[22m[39m[90m  7 |[39m 
[36mimport[39m { 
calculateNightLoss[33m,[39m 
formatINR[33m,[39m formatINRFull } 
[36mfrom[39m 
[32m'@/lib/calculations'[39m[33m;[39m
 [90m    |[39m [31m[1m^[22m[39m[31m[1m^
[22m[39m[31m[1m^[22m[39m[31m[1m^[22m[
39m[31m[1m^[22m[39m[31m[1m^[22m[39m[31
m[1m^[22m[39m[31m[1m^[22m[39m[31m[1m^
[22m[39m[31m[1m^[22m[39m[31m[1m^[22m[3
9m[31m[1m^[22m[39m[31m[1m^[22m[39m[31m
[1m^[22m[39m[31m[1m^[22m[39m[31m[1m^[
22m[39m[31m[1m^[22m[39m[31m[1m^[22m[39
m[31m[1m^[22m[39m[31m[1m^[22m[39m[31m
[1m^[22m[39m[31m[1m^[22m[39m[31m[1m^[2
2m[39m[31m[1m^[22m[39m[31m[1m^[22m[39m
[31m[1m^[22m[39m[31m[1m^[22m[39m[31m[
1m^[22m[39m[31m[1m^[22m[39m[31m[1m^[22
m[39m[31m[1m^[22m[39m[31m[1m^[22m[39m
[31m[1m^[22m[39m[31m[1m^[22m[39m[31m[1
m^[22m[39m[31m[1m^[22m[39m[31m[1m^[22m
[39m[31m[1m^[22m[39m[31m[1m^[22m[39m[
31m[1m^[22m[39m[31m[1m^[22m[39m[31m[1m
^[22m[39m[31m[1m^[22m[39m[31m[1m^[22m
[39m[31m[1m^[22m[39m[31m[1m^[22m[39m[3
1m[1m^[22m[39m[31m[1m^[22m[39m[31m[1m^
[22m[39m[31m[1m^[22m[39m[31m[1m^[22m[
39m[31m[1m^[22m[39m[31m[1m^[22m[39m[31
m[1m^[22m[39m[31m[1m^[22m[39m[31m[1m^
[22m[39m[31m[1m^[22m[39m[31m[1m^[22m[3
9m[31m[1m^[22m[39m[31m[1m^[22m[39m[31m
[1m^[22m[39m[31m[1m^[22m[39m[31m[1m^[
22m[39m[31m[1m^[22m[39m[31m[1m^[22m[39
m[31m[1m^[22m[39m[31m[1m^[22m[39m[31m
[1m^[22m[39m[31m[1m^[22m[39m[31m[1m^[2
2m[39m[31m[1m^[22m[39m[31m[1m^[22m[39m
[31m[1m^[22m[39m[31m[1m^[22m[39m[31m[
1m^[22m[39m[31m[1m^[22m[39m[31m[1m^[22
m[39m[31m[1m^[22m[39m[31m[1m^[22m[39m
[31m[1m^[22m[39m[31m[1m^[22m[39m[31m[1
m^[22m[39m
 [90m  8 |[39m [36mimport[39m { supabase } 
[36mfrom[39m 
[32m'@/lib/supabaseClient'[39m[33m;[39m
 [90m  9 |[39m [36mimport[39m { useAuth } 
[36mfrom[39m 
[32m'@/lib/AuthContext'[39m[33m;[39m
 [90m 10 |[39m [36mimport[39m { 
translations } [36mfrom[39m 
[32m'@/lib/translations'[39m[33m;[39m[0m



Import traces:
  Client Component Browser:
    ./src/app/dashboard/night-loss/page.js 
[Client Component Browser]
    ./src/app/dashboard/night-loss/page.js 
[Server Component]

  Client Component SSR:
    ./src/app/dashboard/night-loss/page.js 
[Client Component SSR]
    ./src/app/dashboard/night-loss/page.js 
[Server Component]

https://nextjs.org/docs/messages/module-not-fou
nd


./src/app/dashboard/night-loss/page.js:5:1
Module not found: Can't resolve 
'@/lib/calculations'
[0m [90m 3 |[39m [36mimport[39m { 
useSearchParams } [36mfrom[39m 
[32m'next/navigation'[39m[33m;[39m
 [90m 4 |[39m [36mimport[39m 
[33mFeatureLayout[39m [36mfrom[39m [32m'@/
components/FeatureLayout'[39m[33m;[39m
[31m[1m>[22m[39m[90m 5 |[39m 
[36mimport[39m { 
calculateNightLoss[33m,[39m 
formatINR[33m,[39m formatINRFull } 
[36mfrom[39m 
[32m'@/lib/calculations'[39m[33m;[39m
 [90m   |[39m [31m[1m^[22m[39m[31m[1m^
[22m[39m[31m[1m^[22m[39m[31m[1m^[22m[3
9m[31m[1m^[22m[39m[31m[1m^[22m[39m[31m
[1m^[22m[39m[31m[1m^[22m[39m[31m[1m^[
22m[39m[31m[1m^[22m[39m[31m[1m^[22m[39
m[31m[1m^[22m[39m[31m[1m^[22m[39m[31m
[1m^[22m[39m[31m[1m^[22m[39m[31m[1m^[2
2m[39m[31m[1m^[22m[39m[31m[1m^[22m[39m
[31m[1m^[22m[39m[31m[1m^[22m[39m[31m[
1m^[22m[39m[31m[1m^[22m[39m[31m[1m^[22
m[39m[31m[1m^[22m[39m[31m[1m^[22m[39m
[31m[1m^[22m[39m[31m[1m^[22m[39m[31m[1
m^[22m[39m[31m[1m^[22m[39m[31m[1m^[22m
[39m[31m[1m^[22m[39m[31m[1m^[22m[39m[
31m[1m^[22m[39m[31m[1m^[22m[39m[31m[1m
^[22m[39m[31m[1m^[22m[39m[31m[1m^[22m
[39m[31m[1m^[22m[39m[31m[1m^[22m[39m[3
1m[1m^[22m[39m[31m[1m^[22m[39m[31m[1m^
[22m[39m[31m[1m^[22m[39m[31m[1m^[22m[
39m[31m[1m^[22m[39m[31m[1m^[22m[39m[31
m[1m^[22m[39m[31m[1m^[22m[39m[31m[1m^
[22m[39m[31m[1m^[22m[39m[31m[1m^[22m[3
9m[31m[1m^[22m[39m[31m[1m^[22m[39m[31m
[1m^[22m[39m[31m[1m^[22m[39m[31m[1m^[
22m[39m[31m[1m^[22m[39m[31m[1m^[22m[39
m[31m[1m^[22m[39m[31m[1m^[22m[39m[31m
[1m^[22m[39m[31m[1m^[22m[39m[31m[1m^[2
2m[39m[31m[1m^[22m[39m[31m[1m^[22m[39m
[31m[1m^[22m[39m[31m[1m^[22m[39m[31m[
1m^[22m[39m[31m[1m^[22m[39m[31m[1m^[22
m[39m[31m[1m^[22m[39m[31m[1m^[22m[39m
[31m[1m^[22m[39m[31m[1m^[22m[39m[31m[1
m^[22m[39m[31m[1m^[22m[39m[31m[1m^[22m
[39m[31m[1m^[22m[39m[31m[1m^[22m[39m[
31m[1m^[22m[39m[31m[1m^[22m[39m[31m[1m
^[22m[39m
 [90m 6 |[39m [36mimport[39m { supabase } 
[36mfrom[39m 
[32m'@/lib/supabaseClient'[39m[33m;[39m
 [90m 7 |[39m [36mimport[39m { useAuth } 
[36mfrom[39m 
[32m'@/lib/AuthContext'[39m[33m;[39m
 [90m 8 |[39m [36mimport[39m { 
translations } [36mfrom[39m 
[32m'@/lib/translations'[39m[33m;[39m[0m



Import traces:
  Client Component Browser:
    ./src/app/dashboard/night-loss/page.js 
[Client Component Browser]
    ./src/app/dashboard/night-loss/page.js 
[Server Component]

  Client Component SSR:
    ./src/app/dashboard/night-loss/page.js 
[Client Component SSR]
    ./src/app/dashboard/night-loss/page.js 
[Server Component]

https://nextjs.org/docs/messages/module-not-fou
nd


./src/app/dashboard/visibility/page.js:7:1
Module not found: Can't resolve 
'@/lib/calculations'
[0m [90m  5 |[39m [36mimport[39m { 
useSearchParams } [36mfrom[39m 
[32m'next/navigation'[39m[33m;[39m
 [90m  6 |[39m [36mimport[39m 
[33mFeatureLayout[39m [36mfrom[39m [32m'@/
components/FeatureLayout'[39m[33m;[39m
[31m[1m>[22m[39m[90m  7 |[39m 
[36mimport[39m { 
calculateVisibility[33m,[39m 
[33mVISIBILITY_SIGNALS[39m[33m,[39m 
formatINR } [36mfrom[39m 
[32m'@/lib/calculations'[39m[33m;[39m
 [90m    |[39m [31m[1m^[22m[39m[31m[1m^
[22m[39m[31m[1m^[22m[39m[31m[1m^[22m[
39m[31m[1m^[22m[39m[31m[1m^[22m[39m[31
m[1m^[22m[39m[31m[1m^[22m[39m[31m[1m^
[22m[39m[31m[1m^[22m[39m[31m[1m^[22m[3
9m[31m[1m^[22m[39m[31m[1m^[22m[39m[31m
[1m^[22m[39m[31m[1m^[22m[39m[31m[1m^[
22m[39m[31m[1m^[22m[39m[31m[1m^[22m[39
m[31m[1m^[22m[39m[31m[1m^[22m[39m[31m
[1m^[22m[39m[31m[1m^[22m[39m[31m[1m^[2
2m[39m[31m[1m^[22m[39m[31m[1m^[22m[39m
[31m[1m^[22m[39m[31m[1m^[22m[39m[31m[
1m^[22m[39m[31m[1m^[22m[39m[31m[1m^[22
m[39m[31m[1m^[22m[39m[31m[1m^[22m[39m
[31m[1m^[22m[39m[31m[1m^[22m[39m[31m[1
m^[22m[39m[31m[1m^[22m[39m[31m[1m^[22m
[39m[31m[1m^[22m[39m[31m[1m^[22m[39m[
31m[1m^[22m[39m[31m[1m^[22m[39m[31m[1m
^[22m[39m[31m[1m^[22m[39m[31m[1m^[22m
[39m[31m[1m^[22m[39m[31m[1m^[22m[39m[3
1m[1m^[22m[39m[31m[1m^[22m[39m[31m[1m^
[22m[39m[31m[1m^[22m[39m[31m[1m^[22m[
39m[31m[1m^[22m[39m[31m[1m^[22m[39m[31
m[1m^[22m[39m[31m[1m^[22m[39m[31m[1m^
[22m[39m[31m[1m^[22m[39m[31m[1m^[22m[3
9m[31m[1m^[22m[39m[31m[1m^[22m[39m[31m
[1m^[22m[39m[31m[1m^[22m[39m[31m[1m^[
22m[39m[31m[1m^[22m[39m[31m[1m^[22m[39
m[31m[1m^[22m[39m[31m[1m^[22m[39m[31m
[1m^[22m[39m[31m[1m^[22m[39m[31m[1m^[2
2m[39m[31m[1m^[22m[39m[31m[1m^[22m[39m
[31m[1m^[22m[39m[31m[1m^[22m[39m[31m[
1m^[22m[39m[31m[1m^[22m[39m[31m[1m^[22
m[39m[31m[1m^[22m[39m[31m[1m^[22m[39m
[31m[1m^[22m[39m[31m[1m^[22m[39m[31m[1
m^[22m[39m[31m[1m^[22m[39m[31m[1m^[22m
[39m[31m[1m^[22m[39m[31m[1m^[22m[39m[
31m[1m^[22m[39m[31m[1m^[22m[39m
 [90m  8 |[39m [36mimport[39m { supabase } 
[36mfrom[39m 
[32m'@/lib/supabaseClient'[39m[33m;[39m
 [90m  9 |[39m [36mimport[39m { useAuth } 
[36mfrom[39m 
[32m'@/lib/AuthContext'[39m[33m;[39m
 [90m 10 |[39m [36mimport[39m { 
translations } [36mfrom[39m 
[32m'@/lib/translations'[39m[33m;[39m[0m



Import traces:
  Client Component Browser:
    ./src/app/dashboard/visibility/page.js 
[Client Component Browser]
    ./src/app/dashboard/visibility/page.js 
[Server Component]

  Client Component SSR:
    ./src/app/dashboard/visibility/page.js 
[Client Component SSR]
    ./src/app/dashboard/visibility/page.js 
[Server Component]

https://nextjs.org/docs/messages/module-not-fou
nd


./src/app/dashboard/visibility/page.js:5:1
Module not found: Can't resolve 
'@/lib/calculations'
[0m [90m 3 |[39m [36mimport[39m { 
useSearchParams } [36mfrom[39m 
[32m'next/navigation'[39m[33m;[39m
 [90m 4 |[39m [36mimport[39m 
[33mFeatureLayout[39m [36mfrom[39m [32m'@/
components/FeatureLayout'[39m[33m;[39m
[31m[1m>[22m[39m[90m 5 |[39m 
[36mimport[39m { 
calculateVisibility[33m,[39m 
[33mVISIBILITY_SIGNALS[39m[33m,[39m 
formatINR } [36mfrom[39m 
[32m'@/lib/calculations'[39m[33m;[39m
 [90m   |[39m [31m[1m^[22m[39m[31m[1m^
[22m[39m[31m[1m^[22m[39m[31m[1m^[22m[3
9m[31m[1m^[22m[39m[31m[1m^[22m[39m[31m
[1m^[22m[39m[31m[1m^[22m[39m[31m[1m^[
22m[39m[31m[1m^[22m[39m[31m[1m^[22m[39
m[31m[1m^[22m[39m[31m[1m^[22m[39m[31m
[1m^[22m[39m[31m[1m^[22m[39m[31m[1m^[2
2m[39m[31m[1m^[22m[39m[31m[1m^[22m[39m
[31m[1m^[22m[39m[31m[1m^[22m[39m[31m[
1m^[22m[39m[31m[1m^[22m[39m[31m[1m^[22
m[39m[31m[1m^[22m[39m[31m[1m^[22m[39m
[31m[1m^[22m[39m[31m[1m^[22m[39m[31m[1
m^[22m[39m[31m[1m^[22m[39m[31m[1m^[22m
[39m[31m[1m^[22m[39m[31m[1m^[22m[39m[
31m[1m^[22m[39m[31m[1m^[22m[39m[31m[1m
^[22m[39m[31m[1m^[22m[39m[31m[1m^[22m
[39m[31m[1m^[22m[39m[31m[1m^[22m[39m[3
1m[1m^[22m[39m[31m[1m^[22m[39m[31m[1m^
[22m[39m[31m[1m^[22m[39m[31m[1m^[22m[
39m[31m[1m^[22m[39m[31m[1m^[22m[39m[31
m[1m^[22m[39m[31m[1m^[22m[39m[31m[1m^
[22m[39m[31m[1m^[22m[39m[31m[1m^[22m[3
9m[31m[1m^[22m[39m[31m[1m^[22m[39m[31m
[1m^[22m[39m[31m[1m^[22m[39m[31m[1m^[
22m[39m[31m[1m^[22m[39m[31m[1m^[22m[39
m[31m[1m^[22m[39m[31m[1m^[22m[39m[31m
[1m^[22m[39m[31m[1m^[22m[39m[31m[1m^[2
2m[39m[31m[1m^[22m[39m[31m[1m^[22m[39m
[31m[1m^[22m[39m[31m[1m^[22m[39m[31m[
1m^[22m[39m[31m[1m^[22m[39m[31m[1m^[22
m[39m[31m[1m^[22m[39m[31m[1m^[22m[39m
[31m[1m^[22m[39m[31m[1m^[22m[39m[31m[1
m^[22m[39m[31m[1m^[22m[39m[31m[1m^[22m
[39m[31m[1m^[22m[39m[31m[1m^[22m[39m[
31m[1m^[22m[39m[31m[1m^[22m[39m[31m[1m
^[22m[39m[31m[1m^[22m[39m[31m[1m^[22m
[39m[31m[1m^[22m[39m[31m[1m^[22m[39m[3
1m[1m^[22m[39m[31m[1m^[22m[39m
 [90m 6 |[39m [36mimport[39m { supabase } 
[36mfrom[39m 
[32m'@/lib/supabaseClient'[39m[33m;[39m
 [90m 7 |[39m [36mimport[39m { useAuth } 
[36mfrom[39m 
[32m'@/lib/AuthContext'[39m[33m;[39m
 [90m 8 |[39m [36mimport[39m { 
translations } [36mfrom[39m 
[32m'@/lib/translations'[39m[33m;[39m[0m



Import traces:
  Client Component Browser:
    ./src/app/dashboard/visibility/page.js 
[Client Component Browser]
    ./src/app/dashboard/visibility/page.js 
[Server Component]

  Client Component SSR:
    ./src/app/dashboard/visibility/page.js 
[Client Component SSR]
    ./src/app/dashboard/visibility/page.js 
[Server Component]

https://nextjs.org/docs/messages/module-not-fou
nd


./src/app/admin/dashboard/page.js:5:1
Module not found: Can't resolve 
'@/lib/supabaseClient'
[0m [90m 3 |[39m [36mimport[39m { 
useState[33m,[39m useEffect[33m,[39m 
useMemo } [36mfrom[39m 
[32m'react'[39m[33m;[39m
 [90m 4 |[39m [36mimport[39m { useRouter } 
[36mfrom[39m 
[32m'next/navigation'[39m[33m;[39m
[31m[1m>[22m[39m[90m 5 |[39m 
[36mimport[39m { supabase } [36mfrom[39m 
[32m'@/lib/supabaseClient'[39m[33m;[39m
 [90m   |[39m [31m[1m^[22m[39m[31m[1m^
[22m[39m[31m[1m^[22m[39m[31m[1m^[22m[3
9m[31m[1m^[22m[39m[31m[1m^[22m[39m[31m
[1m^[22m[39m[31m[1m^[22m[39m[31m[1m^[
22m[39m[31m[1m^[22m[39m[31m[1m^[22m[39
m[31m[1m^[22m[39m[31m[1m^[22m[39m[31m
[1m^[22m[39m[31m[1m^[22m[39m[31m[1m^[2
2m[39m[31m[1m^[22m[39m[31m[1m^[22m[39m
[31m[1m^[22m[39m[31m[1m^[22m[39m[31m[
1m^[22m[39m[31m[1m^[22m[39m[31m[1m^[22
m[39m[31m[1m^[22m[39m[31m[1m^[22m[39m
[31m[1m^[22m[39m[31m[1m^[22m[39m[31m[1
m^[22m[39m[31m[1m^[22m[39m[31m[1m^[22m
[39m[31m[1m^[22m[39m[31m[1m^[22m[39m[
31m[1m^[22m[39m[31m[1m^[22m[39m[31m[1m
^[22m[39m[31m[1m^[22m[39m[31m[1m^[22m
[39m[31m[1m^[22m[39m[31m[1m^[22m[39m[3
1m[1m^[22m[39m[31m[1m^[22m[39m[31m[1m^
[22m[39m[31m[1m^[22m[39m[31m[1m^[22m[
39m[31m[1m^[22m[39m[31m[1m^[22m[39m[31
m[1m^[22m[39m[31m[1m^[22m[39m
 [90m 6 |[39m [36mimport[39m { 
[33mResponsiveContainer[39m[33m,[39m 
[33mPieChart[39m[33m,[39m 
[33mPie[39m[33m,[39m 
[33mCell[39m[33m,[39m 
[33mBarChart[39m[33m,[39m 
[33mBar[39m[33m,[39m 
[33mXAxis[39m[33m,[39m 
[33mYAxis[39m[33m,[39m 
[33mTooltip[39m[33m,[39m 
[33mLegend[39m[33m,[39m 
[33mAreaChart[39m[33m,[39m [33mArea[39m 
} [36mfrom[39m 
[32m'recharts'[39m[33m;[39m
 [90m 7 |[39m [36mexport[39m 
[36mdefault[39m [36mfunction[39m 
[33mAdminDashboard[39m() {
 [90m 8 |[39m   [36mconst[39m router 
[33m=[39m useRouter()[33m;[39m[0m



Import traces:
  Client Component Browser:
    ./src/app/admin/dashboard/page.js [Client 
Component Browser]
    ./src/app/admin/dashboard/page.js [Server 
Component]

  Client Component SSR:
    ./src/app/admin/dashboard/page.js [Client 
Component SSR]
    ./src/app/admin/dashboard/page.js [Server 
Component]

https://nextjs.org/docs/messages/module-not-fou
nd


./src/app/admin/dashboard/page.js:4:1
Module not found: Can't resolve 
'@/lib/supabaseClient'
[0m [90m 2 |[39m [36mimport[39m { 
useState[33m,[39m useEffect[33m,[39m 
useMemo } [36mfrom[39m 
[32m'react'[39m[33m;[39m
 [90m 3 |[39m [36mimport[39m { useRouter } 
[36mfrom[39m 
[32m'next/navigation'[39m[33m;[39m
[31m[1m>[22m[39m[90m 4 |[39m 
[36mimport[39m { supabase } [36mfrom[39m 
[32m'@/lib/supabaseClient'[39m[33m;[39m
 [90m   |[39m [31m[1m^[22m[39m[31m[1m^
[22m[39m[31m[1m^[22m[39m[31m[1m^[22m[3
9m[31m[1m^[22m[39m[31m[1m^[22m[39m[31m
[1m^[22m[39m[31m[1m^[22m[39m[31m[1m^[
22m[39m[31m[1m^[22m[39m[31m[1m^[22m[39
m[31m[1m^[22m[39m[31m[1m^[22m[39m[31m
[1m^[22m[39m[31m[1m^[22m[39m[31m[1m^[2
2m[39m[31m[1m^[22m[39m[31m[1m^[22m[39m
[31m[1m^[22m[39m[31m[1m^[22m[39m[31m[
1m^[22m[39m[31m[1m^[22m[39m[31m[1m^[22
m[39m[31m[1m^[22m[39m[31m[1m^[22m[39m
[31m[1m^[22m[39m[31m[1m^[22m[39m[31m[1
m^[22m[39m[31m[1m^[22m[39m[31m[1m^[22m
[39m[31m[1m^[22m[39m[31m[1m^[22m[39m[
31m[1m^[22m[39m[31m[1m^[22m[39m[31m[1m
^[22m[39m[31m[1m^[22m[39m[31m[1m^[22m
[39m[31m[1m^[22m[39m[31m[1m^[22m[39m[3
1m[1m^[22m[39m[31m[1m^[22m[39m[31m[1m^
[22m[39m[31m[1m^[22m[39m[31m[1m^[22m[
39m[31m[1m^[22m[39m[31m[1m^[22m[39m[31
m[1m^[22m[39m[31m[1m^[22m[39m
 [90m 5 |[39m [36mimport[39m {
 [90m 6 |[39m     
[33mResponsiveContainer[39m[33m,[39m
 [90m 7 |[39m     
[33mPieChart[39m[33m,[39m 
[33mPie[39m[33m,[39m 
[33mCell[39m[33m,[39m[0m



Import traces:
  Client Component Browser:
    ./src/app/admin/dashboard/page.js [Client 
Component Browser]
    ./src/app/admin/dashboard/page.js [Server 
Component]

  Client Component SSR:
    ./src/app/admin/dashboard/page.js [Client 
Component SSR]
    ./src/app/admin/dashboard/page.js [Server 
Component]

https://nextjs.org/docs/messages/module-not-fou
nd


./src/app/admin/login/page.js:5:1
Module not found: Can't resolve 
'@/lib/supabaseClient'
[0m [90m 3 |[39m [36mimport[39m { 
useState } [36mfrom[39m 
[32m'react'[39m[33m;[39m
 [90m 4 |[39m [36mimport[39m { useRouter } 
[36mfrom[39m 
[32m'next/navigation'[39m[33m;[39m
[31m[1m>[22m[39m[90m 5 |[39m 
[36mimport[39m { supabase } [36mfrom[39m 
[32m'@/lib/supabaseClient'[39m[33m;[39m
 [90m   |[39m [31m[1m^[22m[39m[31m[1m^
[22m[39m[31m[1m^[22m[39m[31m[1m^[22m[3
9m[31m[1m^[22m[39m[31m[1m^[22m[39m[31m
[1m^[22m[39m[31m[1m^[22m[39m[31m[1m^[
22m[39m[31m[1m^[22m[39m[31m[1m^[22m[39
m[31m[1m^[22m[39m[31m[1m^[22m[39m[31m
[1m^[22m[39m[31m[1m^[22m[39m[31m[1m^[2
2m[39m[31m[1m^[22m[39m[31m[1m^[22m[39m
[31m[1m^[22m[39m[31m[1m^[22m[39m[31m[
1m^[22m[39m[31m[1m^[22m[39m[31m[1m^[22
m[39m[31m[1m^[22m[39m[31m[1m^[22m[39m
[31m[1m^[22m[39m[31m[1m^[22m[39m[31m[1
m^[22m[39m[31m[1m^[22m[39m[31m[1m^[22m
[39m[31m[1m^[22m[39m[31m[1m^[22m[39m[
31m[1m^[22m[39m[31m[1m^[22m[39m[31m[1m
^[22m[39m[31m[1m^[22m[39m[31m[1m^[22m
[39m[31m[1m^[22m[39m[31m[1m^[22m[39m[3
1m[1m^[22m[39m[31m[1m^[22m[39m[31m[1m^
[22m[39m[31m[1m^[22m[39m[31m[1m^[22m[
39m[31m[1m^[22m[39m[31m[1m^[22m[39m[31
m[1m^[22m[39m[31m[1m^[22m[39m
 [90m 6 |[39m [36mexport[39m 
[36mdefault[39m [36mfunction[39m 
[33mAdminLogin[39m() {
 [90m 7 |[39m   [36mconst[39m router 
[33m=[39m useRouter()[33m;[39m
 [90m 8 |[39m   [36mconst[39m 
[email[33m,[39m setEmail] [33m=[39m 
useState([32m''[39m)[33m;[39m[0m



Import traces:
  Client Component Browser:
    ./src/app/admin/login/page.js [Client 
Component Browser]
    ./src/app/admin/login/page.js [Server 
Component]

  Client Component SSR:
    ./src/app/admin/login/page.js [Client 
Component SSR]
    ./src/app/admin/login/page.js [Server 
Component]

https://nextjs.org/docs/messages/module-not-fou
nd


./src/app/admin/login/page.js:4:1
Module not found: Can't resolve 
'@/lib/supabaseClient'
[0m [90m 2 |[39m [36mimport[39m { 
useState } [36mfrom[39m 
[32m'react'[39m[33m;[39m
 [90m 3 |[39m [36mimport[39m { useRouter } 
[36mfrom[39m 
[32m'next/navigation'[39m[33m;[39m
[31m[1m>[22m[39m[90m 4 |[39m 
[36mimport[39m { supabase } [36mfrom[39m 
[32m'@/lib/supabaseClient'[39m[33m;[39m
 [90m   |[39m [31m[1m^[22m[39m[31m[1m^
[22m[39m[31m[1m^[22m[39m[31m[1m^[22m[3
9m[31m[1m^[22m[39m[31m[1m^[22m[39m[31m
[1m^[22m[39m[31m[1m^[22m[39m[31m[1m^[
22m[39m[31m[1m^[22m[39m[31m[1m^[22m[39
m[31m[1m^[22m[39m[31m[1m^[22m[39m[31m
[1m^[22m[39m[31m[1m^[22m[39m[31m[1m^[2
2m[39m[31m[1m^[22m[39m[31m[1m^[22m[39m
[31m[1m^[22m[39m[31m[1m^[22m[39m[31m[
1m^[22m[39m[31m[1m^[22m[39m[31m[1m^[22
m[39m[31m[1m^[22m[39m[31m[1m^[22m[39m
[31m[1m^[22m[39m[31m[1m^[22m[39m[31m[1
m^[22m[39m[31m[1m^[22m[39m[31m[1m^[22m
[39m[31m[1m^[22m[39m[31m[1m^[22m[39m[
31m[1m^[22m[39m[31m[1m^[22m[39m[31m[1m
^[22m[39m[31m[1m^[22m[39m[31m[1m^[22m
[39m[31m[1m^[22m[39m[31m[1m^[22m[39m[3
1m[1m^[22m[39m[31m[1m^[22m[39m[31m[1m^
[22m[39m[31m[1m^[22m[39m[31m[1m^[22m[
39m[31m[1m^[22m[39m[31m[1m^[22m[39m[31
m[1m^[22m[39m[31m[1m^[22m[39m
 [90m 5 |[39m
 [90m 6 |[39m [36mexport[39m 
[36mdefault[39m [36mfunction[39m 
[33mAdminLogin[39m() {
 [90m 7 |[39m     [36mconst[39m router 
[33m=[39m useRouter()[33m;[39m[0m



Import traces:
  Client Component Browser:
    ./src/app/admin/login/page.js [Client 
Component Browser]
    ./src/app/admin/login/page.js [Server 
Component]

  Client Component SSR:
    ./src/app/admin/login/page.js [Client 
Component SSR]
    ./src/app/admin/login/page.js [Server 
Component]

https://nextjs.org/docs/messages/module-not-fou
nd


./src/app/dashboard/export/page.js:8:1
Module not found: Can't resolve 
'@/lib/supabaseClient'
[0m [90m  6 |[39m [36mimport[39m 
[33mFeatureLayout[39m [36mfrom[39m [32m'@/
components/FeatureLayout'[39m[33m;[39m
 [90m  7 |[39m [36mimport[39m { 
calculateExportOpportunity[33m,[39m 
[33mEXPORT_CATEGORIES[39m[33m,[39m 
formatINR[33m,[39m formatINRFull } 
[36mfrom[39m 
[32m'@/lib/calculations'[39m[33m;[39m
[31m[1m>[22m[39m[90m  8 |[39m 
[36mimport[39m { supabase } [36mfrom[39m 
[32m'@/lib/supabaseClient'[39m[33m;[39m
 [90m    |[39m [31m[1m^[22m[39m[31m[1m^
[22m[39m[31m[1m^[22m[39m[31m[1m^[22m[
39m[31m[1m^[22m[39m[31m[1m^[22m[39m[31
m[1m^[22m[39m[31m[1m^[22m[39m[31m[1m^
[22m[39m[31m[1m^[22m[39m[31m[1m^[22m[3
9m[31m[1m^[22m[39m[31m[1m^[22m[39m[31m
[1m^[22m[39m[31m[1m^[22m[39m[31m[1m^[
22m[39m[31m[1m^[22m[39m[31m[1m^[22m[39
m[31m[1m^[22m[39m[31m[1m^[22m[39m[31m
[1m^[22m[39m[31m[1m^[22m[39m[31m[1m^[2
2m[39m[31m[1m^[22m[39m[31m[1m^[22m[39m
[31m[1m^[22m[39m[31m[1m^[22m[39m[31m[
1m^[22m[39m[31m[1m^[22m[39m[31m[1m^[22
m[39m[31m[1m^[22m[39m[31m[1m^[22m[39m
[31m[1m^[22m[39m[31m[1m^[22m[39m[31m[1
m^[22m[39m[31m[1m^[22m[39m[31m[1m^[22m
[39m[31m[1m^[22m[39m[31m[1m^[22m[39m[
31m[1m^[22m[39m[31m[1m^[22m[39m[31m[1m
^[22m[39m[31m[1m^[22m[39m[31m[1m^[22m
[39m[31m[1m^[22m[39m[31m[1m^[22m[39m[3
1m[1m^[22m[39m[31m[1m^[22m[39m
 [90m  9 |[39m [36mimport[39m { useAuth } 
[36mfrom[39m 
[32m'@/lib/AuthContext'[39m[33m;[39m
 [90m 10 |[39m [36mimport[39m { 
translations } [36mfrom[39m 
[32m'@/lib/translations'[39m[33m;[39m
 [90m 11 |[39m [36mexport[39m 
[36mdefault[39m [36mfunction[39m 
[33mExportPage[39m() {[0m



Import traces:
  Client Component Browser:
    ./src/app/dashboard/export/page.js [Client 
Component Browser]
    ./src/app/dashboard/export/page.js [Server 
Component]

  Client Component SSR:
    ./src/app/dashboard/export/page.js [Client 
Component SSR]
    ./src/app/dashboard/export/page.js [Server 
Component]

https://nextjs.org/docs/messages/module-not-fou
nd


./src/app/dashboard/export/page.js:6:1
Module not found: Can't resolve 
'@/lib/supabaseClient'
[0m [90m 4 |[39m [36mimport[39m 
[33mFeatureLayout[39m [36mfrom[39m [32m'@/
components/FeatureLayout'[39m[33m;[39m
 [90m 5 |[39m [36mimport[39m { 
calculateExportOpportunity[33m,[39m 
[33mEXPORT_CATEGORIES[39m[33m,[39m 
formatINR[33m,[39m formatINRFull } 
[36mfrom[39m 
[32m'@/lib/calculations'[39m[33m;[39m
[31m[1m>[22m[39m[90m 6 |[39m 
[36mimport[39m { supabase } [36mfrom[39m 
[32m'@/lib/supabaseClient'[39m[33m;[39m
 [90m   |[39m [31m[1m^[22m[39m[31m[1m^
[22m[39m[31m[1m^[22m[39m[31m[1m^[22m[3
9m[31m[1m^[22m[39m[31m[1m^[22m[39m[31m
[1m^[22m[39m[31m[1m^[22m[39m[31m[1m^[
22m[39m[31m[1m^[22m[39m[31m[1m^[22m[39
m[31m[1m^[22m[39m[31m[1m^[22m[39m[31m
[1m^[22m[39m[31m[1m^[22m[39m[31m[1m^[2
2m[39m[31m[1m^[22m[39m[31m[1m^[22m[39m
[31m[1m^[22m[39m[31m[1m^[22m[39m[31m[
1m^[22m[39m[31m[1m^[22m[39m[31m[1m^[22
m[39m[31m[1m^[22m[39m[31m[1m^[22m[39m
[31m[1m^[22m[39m[31m[1m^[22m[39m[31m[1
m^[22m[39m[31m[1m^[22m[39m[31m[1m^[22m
[39m[31m[1m^[22m[39m[31m[1m^[22m[39m[
31m[1m^[22m[39m[31m[1m^[22m[39m[31m[1m
^[22m[39m[31m[1m^[22m[39m[31m[1m^[22m
[39m[31m[1m^[22m[39m[31m[1m^[22m[39m[3
1m[1m^[22m[39m[31m[1m^[22m[39m[31m[1m^
[22m[39m[31m[1m^[22m[39m[31m[1m^[22m[
39m[31m[1m^[22m[39m[31m[1m^[22m[39m[31
m[1m^[22m[39m[31m[1m^[22m[39m
 [90m 7 |[39m [36mimport[39m { useAuth } 
[36mfrom[39m 
[32m'@/lib/AuthContext'[39m[33m;[39m
 [90m 8 |[39m [36mimport[39m { 
translations } [36mfrom[39m 
[32m'@/lib/translations'[39m[33m;[39m
 [90m 9 |[39m[0m



Import traces:
  Client Component Browser:
    ./src/app/dashboard/export/page.js [Client 
Component Browser]
    ./src/app/dashboard/export/page.js [Server 
Component]

  Client Component SSR:
    ./src/app/dashboard/export/page.js [Client 
Component SSR]
    ./src/app/dashboard/export/page.js [Server 
Component]

https://nextjs.org/docs/messages/module-not-fou
nd


./src/app/dashboard/loss-audit/page.js:8:1
Module not found: Can't resolve 
'@/lib/supabaseClient'
[0m [90m  6 |[39m [36mimport[39m 
[33mFeatureLayout[39m [36mfrom[39m [32m'@/
components/FeatureLayout'[39m[33m;[39m
 [90m  7 |[39m [36mimport[39m { 
calculateLossAudit[33m,[39m 
formatINR[33m,[39m formatINRFull } 
[36mfrom[39m 
[32m'@/lib/calculations'[39m[33m;[39m
[31m[1m>[22m[39m[90m  8 |[39m 
[36mimport[39m { supabase } [36mfrom[39m 
[32m'@/lib/supabaseClient'[39m[33m;[39m
 [90m    |[39m [31m[1m^[22m[39m[31m[1m^
[22m[39m[31m[1m^[22m[39m[31m[1m^[22m[
39m[31m[1m^[22m[39m[31m[1m^[22m[39m[31
m[1m^[22m[39m[31m[1m^[22m[39m[31m[1m^
[22m[39m[31m[1m^[22m[39m[31m[1m^[22m[3
9m[31m[1m^[22m[39m[31m[1m^[22m[39m[31m
[1m^[22m[39m[31m[1m^[22m[39m[31m[1m^[
22m[39m[31m[1m^[22m[39m[31m[1m^[22m[39
m[31m[1m^[22m[39m[31m[1m^[22m[39m[31m
[1m^[22m[39m[31m[1m^[22m[39m[31m[1m^[2
2m[39m[31m[1m^[22m[39m[31m[1m^[22m[39m
[31m[1m^[22m[39m[31m[1m^[22m[39m[31m[
1m^[22m[39m[31m[1m^[22m[39m[31m[1m^[22
m[39m[31m[1m^[22m[39m[31m[1m^[22m[39m
[31m[1m^[22m[39m[31m[1m^[22m[39m[31m[1
m^[22m[39m[31m[1m^[22m[39m[31m[1m^[22m
[39m[31m[1m^[22m[39m[31m[1m^[22m[39m[
31m[1m^[22m[39m[31m[1m^[22m[39m[31m[1m
^[22m[39m[31m[1m^[22m[39m[31m[1m^[22m
[39m[31m[1m^[22m[39m[31m[1m^[22m[39m[3
1m[1m^[22m[39m[31m[1m^[22m[39m
 [90m  9 |[39m [36mimport[39m { useAuth } 
[36mfrom[39m 
[32m'@/lib/AuthContext'[39m[33m;[39m
 [90m 10 |[39m [36mimport[39m { 
translations } [36mfrom[39m 
[32m'@/lib/translations'[39m[33m;[39m
 [90m 11 |[39m [36mexport[39m 
[36mdefault[39m [36mfunction[39m 
[33mLossAuditPage[39m() {[0m



Import traces:
  Client Component Browser:
    ./src/app/dashboard/loss-audit/page.js 
[Client Component Browser]
    ./src/app/dashboard/loss-audit/page.js 
[Server Component]

  Client Component SSR:
    ./src/app/dashboard/loss-audit/page.js 
[Client Component SSR]
    ./src/app/dashboard/loss-audit/page.js 
[Server Component]

https://nextjs.org/docs/messages/module-not-fou
nd


./src/app/dashboard/loss-audit/page.js:6:1
Module not found: Can't resolve 
'@/lib/supabaseClient'
[0m [90m 4 |[39m [36mimport[39m 
[33mFeatureLayout[39m [36mfrom[39m [32m'@/
components/FeatureLayout'[39m[33m;[39m
 [90m 5 |[39m [36mimport[39m { 
calculateLossAudit[33m,[39m 
formatINR[33m,[39m formatINRFull } 
[36mfrom[39m 
[32m'@/lib/calculations'[39m[33m;[39m
[31m[1m>[22m[39m[90m 6 |[39m 
[36mimport[39m { supabase } [36mfrom[39m 
[32m'@/lib/supabaseClient'[39m[33m;[39m
 [90m   |[39m [31m[1m^[22m[39m[31m[1m^
[22m[39m[31m[1m^[22m[39m[31m[1m^[22m[3
9m[31m[1m^[22m[39m[31m[1m^[22m[39m[31m
[1m^[22m[39m[31m[1m^[22m[39m[31m[1m^[
22m[39m[31m[1m^[22m[39m[31m[1m^[22m[39
m[31m[1m^[22m[39m[31m[1m^[22m[39m[31m
[1m^[22m[39m[31m[1m^[22m[39m[31m[1m^[2
2m[39m[31m[1m^[22m[39m[31m[1m^[22m[39m
[31m[1m^[22m[39m[31m[1m^[22m[39m[31m[
1m^[22m[39m[31m[1m^[22m[39m[31m[1m^[22
m[39m[31m[1m^[22m[39m[31m[1m^[22m[39m
[31m[1m^[22m[39m[31m[1m^[22m[39m[31m[1
m^[22m[39m[31m[1m^[22m[39m[31m[1m^[22m
[39m[31m[1m^[22m[39m[31m[1m^[22m[39m[
31m[1m^[22m[39m[31m[1m^[22m[39m[31m[1m
^[22m[39m[31m[1m^[22m[39m[31m[1m^[22m
[39m[31m[1m^[22m[39m[31m[1m^[22m[39m[3
1m[1m^[22m[39m[31m[1m^[22m[39m[31m[1m^
[22m[39m[31m[1m^[22m[39m[31m[1m^[22m[
39m[31m[1m^[22m[39m[31m[1m^[22m[39m[31
m[1m^[22m[39m[31m[1m^[22m[39m
 [90m 7 |[39m [36mimport[39m { useAuth } 
[36mfrom[39m 
[32m'@/lib/AuthContext'[39m[33m;[39m
 [90m 8 |[39m [36mimport[39m { 
translations } [36mfrom[39m 
[32m'@/lib/translations'[39m[33m;[39m
 [90m 9 |[39m[0m



Import traces:
  Client Component Browser:
    ./src/app/dashboard/loss-audit/page.js 
[Client Component Browser]
    ./src/app/dashboard/loss-audit/page.js 
[Server Component]

  Client Component SSR:
    ./src/app/dashboard/loss-audit/page.js 
[Client Component SSR]
    ./src/app/dashboard/loss-audit/page.js 
[Server Component]

https://nextjs.org/docs/messages/module-not-fou
nd


./src/app/dashboard/night-loss/page.js:8:1
Module not found: Can't resolve 
'@/lib/supabaseClient'
[0m [90m  6 |[39m [36mimport[39m 
[33mFeatureLayout[39m [36mfrom[39m [32m'@/
components/FeatureLayout'[39m[33m;[39m
 [90m  7 |[39m [36mimport[39m { 
calculateNightLoss[33m,[39m 
formatINR[33m,[39m formatINRFull } 
[36mfrom[39m 
[32m'@/lib/calculations'[39m[33m;[39m
[31m[1m>[22m[39m[90m  8 |[39m 
[36mimport[39m { supabase } [36mfrom[39m 
[32m'@/lib/supabaseClient'[39m[33m;[39m
 [90m    |[39m [31m[1m^[22m[39m[31m[1m^
[22m[39m[31m[1m^[22m[39m[31m[1m^[22m[
39m[31m[1m^[22m[39m[31m[1m^[22m[39m[31
m[1m^[22m[39m[31m[1m^[22m[39m[31m[1m^
[22m[39m[31m[1m^[22m[39m[31m[1m^[22m[3
9m[31m[1m^[22m[39m[31m[1m^[22m[39m[31m
[1m^[22m[39m[31m[1m^[22m[39m[31m[1m^[
22m[39m[31m[1m^[22m[39m[31m[1m^[22m[39
m[31m[1m^[22m[39m[31m[1m^[22m[39m[31m
[1m^[22m[39m[31m[1m^[22m[39m[31m[1m^[2
2m[39m[31m[1m^[22m[39m[31m[1m^[22m[39m
[31m[1m^[22m[39m[31m[1m^[22m[39m[31m[
1m^[22m[39m[31m[1m^[22m[39m[31m[1m^[22
m[39m[31m[1m^[22m[39m[31m[1m^[22m[39m
[31m[1m^[22m[39m[31m[1m^[22m[39m[31m[1
m^[22m[39m[31m[1m^[22m[39m[31m[1m^[22m
[39m[31m[1m^[22m[39m[31m[1m^[22m[39m[
31m[1m^[22m[39m[31m[1m^[22m[39m[31m[1m
^[22m[39m[31m[1m^[22m[39m[31m[1m^[22m
[39m[31m[1m^[22m[39m[31m[1m^[22m[39m[3
1m[1m^[22m[39m[31m[1m^[22m[39m
 [90m  9 |[39m [36mimport[39m { useAuth } 
[36mfrom[39m 
[32m'@/lib/AuthContext'[39m[33m;[39m
 [90m 10 |[39m [36mimport[39m { 
translations } [36mfrom[39m 
[32m'@/lib/translations'[39m[33m;[39m
 [90m 11 |[39m [36mexport[39m 
[36mdefault[39m [36mfunction[39m 
[33mNightLossPage[39m() {[0m



Import traces:
  Client Component Browser:
    ./src/app/dashboard/night-loss/page.js 
[Client Component Browser]
    ./src/app/dashboard/night-loss/page.js 
[Server Component]

  Client Component SSR:
    ./src/app/dashboard/night-loss/page.js 
[Client Component SSR]
    ./src/app/dashboard/night-loss/page.js 
[Server Component]

https://nextjs.org/docs/messages/module-not-fou
nd


./src/app/dashboard/night-loss/page.js:6:1
Module not found: Can't resolve 
'@/lib/supabaseClient'
[0m [90m 4 |[39m [36mimport[39m 
[33mFeatureLayout[39m [36mfrom[39m [32m'@/
components/FeatureLayout'[39m[33m;[39m
 [90m 5 |[39m [36mimport[39m { 
calculateNightLoss[33m,[39m 
formatINR[33m,[39m formatINRFull } 
[36mfrom[39m 
[32m'@/lib/calculations'[39m[33m;[39m
[31m[1m>[22m[39m[90m 6 |[39m 
[36mimport[39m { supabase } [36mfrom[39m 
[32m'@/lib/supabaseClient'[39m[33m;[39m
 [90m   |[39m [31m[1m^[22m[39m[31m[1m^
[22m[39m[31m[1m^[22m[39m[31m[1m^[22m[3
9m[31m[1m^[22m[39m[31m[1m^[22m[39m[31m
[1m^[22m[39m[31m[1m^[22m[39m[31m[1m^[
22m[39m[31m[1m^[22m[39m[31m[1m^[22m[39
m[31m[1m^[22m[39m[31m[1m^[22m[39m[31m
[1m^[22m[39m[31m[1m^[22m[39m[31m[1m^[2
2m[39m[31m[1m^[22m[39m[31m[1m^[22m[39m
[31m[1m^[22m[39m[31m[1m^[22m[39m[31m[
1m^[22m[39m[31m[1m^[22m[39m[31m[1m^[22
m[39m[31m[1m^[22m[39m[31m[1m^[22m[39m
[31m[1m^[22m[39m[31m[1m^[22m[39m[31m[1
m^[22m[39m[31m[1m^[22m[39m[31m[1m^[22m
[39m[31m[1m^[22m[39m[31m[1m^[22m[39m[
31m[1m^[22m[39m[31m[1m^[22m[39m[31m[1m
^[22m[39m[31m[1m^[22m[39m[31m[1m^[22m
[39m[31m[1m^[22m[39m[31m[1m^[22m[39m[3
1m[1m^[22m[39m[31m[1m^[22m[39m[31m[1m^
[22m[39m[31m[1m^[22m[39m[31m[1m^[22m[
39m[31m[1m^[22m[39m[31m[1m^[22m[39m[31
m[1m^[22m[39m[31m[1m^[22m[39m
 [90m 7 |[39m [36mimport[39m { useAuth } 
[36mfrom[39m 
[32m'@/lib/AuthContext'[39m[33m;[39m
 [90m 8 |[39m [36mimport[39m { 
translations } [36mfrom[39m 
[32m'@/lib/translations'[39m[33m;[39m
 [90m 9 |[39m[0m



Import traces:
  Client Component Browser:
    ./src/app/dashboard/night-loss/page.js 
[Client Component Browser]
    ./src/app/dashboard/night-loss/page.js 
[Server Component]

  Client Component SSR:
    ./src/app/dashboard/night-loss/page.js 
[Client Component SSR]
    ./src/app/dashboard/night-loss/page.js 
[Server Component]

https://nextjs.org/docs/messages/module-not-fou
nd


./src/app/dashboard/visibility/page.js:8:1
Module not found: Can't resolve 
'@/lib/supabaseClient'
[0m [90m  6 |[39m [36mimport[39m 
[33mFeatureLayout[39m [36mfrom[39m [32m'@/
components/FeatureLayout'[39m[33m;[39m
 [90m  7 |[39m [36mimport[39m { 
calculateVisibility[33m,[39m 
[33mVISIBILITY_SIGNALS[39m[33m,[39m 
formatINR } [36mfrom[39m 
[32m'@/lib/calculations'[39m[33m;[39m
[31m[1m>[22m[39m[90m  8 |[39m 
[36mimport[39m { supabase } [36mfrom[39m 
[32m'@/lib/supabaseClient'[39m[33m;[39m
 [90m    |[39m [31m[1m^[22m[39m[31m[1m^
[22m[39m[31m[1m^[22m[39m[31m[1m^[22m[
39m[31m[1m^[22m[39m[31m[1m^[22m[39m[31
m[1m^[22m[39m[31m[1m^[22m[39m[31m[1m^
[22m[39m[31m[1m^[22m[39m[31m[1m^[22m[3
9m[31m[1m^[22m[39m[31m[1m^[22m[39m[31m
[1m^[22m[39m[31m[1m^[22m[39m[31m[1m^[
22m[39m[31m[1m^[22m[39m[31m[1m^[22m[39
m[31m[1m^[22m[39m[31m[1m^[22m[39m[31m
[1m^[22m[39m[31m[1m^[22m[39m[31m[1m^[2
2m[39m[31m[1m^[22m[39m[31m[1m^[22m[39m
[31m[1m^[22m[39m[31m[1m^[22m[39m[31m[
1m^[22m[39m[31m[1m^[22m[39m[31m[1m^[22
m[39m[31m[1m^[22m[39m[31m[1m^[22m[39m
[31m[1m^[22m[39m[31m[1m^[22m[39m[31m[1
m^[22m[39m[31m[1m^[22m[39m[31m[1m^[22m
[39m[31m[1m^[22m[39m[31m[1m^[22m[39m[
31m[1m^[22m[39m[31m[1m^[22m[39m[31m[1m
^[22m[39m[31m[1m^[22m[39m[31m[1m^[22m
[39m[31m[1m^[22m[39m[31m[1m^[22m[39m[3
1m[1m^[22m[39m[31m[1m^[22m[39m
 [90m  9 |[39m [36mimport[39m { useAuth } 
[36mfrom[39m 
[32m'@/lib/AuthContext'[39m[33m;[39m
 [90m 10 |[39m [36mimport[39m { 
translations } [36mfrom[39m 
[32m'@/lib/translations'[39m[33m;[39m
 [90m 11 |[39m [36mconst[39m 
[33mSTATUS_COLORS[39m [33m=[39m {[0m



Import traces:
  Client Component Browser:
    ./src/app/dashboard/visibility/page.js 
[Client Component Browser]
    ./src/app/dashboard/visibility/page.js 
[Server Component]

  Client Component SSR:
    ./src/app/dashboard/visibility/page.js 
[Client Component SSR]
    ./src/app/dashboard/visibility/page.js 
[Server Component]

https://nextjs.org/docs/messages/module-not-fou
nd


./src/app/dashboard/visibility/page.js:6:1
Module not found: Can't resolve 
'@/lib/supabaseClient'
[0m [90m 4 |[39m [36mimport[39m 
[33mFeatureLayout[39m [36mfrom[39m [32m'@/
components/FeatureLayout'[39m[33m;[39m
 [90m 5 |[39m [36mimport[39m { 
calculateVisibility[33m,[39m 
[33mVISIBILITY_SIGNALS[39m[33m,[39m 
formatINR } [36mfrom[39m 
[32m'@/lib/calculations'[39m[33m;[39m
[31m[1m>[22m[39m[90m 6 |[39m 
[36mimport[39m { supabase } [36mfrom[39m 
[32m'@/lib/supabaseClient'[39m[33m;[39m
 [90m   |[39m [31m[1m^[22m[39m[31m[1m^
[22m[39m[31m[1m^[22m[39m[31m[1m^[22m[3
9m[31m[1m^[22m[39m[31m[1m^[22m[39m[31m
[1m^[22m[39m[31m[1m^[22m[39m[31m[1m^[
22m[39m[31m[1m^[22m[39m[31m[1m^[22m[39
m[31m[1m^[22m[39m[31m[1m^[22m[39m[31m
[1m^[22m[39m[31m[1m^[22m[39m[31m[1m^[2
2m[39m[31m[1m^[22m[39m[31m[1m^[22m[39m
[31m[1m^[22m[39m[31m[1m^[22m[39m[31m[
1m^[22m[39m[31m[1m^[22m[39m[31m[1m^[22
m[39m[31m[1m^[22m[39m[31m[1m^[22m[39m
[31m[1m^[22m[39m[31m[1m^[22m[39m[31m[1
m^[22m[39m[31m[1m^[22m[39m[31m[1m^[22m
[39m[31m[1m^[22m[39m[31m[1m^[22m[39m[
31m[1m^[22m[39m[31m[1m^[22m[39m[31m[1m
^[22m[39m[31m[1m^[22m[39m[31m[1m^[22m
[39m[31m[1m^[22m[39m[31m[1m^[22m[39m[3
1m[1m^[22m[39m[31m[1m^[22m[39m[31m[1m^
[22m[39m[31m[1m^[22m[39m[31m[1m^[22m[
39m[31m[1m^[22m[39m[31m[1m^[22m[39m[31
m[1m^[22m[39m[31m[1m^[22m[39m
 [90m 7 |[39m [36mimport[39m { useAuth } 
[36mfrom[39m 
[32m'@/lib/AuthContext'[39m[33m;[39m
 [90m 8 |[39m [36mimport[39m { 
translations } [36mfrom[39m 
[32m'@/lib/translations'[39m[33m;[39m
 [90m 9 |[39m[0m



Import traces:
  Client Component Browser:
    ./src/app/dashboard/visibility/page.js 
[Client Component Browser]
    ./src/app/dashboard/visibility/page.js 
[Server Component]

  Client Component SSR:
    ./src/app/dashboard/visibility/page.js 
[Client Component SSR]
    ./src/app/dashboard/visibility/page.js 
[Server Component]

https://nextjs.org/docs/messages/module-not-fou
nd


./src/app/dashboard/export/page.js:10:1
Module not found: Can't resolve 
'@/lib/translations'
[0m [90m  8 |[39m [36mimport[39m { 
supabase } [36mfrom[39m 
[32m'@/lib/supabaseClient'[39m[33m;[39m
 [90m  9 |[39m [36mimport[39m { useAuth } 
[36mfrom[39m 
[32m'@/lib/AuthContext'[39m[33m;[39m
[31m[1m>[22m[39m[90m 10 |[39m 
[36mimport[39m { translations } 
[36mfrom[39m 
[32m'@/lib/translations'[39m[33m;[39m
 [90m    |[39m [31m[1m^[22m[39m[31m[1m^
[22m[39m[31m[1m^[22m[39m[31m[1m^[22m[
39m[31m[1m^[22m[39m[31m[1m^[22m[39m[31
m[1m^[22m[39m[31m[1m^[22m[39m[31m[1m^
[22m[39m[31m[1m^[22m[39m[31m[1m^[22m[3
9m[31m[1m^[22m[39m[31m[1m^[22m[39m[31m
[1m^[22m[39m[31m[1m^[22m[39m[31m[1m^[
22m[39m[31m[1m^[22m[39m[31m[1m^[22m[39
m[31m[1m^[22m[39m[31m[1m^[22m[39m[31m
[1m^[22m[39m[31m[1m^[22m[39m[31m[1m^[2
2m[39m[31m[1m^[22m[39m[31m[1m^[22m[39m
[31m[1m^[22m[39m[31m[1m^[22m[39m[31m[
1m^[22m[39m[31m[1m^[22m[39m[31m[1m^[22
m[39m[31m[1m^[22m[39m[31m[1m^[22m[39m
[31m[1m^[22m[39m[31m[1m^[22m[39m[31m[1
m^[22m[39m[31m[1m^[22m[39m[31m[1m^[22m
[39m[31m[1m^[22m[39m[31m[1m^[22m[39m[
31m[1m^[22m[39m[31m[1m^[22m[39m[31m[1m
^[22m[39m[31m[1m^[22m[39m[31m[1m^[22m
[39m[31m[1m^[22m[39m[31m[1m^[22m[39m[3
1m[1m^[22m[39m[31m[1m^[22m[39m[31m[1m^
[22m[39m[31m[1m^[22m[39m
 [90m 11 |[39m [36mexport[39m 
[36mdefault[39m [36mfunction[39m 
[33mExportPage[39m() {
 [90m 12 |[39m   [36mconst[39m $ 
[33m=[39m _c([35m71[39m)[33m;[39m
 [90m 13 |[39m   [36mconst[39m {[0m



Import traces:
  Client Component Browser:
    ./src/app/dashboard/export/page.js [Client 
Component Browser]
    ./src/app/dashboard/export/page.js [Server 
Component]

  Client Component SSR:
    ./src/app/dashboard/export/page.js [Client 
Component SSR]
    ./src/app/dashboard/export/page.js [Server 
Component]

https://nextjs.org/docs/messages/module-not-fou
nd


./src/app/dashboard/export/page.js:8:1
Module not found: Can't resolve 
'@/lib/translations'
[0m [90m  6 |[39m [36mimport[39m { 
supabase } [36mfrom[39m 
[32m'@/lib/supabaseClient'[39m[33m;[39m
 [90m  7 |[39m [36mimport[39m { useAuth } 
[36mfrom[39m 
[32m'@/lib/AuthContext'[39m[33m;[39m
[31m[1m>[22m[39m[90m  8 |[39m 
[36mimport[39m { translations } 
[36mfrom[39m 
[32m'@/lib/translations'[39m[33m;[39m
 [90m    |[39m [31m[1m^[22m[39m[31m[1m^
[22m[39m[31m[1m^[22m[39m[31m[1m^[22m[
39m[31m[1m^[22m[39m[31m[1m^[22m[39m[31
m[1m^[22m[39m[31m[1m^[22m[39m[31m[1m^
[22m[39m[31m[1m^[22m[39m[31m[1m^[22m[3
9m[31m[1m^[22m[39m[31m[1m^[22m[39m[31m
[1m^[22m[39m[31m[1m^[22m[39m[31m[1m^[
22m[39m[31m[1m^[22m[39m[31m[1m^[22m[39
m[31m[1m^[22m[39m[31m[1m^[22m[39m[31m
[1m^[22m[39m[31m[1m^[22m[39m[31m[1m^[2
2m[39m[31m[1m^[22m[39m[31m[1m^[22m[39m
[31m[1m^[22m[39m[31m[1m^[22m[39m[31m[
1m^[22m[39m[31m[1m^[22m[39m[31m[1m^[22
m[39m[31m[1m^[22m[39m[31m[1m^[22m[39m
[31m[1m^[22m[39m[31m[1m^[22m[39m[31m[1
m^[22m[39m[31m[1m^[22m[39m[31m[1m^[22m
[39m[31m[1m^[22m[39m[31m[1m^[22m[39m[
31m[1m^[22m[39m[31m[1m^[22m[39m[31m[1m
^[22m[39m[31m[1m^[22m[39m[31m[1m^[22m
[39m[31m[1m^[22m[39m[31m[1m^[22m[39m[3
1m[1m^[22m[39m[31m[1m^[22m[39m[31m[1m^
[22m[39m[31m[1m^[22m[39m
 [90m  9 |[39m
 [90m 10 |[39m [36mexport[39m 
[36mdefault[39m [36mfunction[39m 
[33mExportPage[39m() {
 [90m 11 |[39m     [36mconst[39m { 
business[33m,[39m loading } [33m=[39m 
useAuth()[33m;[39m[0m



Import traces:
  Client Component Browser:
    ./src/app/dashboard/export/page.js [Client 
Component Browser]
    ./src/app/dashboard/export/page.js [Server 
Component]

  Client Component SSR:
    ./src/app/dashboard/export/page.js [Client 
Component SSR]
    ./src/app/dashboard/export/page.js [Server 
Component]

https://nextjs.org/docs/messages/module-not-fou
nd


./src/app/dashboard/loss-audit/page.js:10:1
Module not found: Can't resolve 
'@/lib/translations'
[0m [90m  8 |[39m [36mimport[39m { 
supabase } [36mfrom[39m 
[32m'@/lib/supabaseClient'[39m[33m;[39m
 [90m  9 |[39m [36mimport[39m { useAuth } 
[36mfrom[39m 
[32m'@/lib/AuthContext'[39m[33m;[39m
[31m[1m>[22m[39m[90m 10 |[39m 
[36mimport[39m { translations } 
[36mfrom[39m 
[32m'@/lib/translations'[39m[33m;[39m
 [90m    |[39m [31m[1m^[22m[39m[31m[1m^
[22m[39m[31m[1m^[22m[39m[31m[1m^[22m[
39m[31m[1m^[22m[39m[31m[1m^[22m[39m[31
m[1m^[22m[39m[31m[1m^[22m[39m[31m[1m^
[22m[39m[31m[1m^[22m[39m[31m[1m^[22m[3
9m[31m[1m^[22m[39m[31m[1m^[22m[39m[31m
[1m^[22m[39m[31m[1m^[22m[39m[31m[1m^[
22m[39m[31m[1m^[22m[39m[31m[1m^[22m[39
m[31m[1m^[22m[39m[31m[1m^[22m[39m[31m
[1m^[22m[39m[31m[1m^[22m[39m[31m[1m^[2
2m[39m[31m[1m^[22m[39m[31m[1m^[22m[39m
[31m[1m^[22m[39m[31m[1m^[22m[39m[31m[
1m^[22m[39m[31m[1m^[22m[39m[31m[1m^[22
m[39m[31m[1m^[22m[39m[31m[1m^[22m[39m
[31m[1m^[22m[39m[31m[1m^[22m[39m[31m[1
m^[22m[39m[31m[1m^[22m[39m[31m[1m^[22m
[39m[31m[1m^[22m[39m[31m[1m^[22m[39m[
31m[1m^[22m[39m[31m[1m^[22m[39m[31m[1m
^[22m[39m[31m[1m^[22m[39m[31m[1m^[22m
[39m[31m[1m^[22m[39m[31m[1m^[22m[39m[3
1m[1m^[22m[39m[31m[1m^[22m[39m[31m[1m^
[22m[39m[31m[1m^[22m[39m
 [90m 11 |[39m [36mexport[39m 
[36mdefault[39m [36mfunction[39m 
[33mLossAuditPage[39m() {
 [90m 12 |[39m   [36mconst[39m $ 
[33m=[39m _c([35m61[39m)[33m;[39m
 [90m 13 |[39m   [36mconst[39m {[0m



Import traces:
  Client Component Browser:
    ./src/app/dashboard/loss-audit/page.js 
[Client Component Browser]
    ./src/app/dashboard/loss-audit/page.js 
[Server Component]

  Client Component SSR:
    ./src/app/dashboard/loss-audit/page.js 
[Client Component SSR]
    ./src/app/dashboard/loss-audit/page.js 
[Server Component]

https://nextjs.org/docs/messages/module-not-fou
nd


./src/app/dashboard/loss-audit/page.js:8:1
Module not found: Can't resolve 
'@/lib/translations'
[0m [90m  6 |[39m [36mimport[39m { 
supabase } [36mfrom[39m 
[32m'@/lib/supabaseClient'[39m[33m;[39m
 [90m  7 |[39m [36mimport[39m { useAuth } 
[36mfrom[39m 
[32m'@/lib/AuthContext'[39m[33m;[39m
[31m[1m>[22m[39m[90m  8 |[39m 
[36mimport[39m { translations } 
[36mfrom[39m 
[32m'@/lib/translations'[39m[33m;[39m
 [90m    |[39m [31m[1m^[22m[39m[31m[1m^
[22m[39m[31m[1m^[22m[39m[31m[1m^[22m[
39m[31m[1m^[22m[39m[31m[1m^[22m[39m[31
m[1m^[22m[39m[31m[1m^[22m[39m[31m[1m^
[22m[39m[31m[1m^[22m[39m[31m[1m^[22m[3
9m[31m[1m^[22m[39m[31m[1m^[22m[39m[31m
[1m^[22m[39m[31m[1m^[22m[39m[31m[1m^[
22m[39m[31m[1m^[22m[39m[31m[1m^[22m[39
m[31m[1m^[22m[39m[31m[1m^[22m[39m[31m
[1m^[22m[39m[31m[1m^[22m[39m[31m[1m^[2
2m[39m[31m[1m^[22m[39m[31m[1m^[22m[39m
[31m[1m^[22m[39m[31m[1m^[22m[39m[31m[
1m^[22m[39m[31m[1m^[22m[39m[31m[1m^[22
m[39m[31m[1m^[22m[39m[31m[1m^[22m[39m
[31m[1m^[22m[39m[31m[1m^[22m[39m[31m[1
m^[22m[39m[31m[1m^[22m[39m[31m[1m^[22m
[39m[31m[1m^[22m[39m[31m[1m^[22m[39m[
31m[1m^[22m[39m[31m[1m^[22m[39m[31m[1m
^[22m[39m[31m[1m^[22m[39m[31m[1m^[22m
[39m[31m[1m^[22m[39m[31m[1m^[22m[39m[3
1m[1m^[22m[39m[31m[1m^[22m[39m[31m[1m^
[22m[39m[31m[1m^[22m[39m
 [90m  9 |[39m
 [90m 10 |[39m [36mexport[39m 
[36mdefault[39m [36mfunction[39m 
[33mLossAuditPage[39m() {
 [90m 11 |[39m     [36mconst[39m { 
business[33m,[39m loading } [33m=[39m 
useAuth()[33m;[39m[0m



Import traces:
  Client Component Browser:
    ./src/app/dashboard/loss-audit/page.js 
[Client Component Browser]
    ./src/app/dashboard/loss-audit/page.js 
[Server Component]

  Client Component SSR:
    ./src/app/dashboard/loss-audit/page.js 
[Client Component SSR]
    ./src/app/dashboard/loss-audit/page.js 
[Server Component]

https://nextjs.org/docs/messages/module-not-fou
nd


./src/app/dashboard/night-loss/page.js:10:1
Module not found: Can't resolve 
'@/lib/translations'
[0m [90m  8 |[39m [36mimport[39m { 
supabase } [36mfrom[39m 
[32m'@/lib/supabaseClient'[39m[33m;[39m
 [90m  9 |[39m [36mimport[39m { useAuth } 
[36mfrom[39m 
[32m'@/lib/AuthContext'[39m[33m;[39m
[31m[1m>[22m[39m[90m 10 |[39m 
[36mimport[39m { translations } 
[36mfrom[39m 
[32m'@/lib/translations'[39m[33m;[39m
 [90m    |[39m [31m[1m^[22m[39m[31m[1m^
[22m[39m[31m[1m^[22m[39m[31m[1m^[22m[
39m[31m[1m^[22m[39m[31m[1m^[22m[39m[31
m[1m^[22m[39m[31m[1m^[22m[39m[31m[1m^
[22m[39m[31m[1m^[22m[39m[31m[1m^[22m[3
9m[31m[1m^[22m[39m[31m[1m^[22m[39m[31m
[1m^[22m[39m[31m[1m^[22m[39m[31m[1m^[
22m[39m[31m[1m^[22m[39m[31m[1m^[22m[39
m[31m[1m^[22m[39m[31m[1m^[22m[39m[31m
[1m^[22m[39m[31m[1m^[22m[39m[31m[1m^[2
2m[39m[31m[1m^[22m[39m[31m[1m^[22m[39m
[31m[1m^[22m[39m[31m[1m^[22m[39m[31m[
1m^[22m[39m[31m[1m^[22m[39m[31m[1m^[22
m[39m[31m[1m^[22m[39m[31m[1m^[22m[39m
[31m[1m^[22m[39m[31m[1m^[22m[39m[31m[1
m^[22m[39m[31m[1m^[22m[39m[31m[1m^[22m
[39m[31m[1m^[22m[39m[31m[1m^[22m[39m[
31m[1m^[22m[39m[31m[1m^[22m[39m[31m[1m
^[22m[39m[31m[1m^[22m[39m[31m[1m^[22m
[39m[31m[1m^[22m[39m[31m[1m^[22m[39m[3
1m[1m^[22m[39m[31m[1m^[22m[39m[31m[1m^
[22m[39m[31m[1m^[22m[39m
 [90m 11 |[39m [36mexport[39m 
[36mdefault[39m [36mfunction[39m 
[33mNightLossPage[39m() {
 [90m 12 |[39m   [36mconst[39m $ 
[33m=[39m _c([35m59[39m)[33m;[39m
 [90m 13 |[39m   [36mconst[39m {[0m



Import traces:
  Client Component Browser:
    ./src/app/dashboard/night-loss/page.js 
[Client Component Browser]
    ./src/app/dashboard/night-loss/page.js 
[Server Component]

  Client Component SSR:
    ./src/app/dashboard/night-loss/page.js 
[Client Component SSR]
    ./src/app/dashboard/night-loss/page.js 
[Server Component]

https://nextjs.org/docs/messages/module-not-fou
nd


./src/app/dashboard/night-loss/page.js:8:1
Module not found: Can't resolve 
'@/lib/translations'
[0m [90m  6 |[39m [36mimport[39m { 
supabase } [36mfrom[39m 
[32m'@/lib/supabaseClient'[39m[33m;[39m
 [90m  7 |[39m [36mimport[39m { useAuth } 
[36mfrom[39m 
[32m'@/lib/AuthContext'[39m[33m;[39m
[31m[1m>[22m[39m[90m  8 |[39m 
[36mimport[39m { translations } 
[36mfrom[39m 
[32m'@/lib/translations'[39m[33m;[39m
 [90m    |[39m [31m[1m^[22m[39m[31m[1m^
[22m[39m[31m[1m^[22m[39m[31m[1m^[22m[
39m[31m[1m^[22m[39m[31m[1m^[22m[39m[31
m[1m^[22m[39m[31m[1m^[22m[39m[31m[1m^
[22m[39m[31m[1m^[22m[39m[31m[1m^[22m[3
9m[31m[1m^[22m[39m[31m[1m^[22m[39m[31m
[1m^[22m[39m[31m[1m^[22m[39m[31m[1m^[
22m[39m[31m[1m^[22m[39m[31m[1m^[22m[39
m[31m[1m^[22m[39m[31m[1m^[22m[39m[31m
[1m^[22m[39m[31m[1m^[22m[39m[31m[1m^[2
2m[39m[31m[1m^[22m[39m[31m[1m^[22m[39m
[31m[1m^[22m[39m[31m[1m^[22m[39m[31m[
1m^[22m[39m[31m[1m^[22m[39m[31m[1m^[22
m[39m[31m[1m^[22m[39m[31m[1m^[22m[39m
[31m[1m^[22m[39m[31m[1m^[22m[39m[31m[1
m^[22m[39m[31m[1m^[22m[39m[31m[1m^[22m
[39m[31m[1m^[22m[39m[31m[1m^[22m[39m[
31m[1m^[22m[39m[31m[1m^[22m[39m[31m[1m
^[22m[39m[31m[1m^[22m[39m[31m[1m^[22m
[39m[31m[1m^[22m[39m[31m[1m^[22m[39m[3
1m[1m^[22m[39m[31m[1m^[22m[39m[31m[1m^
[22m[39m[31m[1m^[22m[39m
 [90m  9 |[39m
 [90m 10 |[39m [36mexport[39m 
[36mdefault[39m [36mfunction[39m 
[33mNightLossPage[39m() {
 [90m 11 |[39m     [36mconst[39m { 
business[33m,[39m loading } [33m=[39m 
useAuth()[33m;[39m[0m



Import traces:
  Client Component Browser:
    ./src/app/dashboard/night-loss/page.js 
[Client Component Browser]
    ./src/app/dashboard/night-loss/page.js 
[Server Component]

  Client Component SSR:
    ./src/app/dashboard/night-loss/page.js 
[Client Component SSR]
    ./src/app/dashboard/night-loss/page.js 
[Server Component]

https://nextjs.org/docs/messages/module-not-fou
nd


./src/app/dashboard/visibility/page.js:10:1
Module not found: Can't resolve 
'@/lib/translations'
[0m [90m  8 |[39m [36mimport[39m { 
supabase } [36mfrom[39m 
[32m'@/lib/supabaseClient'[39m[33m;[39m
 [90m  9 |[39m [36mimport[39m { useAuth } 
[36mfrom[39m 
[32m'@/lib/AuthContext'[39m[33m;[39m
[31m[1m>[22m[39m[90m 10 |[39m 
[36mimport[39m { translations } 
[36mfrom[39m 
[32m'@/lib/translations'[39m[33m;[39m
 [90m    |[39m [31m[1m^[22m[39m[31m[1m^
[22m[39m[31m[1m^[22m[39m[31m[1m^[22m[
39m[31m[1m^[22m[39m[31m[1m^[22m[39m[31
m[1m^[22m[39m[31m[1m^[22m[39m[31m[1m^
[22m[39m[31m[1m^[22m[39m[31m[1m^[22m[3
9m[31m[1m^[22m[39m[31m[1m^[22m[39m[31m
[1m^[22m[39m[31m[1m^[22m[39m[31m[1m^[
22m[39m[31m[1m^[22m[39m[31m[1m^[22m[39
m[31m[1m^[22m[39m[31m[1m^[22m[39m[31m
[1m^[22m[39m[31m[1m^[22m[39m[31m[1m^[2
2m[39m[31m[1m^[22m[39m[31m[1m^[22m[39m
[31m[1m^[22m[39m[31m[1m^[22m[39m[31m[
1m^[22m[39m[31m[1m^[22m[39m[31m[1m^[22
m[39m[31m[1m^[22m[39m[31m[1m^[22m[39m
[31m[1m^[22m[39m[31m[1m^[22m[39m[31m[1
m^[22m[39m[31m[1m^[22m[39m[31m[1m^[22m
[39m[31m[1m^[22m[39m[31m[1m^[22m[39m[
31m[1m^[22m[39m[31m[1m^[22m[39m[31m[1m
^[22m[39m[31m[1m^[22m[39m[31m[1m^[22m
[39m[31m[1m^[22m[39m[31m[1m^[22m[39m[3
1m[1m^[22m[39m[31m[1m^[22m[39m[31m[1m^
[22m[39m[31m[1m^[22m[39m
 [90m 11 |[39m [36mconst[39m 
[33mSTATUS_COLORS[39m [33m=[39m {
 [90m 12 |[39m   
[33mDOMINANT[39m[33m:[39m {
 [90m 13 |[39m     bg[33m:[39m 
[32m'bg-neon-green/10'[39m[33m,[39m[0m



Import traces:
  Client Component Browser:
    ./src/app/dashboard/visibility/page.js 
[Client Component Browser]
    ./src/app/dashboard/visibility/page.js 
[Server Component]

  Client Component SSR:
    ./src/app/dashboard/visibility/page.js 
[Client Component SSR]
    ./src/app/dashboard/visibility/page.js 
[Server Component]

https://nextjs.org/docs/messages/module-not-fou
nd


./src/app/dashboard/visibility/page.js:8:1
Module not found: Can't resolve 
'@/lib/translations'
[0m [90m  6 |[39m [36mimport[39m { 
supabase } [36mfrom[39m 
[32m'@/lib/supabaseClient'[39m[33m;[39m
 [90m  7 |[39m [36mimport[39m { useAuth } 
[36mfrom[39m 
[32m'@/lib/AuthContext'[39m[33m;[39m
[31m[1m>[22m[39m[90m  8 |[39m 
[36mimport[39m { translations } 
[36mfrom[39m 
[32m'@/lib/translations'[39m[33m;[39m
 [90m    |[39m [31m[1m^[22m[39m[31m[1m^
[22m[39m[31m[1m^[22m[39m[31m[1m^[22m[
39m[31m[1m^[22m[39m[31m[1m^[22m[39m[31
m[1m^[22m[39m[31m[1m^[22m[39m[31m[1m^
[22m[39m[31m[1m^[22m[39m[31m[1m^[22m[3
9m[31m[1m^[22m[39m[31m[1m^[22m[39m[31m
[1m^[22m[39m[31m[1m^[22m[39m[31m[1m^[
22m[39m[31m[1m^[22m[39m[31m[1m^[22m[39
m[31m[1m^[22m[39m[31m[1m^[22m[39m[31m
[1m^[22m[39m[31m[1m^[22m[39m[31m[1m^[2
2m[39m[31m[1m^[22m[39m[31m[1m^[22m[39m
[31m[1m^[22m[39m[31m[1m^[22m[39m[31m[
1m^[22m[39m[31m[1m^[22m[39m[31m[1m^[22
m[39m[31m[1m^[22m[39m[31m[1m^[22m[39m
[31m[1m^[22m[39m[31m[1m^[22m[39m[31m[1
m^[22m[39m[31m[1m^[22m[39m[31m[1m^[22m
[39m[31m[1m^[22m[39m[31m[1m^[22m[39m[
31m[1m^[22m[39m[31m[1m^[22m[39m[31m[1m
^[22m[39m[31m[1m^[22m[39m[31m[1m^[22m
[39m[31m[1m^[22m[39m[31m[1m^[22m[39m[3
1m[1m^[22m[39m[31m[1m^[22m[39m[31m[1m^
[22m[39m[31m[1m^[22m[39m
 [90m  9 |[39m
 [90m 10 |[39m [36mconst[39m 
[33mSTATUS_COLORS[39m [33m=[39m {
 [90m 11 |[39m     
[33mDOMINANT[39m[33m:[39m { bg[33m:[39m 
[32m'bg-neon-green/10'[39m[33m,[39m 
border[33m:[39m 
[32m'border-neon-green/30'[39m[33m,[39m 
text[33m:[39m 
[32m'text-neon-green'[39m[33m,[39m 
fill[33m:[39m [32m'#39ff14'[39m 
}[33m,[39m[0m



Import traces:
  Client Component Browser:
    ./src/app/dashboard/visibility/page.js 
[Client Component Browser]
    ./src/app/dashboard/visibility/page.js 
[Server Component]

  Client Component SSR:
    ./src/app/dashboard/visibility/page.js 
[Client Component SSR]
    ./src/app/dashboard/visibility/page.js 
[Server Component]

https://nextjs.org/docs/messages/module-not-fou
nd


./src/app/page.js:8:1
Module not found: Can't resolve 
'@/lib/translations'
[0m [90m  6 |[39m [36mimport[39m 
[33mImage[39m [36mfrom[39m 
[32m'next/image'[39m[33m;[39m
 [90m  7 |[39m [36mimport[39m 
[33mIntakeWizard[39m [36mfrom[39m [32m'@/c
omponents/IntakeWizard'[39m[33m;[39m
[31m[1m>[22m[39m[90m  8 |[39m 
[36mimport[39m { translations } 
[36mfrom[39m 
[32m'@/lib/translations'[39m[33m;[39m
 [90m    |[39m [31m[1m^[22m[39m[31m[1m^
[22m[39m[31m[1m^[22m[39m[31m[1m^[22m[
39m[31m[1m^[22m[39m[31m[1m^[22m[39m[31
m[1m^[22m[39m[31m[1m^[22m[39m[31m[1m^
[22m[39m[31m[1m^[22m[39m[31m[1m^[22m[3
9m[31m[1m^[22m[39m[31m[1m^[22m[39m[31m
[1m^[22m[39m[31m[1m^[22m[39m[31m[1m^[
22m[39m[31m[1m^[22m[39m[31m[1m^[22m[39
m[31m[1m^[22m[39m[31m[1m^[22m[39m[31m
[1m^[22m[39m[31m[1m^[22m[39m[31m[1m^[2
2m[39m[31m[1m^[22m[39m[31m[1m^[22m[39m
[31m[1m^[22m[39m[31m[1m^[22m[39m[31m[
1m^[22m[39m[31m[1m^[22m[39m[31m[1m^[22
m[39m[31m[1m^[22m[39m[31m[1m^[22m[39m
[31m[1m^[22m[39m[31m[1m^[22m[39m[31m[1
m^[22m[39m[31m[1m^[22m[39m[31m[1m^[22m
[39m[31m[1m^[22m[39m[31m[1m^[22m[39m[
31m[1m^[22m[39m[31m[1m^[22m[39m[31m[1m
^[22m[39m[31m[1m^[22m[39m[31m[1m^[22m
[39m[31m[1m^[22m[39m[31m[1m^[22m[39m[3
1m[1m^[22m[39m[31m[1m^[22m[39m[31m[1m^
[22m[39m[31m[1m^[22m[39m
 [90m  9 |[39m
 [90m 10 |[39m [90m// Removed metadata 
export because this is now a client component 
again.[39m
 [90m 11 |[39m [90m// RootLayout already 
has default metadata.[39m[0m



Import traces:
  Client Component Browser:
    ./src/app/page.js [Client Component 
Browser]
    ./src/app/page.js [Server Component]

  Client Component SSR:
    ./src/app/page.js [Client Component SSR]
    ./src/app/page.js [Server Component]

https://nextjs.org/docs/messages/module-not-fou
nd


./src/app/page.js:6:1
Module not found: Can't resolve 
'@/lib/translations'
[0m [90m 4 |[39m [36mimport[39m 
[33mImage[39m [36mfrom[39m 
[32m'next/image'[39m[33m;[39m
 [90m 5 |[39m [36mimport[39m 
[33mIntakeWizard[39m [36mfrom[39m [32m'@/c
omponents/IntakeWizard'[39m[33m;[39m
[31m[1m>[22m[39m[90m 6 |[39m 
[36mimport[39m { translations } 
[36mfrom[39m 
[32m'@/lib/translations'[39m[33m;[39m
 [90m   |[39m [31m[1m^[22m[39m[31m[1m^
[22m[39m[31m[1m^[22m[39m[31m[1m^[22m[3
9m[31m[1m^[22m[39m[31m[1m^[22m[39m[31m
[1m^[22m[39m[31m[1m^[22m[39m[31m[1m^[
22m[39m[31m[1m^[22m[39m[31m[1m^[22m[39
m[31m[1m^[22m[39m[31m[1m^[22m[39m[31m
[1m^[22m[39m[31m[1m^[22m[39m[31m[1m^[2
2m[39m[31m[1m^[22m[39m[31m[1m^[22m[39m
[31m[1m^[22m[39m[31m[1m^[22m[39m[31m[
1m^[22m[39m[31m[1m^[22m[39m[31m[1m^[22
m[39m[31m[1m^[22m[39m[31m[1m^[22m[39m
[31m[1m^[22m[39m[31m[1m^[22m[39m[31m[1
m^[22m[39m[31m[1m^[22m[39m[31m[1m^[22m
[39m[31m[1m^[22m[39m[31m[1m^[22m[39m[
31m[1m^[22m[39m[31m[1m^[22m[39m[31m[1m
^[22m[39m[31m[1m^[22m[39m[31m[1m^[22m
[39m[31m[1m^[22m[39m[31m[1m^[22m[39m[3
1m[1m^[22m[39m[31m[1m^[22m[39m[31m[1m^
[22m[39m[31m[1m^[22m[39m[31m[1m^[22m[
39m[31m[1m^[22m[39m[31m[1m^[22m[39m[31
m[1m^[22m[39m[31m[1m^[22m[39m[31m[1m^
[22m[39m[31m[1m^[22m[39m
 [90m 7 |[39m
 [90m 8 |[39m [90m// Removed metadata 
export because this is now a client component 
again.[39m
 [90m 9 |[39m [90m// RootLayout already has 
default metadata.[39m[0m



Import traces:
  Client Component Browser:
    ./src/app/page.js [Client Component 
Browser]
    ./src/app/page.js [Server Component]

  Client Component SSR:
    ./src/app/page.js [Client Component SSR]
    ./src/app/page.js [Server Component]

https://nextjs.org/docs/messages/module-not-fou
nd


    at <unknown> 
(./src/app/dashboard/export/page.js:6:1)
    at <unknown> (https://nextjs.org/docs/messa
ges/module-not-found)
    at <unknown> 
(./src/app/dashboard/export/page.js:4:1)
    at <unknown> (https://nextjs.org/docs/messa
ges/module-not-found)
    at <unknown> 
(./src/app/dashboard/loss-audit/page.js:6:1)
    at <unknown> (https://nextjs.org/docs/messa
ges/module-not-found)
    at <unknown> 
(./src/app/dashboard/loss-audit/page.js:4:1)
    at <unknown> (https://nextjs.org/docs/messa
ges/module-not-found)
    at <unknown> 
(./src/app/dashboard/night-loss/page.js:6:1)
    at <unknown> (https://nextjs.org/docs/messa
ges/module-not-found)
    at <unknown> 
(./src/app/dashboard/night-loss/page.js:4:1)
    at <unknown> (https://nextjs.org/docs/messa
ges/module-not-found)
    at <unknown> 
(./src/app/dashboard/visibility/page.js:6:1)
    at <unknown> (https://nextjs.org/docs/messa
ges/module-not-found)
    at <unknown> 
(./src/app/dashboard/visibility/page.js:4:1)
    at <unknown> (https://nextjs.org/docs/messa
ges/module-not-found)
    at <unknown> (./src/app/page.js:7:1)
    at <unknown> (https://nextjs.org/docs/messa
ges/module-not-found)
    at <unknown> (./src/app/page.js:5:1)
    at <unknown> (https://nextjs.org/docs/messa
ges/module-not-found)
    at <unknown> 
(./src/app/dashboard/page.tsx:6:1)
    at <unknown> (https://nextjs.org/docs/messa
ges/module-not-found)
    at <unknown> 
(./src/app/dashboard/page.tsx:4:1)
    at <unknown> (https://nextjs.org/docs/messa
ges/module-not-found)
    at <unknown> 
(./src/app/dashboard/v2/page.tsx:4:1)
    at <unknown> (https://nextjs.org/docs/messa
ges/module-not-found)
    at <unknown> 
(./src/app/dashboard/page.tsx:2:1)
    at <unknown> (https://nextjs.org/docs/messa
ges/module-not-found)
    at <unknown> 
(./src/app/dashboard/v2/page.tsx:2:1)
    at <unknown> (https://nextjs.org/docs/messa
ges/module-not-found)
    at <unknown> 
(./src/app/dashboard/page.tsx:5:1)
    at <unknown> (https://nextjs.org/docs/messa
ges/module-not-found)
    at <unknown> 
(./src/app/dashboard/page.tsx:3:1)
    at <unknown> (https://nextjs.org/docs/messa
ges/module-not-found)
    at <unknown> 
(./src/app/dashboard/v2/page.tsx:3:1)
    at <unknown> (https://nextjs.org/docs/messa
ges/module-not-found)
    at <unknown> 
(./src/app/dashboard/export/page.js:9:1)
    at <unknown> (https://nextjs.org/docs/messa
ges/module-not-found)
    at <unknown> 
(./src/app/dashboard/export/page.js:7:1)
    at <unknown> (https://nextjs.org/docs/messa
ges/module-not-found)
    at <unknown> 
(./src/app/dashboard/loss-audit/page.js:9:1)
    at <unknown> (https://nextjs.org/docs/messa
ges/module-not-found)
    at <unknown> 
(./src/app/dashboard/loss-audit/page.js:7:1)
    at <unknown> (https://nextjs.org/docs/messa
ges/module-not-found)
    at <unknown> 
(./src/app/dashboard/night-loss/page.js:9:1)
    at <unknown> (https://nextjs.org/docs/messa
ges/module-not-found)
    at <unknown> 
(./src/app/dashboard/night-loss/page.js:7:1)
    at <unknown> (https://nextjs.org/docs/messa
ges/module-not-found)
    at <unknown> 
(./src/app/dashboard/visibility/page.js:9:1)
    at <unknown> (https://nextjs.org/docs/messa
ges/module-not-found)
    at <unknown> 
(./src/app/dashboard/visibility/page.js:7:1)
    at <unknown> (https://nextjs.org/docs/messa
ges/module-not-found)
    at <unknown> (./src/app/layout.js:14:1)
    at <unknown> (https://nextjs.org/docs/messa
ges/module-not-found)
    at <unknown> 
(./src/app/dashboard/export/page.js:7:1)
    at <unknown> (https://nextjs.org/docs/messa
ges/module-not-found)
    at <unknown> 
(./src/app/dashboard/export/page.js:5:1)
    at <unknown> (https://nextjs.org/docs/messa
ges/module-not-found)
    at <unknown> 
(./src/app/dashboard/loss-audit/page.js:7:1)
    at <unknown> (https://nextjs.org/docs/messa
ges/module-not-found)
    at <unknown> 
(./src/app/dashboard/loss-audit/page.js:5:1)
    at <unknown> (https://nextjs.org/docs/messa
ges/module-not-found)
    at <unknown> 
(./src/app/dashboard/night-loss/page.js:7:1)
    at <unknown> (https://nextjs.org/docs/messa
ges/module-not-found)
    at <unknown> 
(./src/app/dashboard/night-loss/page.js:5:1)
    at <unknown> (https://nextjs.org/docs/messa
ges/module-not-found)
    at <unknown> 
(./src/app/dashboard/visibility/page.js:7:1)
    at <unknown> (https://nextjs.org/docs/messa
ges/module-not-found)
    at <unknown> 
(./src/app/dashboard/visibility/page.js:5:1)
    at <unknown> (https://nextjs.org/docs/messa
ges/module-not-found)
    at <unknown> 
(./src/app/admin/dashboard/page.js:5:1)
    at <unknown> (https://nextjs.org/docs/messa
ges/module-not-found)
    at <unknown> 
(./src/app/admin/dashboard/page.js:4:1)
    at <unknown> (https://nextjs.org/docs/messa
ges/module-not-found)
    at <unknown> 
(./src/app/admin/login/page.js:5:1)
    at <unknown> (https://nextjs.org/docs/messa
ges/module-not-found)
    at <unknown> 
(./src/app/admin/login/page.js:4:1)
    at <unknown> (https://nextjs.org/docs/messa
ges/module-not-found)
    at <unknown> 
(./src/app/dashboard/export/page.js:8:1)
    at <unknown> (https://nextjs.org/docs/messa
ges/module-not-found)
    at <unknown> 
(./src/app/dashboard/export/page.js:6:1)
    at <unknown> (https://nextjs.org/docs/messa
ges/module-not-found)
    at <unknown> 
(./src/app/dashboard/loss-audit/page.js:8:1)
    at <unknown> (https://nextjs.org/docs/messa
ges/module-not-found)
    at <unknown> 
(./src/app/dashboard/loss-audit/page.js:6:1)
    at <unknown> (https://nextjs.org/docs/messa
ges/module-not-found)
    at <unknown> 
(./src/app/dashboard/night-loss/page.js:8:1)
    at <unknown> (https://nextjs.org/docs/messa
ges/module-not-found)
    at <unknown> 
(./src/app/dashboard/night-loss/page.js:6:1)
    at <unknown> (https://nextjs.org/docs/messa
ges/module-not-found)
    at <unknown> 
(./src/app/dashboard/visibility/page.js:8:1)
    at <unknown> (https://nextjs.org/docs/messa
ges/module-not-found)
    at <unknown> 
(./src/app/dashboard/visibility/page.js:6:1)
    at <unknown> (https://nextjs.org/docs/messa
ges/module-not-found)
    at <unknown> 
(./src/app/dashboard/export/page.js:10:1)
    at <unknown> (https://nextjs.org/docs/messa
ges/module-not-found)
    at <unknown> 
(./src/app/dashboard/export/page.js:8:1)
    at <unknown> (https://nextjs.org/docs/messa
ges/module-not-found)
    at <unknown> 
(./src/app/dashboard/loss-audit/page.js:10:1)
    at <unknown> (https://nextjs.org/docs/messa
ges/module-not-found)
    at <unknown> 
(./src/app/dashboard/loss-audit/page.js:8:1)
    at <unknown> (https://nextjs.org/docs/messa
ges/module-not-found)
    at <unknown> 
(./src/app/dashboard/night-loss/page.js:10:1)
    at <unknown> (https://nextjs.org/docs/messa
ges/module-not-found)
    at <unknown> 
(./src/app/dashboard/night-loss/page.js:8:1)
    at <unknown> (https://nextjs.org/docs/messa
ges/module-not-found)
    at <unknown> 
(./src/app/dashboard/visibility/page.js:10:1)
    at <unknown> (https://nextjs.org/docs/messa
ges/module-not-found)
    at <unknown> 
(./src/app/dashboard/visibility/page.js:8:1)
    at <unknown> (https://nextjs.org/docs/messa
ges/module-not-found)
    at <unknown> (./src/app/page.js:8:1)
    at <unknown> (https://nextjs.org/docs/messa
ges/module-not-found)
    at <unknown> (./src/app/page.js:6:1)
    at <unknown> (https://nextjs.org/docs/messa
ges/module-not-found)
